Archive member included to satisfy reference by file (symbol)

C:/ST/STM32CubeIDE_1.19.0/STM32CubeIDE/plugins/com.st.stm32cube.ide.mcu.externaltools.gnu-tools-for-stm32.13.3.rel1.win32_1.0.0.202411081344/tools/bin/../lib/gcc/arm-none-eabi/13.3.1/../../../../arm-none-eabi/lib/thumb/v7e-m+fp/hard\libc_nano.a(libc_a-exit.o)
                              C:/ST/STM32CubeIDE_1.19.0/STM32CubeIDE/plugins/com.st.stm32cube.ide.mcu.externaltools.gnu-tools-for-stm32.13.3.rel1.win32_1.0.0.202411081344/tools/bin/../lib/gcc/arm-none-eabi/13.3.1/../../../../arm-none-eabi/lib/thumb/v7e-m+fp/hard/crt0.o (exit)
C:/ST/STM32CubeIDE_1.19.0/STM32CubeIDE/plugins/com.st.stm32cube.ide.mcu.externaltools.gnu-tools-for-stm32.13.3.rel1.win32_1.0.0.202411081344/tools/bin/../lib/gcc/arm-none-eabi/13.3.1/../../../../arm-none-eabi/lib/thumb/v7e-m+fp/hard\libc_nano.a(libc_a-findfp.o)
                              C:/ST/STM32CubeIDE_1.19.0/STM32CubeIDE/plugins/com.st.stm32cube.ide.mcu.externaltools.gnu-tools-for-stm32.13.3.rel1.win32_1.0.0.202411081344/tools/bin/../lib/gcc/arm-none-eabi/13.3.1/../../../../arm-none-eabi/lib/thumb/v7e-m+fp/hard\libc_nano.a(libc_a-exit.o) (__stdio_exit_handler)
C:/ST/STM32CubeIDE_1.19.0/STM32CubeIDE/plugins/com.st.stm32cube.ide.mcu.externaltools.gnu-tools-for-stm32.13.3.rel1.win32_1.0.0.202411081344/tools/bin/../lib/gcc/arm-none-eabi/13.3.1/../../../../arm-none-eabi/lib/thumb/v7e-m+fp/hard\libc_nano.a(libc_a-fwalk.o)
                              C:/ST/STM32CubeIDE_1.19.0/STM32CubeIDE/plugins/com.st.stm32cube.ide.mcu.externaltools.gnu-tools-for-stm32.13.3.rel1.win32_1.0.0.202411081344/tools/bin/../lib/gcc/arm-none-eabi/13.3.1/../../../../arm-none-eabi/lib/thumb/v7e-m+fp/hard\libc_nano.a(libc_a-findfp.o) (_fwalk_sglue)
C:/ST/STM32CubeIDE_1.19.0/STM32CubeIDE/plugins/com.st.stm32cube.ide.mcu.externaltools.gnu-tools-for-stm32.13.3.rel1.win32_1.0.0.202411081344/tools/bin/../lib/gcc/arm-none-eabi/13.3.1/../../../../arm-none-eabi/lib/thumb/v7e-m+fp/hard\libc_nano.a(libc_a-stdio.o)
                              C:/ST/STM32CubeIDE_1.19.0/STM32CubeIDE/plugins/com.st.stm32cube.ide.mcu.externaltools.gnu-tools-for-stm32.13.3.rel1.win32_1.0.0.202411081344/tools/bin/../lib/gcc/arm-none-eabi/13.3.1/../../../../arm-none-eabi/lib/thumb/v7e-m+fp/hard\libc_nano.a(libc_a-findfp.o) (__sread)
C:/ST/STM32CubeIDE_1.19.0/STM32CubeIDE/plugins/com.st.stm32cube.ide.mcu.externaltools.gnu-tools-for-stm32.13.3.rel1.win32_1.0.0.202411081344/tools/bin/../lib/gcc/arm-none-eabi/13.3.1/../../../../arm-none-eabi/lib/thumb/v7e-m+fp/hard\libc_nano.a(libc_a-memset.o)
                              C:/ST/STM32CubeIDE_1.19.0/STM32CubeIDE/plugins/com.st.stm32cube.ide.mcu.externaltools.gnu-tools-for-stm32.13.3.rel1.win32_1.0.0.202411081344/tools/bin/../lib/gcc/arm-none-eabi/13.3.1/../../../../arm-none-eabi/lib/thumb/v7e-m+fp/hard/crt0.o (memset)
C:/ST/STM32CubeIDE_1.19.0/STM32CubeIDE/plugins/com.st.stm32cube.ide.mcu.externaltools.gnu-tools-for-stm32.13.3.rel1.win32_1.0.0.202411081344/tools/bin/../lib/gcc/arm-none-eabi/13.3.1/../../../../arm-none-eabi/lib/thumb/v7e-m+fp/hard\libc_nano.a(libc_a-closer.o)
                              C:/ST/STM32CubeIDE_1.19.0/STM32CubeIDE/plugins/com.st.stm32cube.ide.mcu.externaltools.gnu-tools-for-stm32.13.3.rel1.win32_1.0.0.202411081344/tools/bin/../lib/gcc/arm-none-eabi/13.3.1/../../../../arm-none-eabi/lib/thumb/v7e-m+fp/hard\libc_nano.a(libc_a-stdio.o) (_close_r)
C:/ST/STM32CubeIDE_1.19.0/STM32CubeIDE/plugins/com.st.stm32cube.ide.mcu.externaltools.gnu-tools-for-stm32.13.3.rel1.win32_1.0.0.202411081344/tools/bin/../lib/gcc/arm-none-eabi/13.3.1/../../../../arm-none-eabi/lib/thumb/v7e-m+fp/hard\libc_nano.a(libc_a-reent.o)
                              C:/ST/STM32CubeIDE_1.19.0/STM32CubeIDE/plugins/com.st.stm32cube.ide.mcu.externaltools.gnu-tools-for-stm32.13.3.rel1.win32_1.0.0.202411081344/tools/bin/../lib/gcc/arm-none-eabi/13.3.1/../../../../arm-none-eabi/lib/thumb/v7e-m+fp/hard\libc_nano.a(libc_a-closer.o) (errno)
C:/ST/STM32CubeIDE_1.19.0/STM32CubeIDE/plugins/com.st.stm32cube.ide.mcu.externaltools.gnu-tools-for-stm32.13.3.rel1.win32_1.0.0.202411081344/tools/bin/../lib/gcc/arm-none-eabi/13.3.1/../../../../arm-none-eabi/lib/thumb/v7e-m+fp/hard\libc_nano.a(libc_a-impure.o)
                              C:/ST/STM32CubeIDE_1.19.0/STM32CubeIDE/plugins/com.st.stm32cube.ide.mcu.externaltools.gnu-tools-for-stm32.13.3.rel1.win32_1.0.0.202411081344/tools/bin/../lib/gcc/arm-none-eabi/13.3.1/../../../../arm-none-eabi/lib/thumb/v7e-m+fp/hard\libc_nano.a(libc_a-reent.o) (_impure_ptr)
C:/ST/STM32CubeIDE_1.19.0/STM32CubeIDE/plugins/com.st.stm32cube.ide.mcu.externaltools.gnu-tools-for-stm32.13.3.rel1.win32_1.0.0.202411081344/tools/bin/../lib/gcc/arm-none-eabi/13.3.1/../../../../arm-none-eabi/lib/thumb/v7e-m+fp/hard\libc_nano.a(libc_a-lseekr.o)
[...]
Memory Configuration

Name             Origin             Length             Attributes
CCMRAM           0x10000000         0x00010000         xrw
RAM              0x20000000         0x00020000         xrw
FLASH            0x08000000         0x00100000         xr
*default*        0x00000000         0xffffffff

Linker script and memory map

LOAD C:/ST/STM32CubeIDE_1.19.0/STM32CubeIDE/plugins/com.st.stm32cube.ide.mcu.externaltools.gnu-tools-for-stm32.13.3.rel1.win32_1.0.0.202411081344/tools/bin/../lib/gcc/arm-none-eabi/13.3.1/thumb/v7e-m+fp/hard/crti.o
LOAD C:/ST/STM32CubeIDE_1.19.0/STM32CubeIDE/plugins/com.st.stm32cube.ide.mcu.externaltools.gnu-tools-for-stm32.13.3.rel1.win32_1.0.0.202411081344/tools/bin/../lib/gcc/arm-none-eabi/13.3.1/thumb/v7e-m+fp/hard/crtbegin.o
LOAD C:/ST/STM32CubeIDE_1.19.0/STM32CubeIDE/plugins/com.st.stm32cube.ide.mcu.externaltools.gnu-tools-for-stm32.13.3.rel1.win32_1.0.0.202411081344/tools/bin/../lib/gcc/arm-none-eabi/13.3.1/../../../../arm-none-eabi/lib/thumb/v7e-m+fp/hard/crt0.o
LOAD ./Core/Src/abc_to_dq.o
LOAD ./Core/Src/adc_readings.o
LOAD ./Core/Src/averageCalculations.o
LOAD ./Core/Src/counters.o
LOAD ./Core/Src/currentController.o
LOAD ./Core/Src/diagnostics.o
LOAD ./Core/Src/dq_to_pwm.o
LOAD ./Core/Src/input.o
LOAD ./Core/Src/main.o
LOAD ./Core/Src/pll.o
LOAD ./Core/Src/pll_lock.o
LOAD ./Core/Src/rmsCalculations.o
LOAD ./Core/Src/stateControl.o
LOAD ./Core/Src/stm32f4xx_hal_msp.o
LOAD ./Core/Src/stm32f4xx_it.o
LOAD ./Core/Src/syscalls.o
LOAD ./Core/Src/sysmem.o
LOAD ./Core/Src/system_stm32f4xx.o
LOAD ./Core/Src/test.o
LOAD ./Core/Src/variables.o
LOAD ./Core/Src/voltageController.o
LOAD ./Core/Startup/startup_stm32f407vgtx.o
LOAD ./Drivers/STM32F4xx_HAL_Driver/Src/stm32f4xx_hal.o
LOAD ./Drivers/STM32F4xx_HAL_Driver/Src/stm32f4xx_hal_adc.o
LOAD ./Drivers/STM32F4xx_HAL_Driver/Src/stm32f4xx_hal_adc_ex.o
LOAD ./Drivers/STM32F4xx_HAL_Driver/Src/stm32f4xx_hal_cortex.o
LOAD ./Drivers/STM32F4xx_HAL_Driver/Src/stm32f4xx_hal_dac.o
LOAD ./Drivers/STM32F4xx_HAL_Driver/Src/stm32f4xx_hal_dac_ex.o
LOAD ./Drivers/STM32F4xx_HAL_Driver/Src/stm32f4xx_hal_dma.o
LOAD ./Drivers/STM32F4xx_HAL_Driver/Src/stm32f4xx_hal_dma_ex.o
LOAD ./Drivers/STM32F4xx_HAL_Driver/Src/stm32f4xx_hal_exti.o
LOAD ./Drivers/STM32F4xx_HAL_Driver/Src/stm32f4xx_hal_flash.o
LOAD ./Drivers/STM32F4xx_HAL_Driver/Src/stm32f4xx_hal_flash_ex.o
LOAD ./Drivers/STM32F4xx_HAL_Driver/Src/stm32f4xx_hal_flash_ramfunc.o
LOAD ./Drivers/STM32F4xx_HAL_Driver/Src/stm32f4xx_hal_gpio.o
LOAD ./Drivers/STM32F4xx_HAL_Driver/Src/stm32f4xx_hal_pwr.o
LOAD ./Drivers/STM32F4xx_HAL_Driver/Src/stm32f4xx_hal_pwr_ex.o
LOAD ./Drivers/STM32F4xx_HAL_Driver/Src/stm32f4xx_hal_rcc.o
LOAD ./Drivers/STM32F4xx_HAL_Driver/Src/stm32f4xx_hal_rcc_ex.o
LOAD ./Drivers/STM32F4xx_HAL_Driver/Src/stm32f4xx_hal_tim.o
LOAD ./Drivers/STM32F4xx_HAL_Driver/Src/stm32f4xx_hal_tim_ex.o
LOAD ./Drivers/STM32F4xx_HAL_Driver/Src/stm32f4xx_ll_adc.o
START GROUP
LOAD C:/ST/STM32CubeIDE_1.19.0/STM32CubeIDE/plugins/com.st.stm32cube.ide.mcu.externaltools.gnu-tools-for-stm32.13.3.rel1.win32_1.0.0.202411081344/tools/bin/../lib/gcc/arm-none-eabi/13.3.1/../../../../arm-none-eabi/lib/thumb/v7e-m+fp/hard\libc_nano.a
LOAD C:/ST/STM32CubeIDE_1.19.0/STM32CubeIDE/plugins/com.st.stm32cube.ide.mcu.externaltools.gnu-tools-for-stm32.13.3.rel1.win32_1.0.0.202411081344/tools/bin/../lib/gcc/arm-none-eabi/13.3.1/../../../../arm-none-eabi/lib/thumb/v7e-m+fp/hard\libm.a
END GROUP
START GROUP
LOAD C:/ST/STM32CubeIDE_1.19.0/STM32CubeIDE/plugins/com.st.stm32cube.ide.mcu.externaltools.gnu-tools-for-stm32.13.3.rel1.win32_1.0.0.202411081344/tools/bin/../lib/gcc/arm-none-eabi/13.3.1/thumb/v7e-m+fp/hard\libgcc.a
LOAD C:/ST/STM32CubeIDE_1.19.0/STM32CubeIDE/plugins/com.st.stm32cube.ide.mcu.externaltools.gnu-tools-for-stm32.13.3.rel1.win32_1.0.0.202411081344/tools/bin/../lib/gcc/arm-none-eabi/13.3.1/../../../../arm-none-eabi/lib/thumb/v7e-m+fp/hard\libc_nano.a
END GROUP
START GROUP
LOAD C:/ST/STM32CubeIDE_1.19.0/STM32CubeIDE/plugins/com.st.stm32cube.ide.mcu.externaltools.gnu-tools-for-stm32.13.3.rel1.win32_1.0.0.202411081344/tools/bin/../lib/gcc/arm-none-eabi/13.3.1/thumb/v7e-m+fp/hard\libgcc.a
LOAD C:/ST/STM32CubeIDE_1.19.0/STM32CubeIDE/plugins/com.st.stm32cube.ide.mcu.externaltools.gnu-tools-for-stm32.13.3.rel1.win32_1.0.0.202411081344/tools/bin/../lib/gcc/arm-none-eabi/13.3.1/../../../../arm-none-eabi/lib/thumb/v7e-m+fp/hard\libc_nano.a
LOAD C:/ST/STM32CubeIDE_1.19.0/STM32CubeIDE/plugins/com.st.stm32cube.ide.mcu.externaltools.gnu-tools-for-stm32.13.3.rel1.win32_1.0.0.202411081344/tools/bin/../lib/gcc/arm-none-eabi/13.3.1/../../../../arm-none-eabi/lib/thumb/v7e-m+fp/hard\libnosys.a
END GROUP
START GROUP
LOAD C:/ST/STM32CubeIDE_1.19.0/STM32CubeIDE/plugins/com.st.stm32cube.ide.mcu.externaltools.gnu-tools-for-stm32.13.3.rel1.win32_1.0.0.202411081344/tools/bin/../lib/gcc/arm-none-eabi/13.3.1/thumb/v7e-m+fp/hard\libgcc.a
LOAD C:/ST/STM32CubeIDE_1.19.0/STM32CubeIDE/plugins/com.st.stm32cube.ide.mcu.externaltools.gnu-tools-for-stm32.13.3.rel1.win32_1.0.0.202411081344/tools/bin/../lib/gcc/arm-none-eabi/13.3.1/../../../../arm-none-eabi/lib/thumb/v7e-m+fp/hard\libc_nano.a
LOAD C:/ST/STM32CubeIDE_1.19.0/STM32CubeIDE/plugins/com.st.stm32cube.ide.mcu.externaltools.gnu-tools-for-stm32.13.3.rel1.win32_1.0.0.202411081344/tools/bin/../lib/gcc/arm-none-eabi/13.3.1/../../../../arm-none-eabi/lib/thumb/v7e-m+fp/hard\libnosys.a
END GROUP
LOAD C:/ST/STM32CubeIDE_1.19.0/STM32CubeIDE/plugins/com.st.stm32cube.ide.mcu.externaltools.gnu-tools-for-stm32.13.3.rel1.win32_1.0.0.202411081344/tools/bin/../lib/gcc/arm-none-eabi/13.3.1/thumb/v7e-m+fp/hard/crtend.o
LOAD C:/ST/STM32CubeIDE_1.19.0/STM32CubeIDE/plugins/com.st.stm32cube.ide.mcu.externaltools.gnu-tools-for-stm32.13.3.rel1.win32_1.0.0.202411081344/tools/bin/../lib/gcc/arm-none-eabi/13.3.1/thumb/v7e-m+fp/hard/crtn.o
                0x20020000                        _estack = (ORIGIN (RAM) + LENGTH (RAM))
                0x00000200                        _Min_Heap_Size = 0x200
                0x00000400                        _Min_Stack_Size = 0x400

.isr_vector     0x08000000      0x188
                0x08000000                        . = ALIGN (0x4)
 *(.isr_vector)
 .isr_vector    0x08000000      0x188 ./Core/Startup/startup_stm32f407vgtx.o
                0x08000000                g_pfnVectors
                0x08000188                        . = ALIGN (0x4)

.text           0x08000188     0x7154
                0x08000188                        . = ALIGN (0x4)
 *(.text)
 .text          0x08000188       0x40 C:/ST/STM32CubeIDE_1.19.0/STM32CubeIDE/plugins/com.st.stm32cube.ide.mcu.externaltools.gnu-tools-for-stm32.13.3.rel1.win32_1.0.0.202411081344/tools/bin/../lib/gcc/arm-none-eabi/13.3.1/thumb/v7e-m+fp/hard/crtbegin.o
 .text          0x080001c8      0x378 C:/ST/STM32CubeIDE_1.19.0/STM32CubeIDE/plugins/com.st.stm32cube.ide.mcu.externaltools.gnu-tools-for-stm32.13.3.rel1.win32_1.0.0.202411081344/tools/bin/../lib/gcc/arm-none-eabi/13.3.1/thumb/v7e-m+fp/hard\libgcc.a(_arm_addsubdf3.o)
                0x080001c8                __aeabi_drsub
                0x080001d0                __aeabi_dsub
                0x080001d0                __subdf3
                0x080001d4                __aeabi_dadd
                0x080001d4                __adddf3
                0x0800044c                __floatunsidf
                0x0800044c                __aeabi_ui2d
                0x0800046c                __floatsidf
                0x0800046c                __aeabi_i2d
                0x08000490                __aeabi_f2d
                0x08000490                __extendsfdf2
                0x080004d4                __floatundidf
                0x080004d4                __aeabi_ul2d
                0x080004e4                __floatdidf
                0x080004e4                __aeabi_l2d
 .text          0x08000540      0x110 C:/ST/STM32CubeIDE_1.19.0/STM32CubeIDE/plugins/com.st.stm32cube.ide.mcu.externaltools.gnu-tools-for-stm32.13.3.rel1.win32_1.0.0.202411081344/tools/bin/../lib/gcc/arm-none-eabi/13.3.1/thumb/v7e-m+fp/hard\libgcc.a(_arm_cmpdf2.o)
                0x08000540                __gtdf2
                0x08000540                __gedf2
                0x08000548                __ltdf2
                0x08000548                __ledf2
                0x08000550                __nedf2
                0x08000550                __eqdf2
                0x08000550                __cmpdf2
                0x080005cc                __aeabi_cdrcmple
                0x080005dc                __aeabi_cdcmpeq
                0x080005dc                __aeabi_cdcmple
                0x080005ec                __aeabi_dcmpeq
                0x08000600                __aeabi_dcmplt
                0x08000614                __aeabi_dcmple
                0x08000628                __aeabi_dcmpge
                0x0800063c                __aeabi_dcmpgt
 .text          0x08000650       0xa0 C:/ST/STM32CubeIDE_1.19.0/STM32CubeIDE/plugins/com.st.stm32cube.ide.mcu.externaltools.gnu-tools-for-stm32.13.3.rel1.win32_1.0.0.202411081344/tools/bin/../lib/gcc/arm-none-eabi/13.3.1/thumb/v7e-m+fp/hard\libgcc.a(_arm_truncdfsf2.o)
                0x08000650                __truncdfsf2
                0x08000650                __aeabi_d2f
 .text          0x080006f0       0x30 C:/ST/STM32CubeIDE_1.19.0/STM32CubeIDE/plugins/com.st.stm32cube.ide.mcu.externaltools.gnu-tools-for-stm32.13.3.rel1.win32_1.0.0.202411081344/tools/bin/../lib/gcc/arm-none-eabi/13.3.1/thumb/v7e-m+fp/hard\libgcc.a(_aeabi_uldivmod.o)
                0x080006f0                __aeabi_uldivmod
 .text          0x08000720      0x2f8 C:/ST/STM32CubeIDE_1.19.0/STM32CubeIDE/plugins/com.st.stm32cube.ide.mcu.externaltools.gnu-tools-for-stm32.13.3.rel1.win32_1.0.0.202411081344/tools/bin/../lib/gcc/arm-none-eabi/13.3.1/thumb/v7e-m+fp/hard\libgcc.a(_udivmoddi4.o)
                0x08000720                __udivmoddi4
 .text          0x08000a18        0x4 C:/ST/STM32CubeIDE_1.19.0/STM32CubeIDE/plugins/com.st.stm32cube.ide.mcu.externaltools.gnu-tools-for-stm32.13.3.rel1.win32_1.0.0.202411081344/tools/bin/../lib/gcc/arm-none-eabi/13.3.1/thumb/v7e-m+fp/hard\libgcc.a(_dvmd_tls.o)
                0x08000a18                __aeabi_idiv0
                0x08000a18                __aeabi_ldiv0
 *(.text*)
 .text.abc_to_dq
                0x08000a1c      0x100 ./Core/Src/abc_to_dq.o
                0x08000a1c                abc_to_dq
 .text.adcReadings
                0x08000b1c      0x2d0 ./Core/Src/adc_readings.o
                0x08000b1c                adcReadings
 .text.average_calculation_to_be_placed_in_interrupt
                0x08000dec       0xcc ./Core/Src/averageCalculations.o
                0x08000dec                average_calculation_to_be_placed_in_interrupt
 .text.avg_calculation_to_be_placed_in_while_loop
                0x08000eb8       0x78 ./Core/Src/averageCalculations.o
                0x08000eb8                avg_calculation_to_be_placed_in_while_loop
 .text.Counters
                0x08000f30       0x68 ./Core/Src/counters.o
                0x08000f30                Counters
 .text.inverterOff
                0x08000f98        0xe ./Core/Src/counters.o
                0x08000f98                inverterOff
 *fill*         0x08000fa6        0x2 
 .text.currentControlTriggered
                0x08000fa8      0x23c ./Core/Src/currentController.o
                0x08000fa8                currentControlTriggered
 .text.instantaneousDiagnostics
                0x080011e4      0x1f8 ./Core/Src/diagnostics.o
                0x080011e4                instantaneousDiagnostics
 .text.rmsDiagnostics
                0x080013dc      0x168 ./Core/Src/diagnostics.o
                0x080013dc                rmsDiagnostics
 .text.averageDiagnostics
                0x08001544       0xb8 ./Core/Src/diagnostics.o
                0x08001544                averageDiagnostics
 .text.dq_to_abc
                0x080015fc      0x2a4 ./Core/Src/dq_to_pwm.o
                0x080015fc                dq_to_abc
 .text.main     0x080018a0       0x94 ./Core/Src/main.o
                0x080018a0                main
 .text.SystemClock_Config
                0x08001934       0xd4 ./Core/Src/main.o
                0x08001934                SystemClock_Config
 .text.MX_ADC1_Init
                0x08001a08      0x168 ./Core/Src/main.o
 .text.MX_DAC_Init
                0x08001b70       0x68 ./Core/Src/main.o
 .text.MX_TIM2_Init
                0x08001bd8       0x98 ./Core/Src/main.o
 .text.MX_TIM3_Init
                0x08001c70       0xa0 ./Core/Src/main.o
 .text.MX_TIM8_Init
                0x08001d10      0x174 ./Core/Src/main.o
 .text.MX_DMA_Init
                0x08001e84       0x40 ./Core/Src/main.o
 .text.MX_GPIO_Init
                0x08001ec4       0x6c ./Core/Src/main.o
 .text.HAL_TIM_PeriodElapsedCallback
                0x08001f30       0x1c ./Core/Src/main.o
                0x08001f30                HAL_TIM_PeriodElapsedCallback
 .text.Error_Handler
                0x08001f4c        0xc ./Core/Src/main.o
                0x08001f4c                Error_Handler
 .text.PLL      0x08001f58      0x390 ./Core/Src/pll.o
                0x08001f58                PLL
 .text.check_if_PLL_locked
                0x080022e8       0x74 ./Core/Src/pll_lock.o
                0x080022e8                check_if_PLL_locked
 .text.rms_calculation_to_be_placed_in_interrupt
                0x0800235c      0x1a8 ./Core/Src/rmsCalculations.o
                0x0800235c                rms_calculation_to_be_placed_in_interrupt
 .text.rms_calculation_to_be_placed_in_while_loop
                0x08002504      0x17c ./Core/Src/rmsCalculations.o
                0x08002504                rms_calculation_to_be_placed_in_while_loop
 .text.stateControl
                0x08002680       0x38 ./Core/Src/stateControl.o
                0x08002680                stateControl
 .text.state0_Control_Code
                0x080026b8      0x2a8 ./Core/Src/stateControl.o
                0x080026b8                state0_Control_Code
 .text.state1_Control_Code
                0x08002960       0x70 ./Core/Src/stateControl.o
                0x08002960                state1_Control_Code
 .text.HAL_MspInit
                0x080029d0       0x50 ./Core/Src/stm32f4xx_hal_msp.o
                0x080029d0                HAL_MspInit
 .text.HAL_ADC_MspInit
                0x08002a20      0x174 ./Core/Src/stm32f4xx_hal_msp.o
                0x08002a20                HAL_ADC_MspInit
 .text.HAL_DAC_MspInit
                0x08002b94       0x98 ./Core/Src/stm32f4xx_hal_msp.o
                0x08002b94                HAL_DAC_MspInit
 .text.HAL_TIM_Base_MspInit
                0x08002c2c       0xe4 ./Core/Src/stm32f4xx_hal_msp.o
                0x08002c2c                HAL_TIM_Base_MspInit
 .text.HAL_TIM_MspPostInit
                0x08002d10       0xf8 ./Core/Src/stm32f4xx_hal_msp.o
                0x08002d10                HAL_TIM_MspPostInit
 .text.NMI_Handler
                0x08002e08        0x8 ./Core/Src/stm32f4xx_it.o
                0x08002e08                NMI_Handler
 .text.HardFault_Handler
                0x08002e10        0x8 ./Core/Src/stm32f4xx_it.o
                0x08002e10                HardFault_Handler
 .text.MemManage_Handler
                0x08002e18        0x8 ./Core/Src/stm32f4xx_it.o
                0x08002e18                MemManage_Handler
 .text.BusFault_Handler
                0x08002e20        0x8 ./Core/Src/stm32f4xx_it.o
                0x08002e20                BusFault_Handler
 .text.UsageFault_Handler
                0x08002e28        0x8 ./Core/Src/stm32f4xx_it.o
                0x08002e28                UsageFault_Handler
 .text.SVC_Handler
                0x08002e30        0xe ./Core/Src/stm32f4xx_it.o
                0x08002e30                SVC_Handler
 .text.DebugMon_Handler
                0x08002e3e        0xe ./Core/Src/stm32f4xx_it.o
                0x08002e3e                DebugMon_Handler
 .text.PendSV_Handler
                0x08002e4c        0xe ./Core/Src/stm32f4xx_it.o
                0x08002e4c                PendSV_Handler
 .text.SysTick_Handler
                0x08002e5a        0xc ./Core/Src/stm32f4xx_it.o
                0x08002e5a                SysTick_Handler
 *fill*         0x08002e66        0x2 
 .text.ADC_IRQHandler
                0x08002e68       0x14 ./Core/Src/stm32f4xx_it.o
                0x08002e68                ADC_IRQHandler
 .text.TIM2_IRQHandler
                0x08002e7c       0x14 ./Core/Src/stm32f4xx_it.o
                0x08002e7c                TIM2_IRQHandler
 .text.TIM3_IRQHandler
                0x08002e90      0x19c ./Core/Src/stm32f4xx_it.o
                0x08002e90                TIM3_IRQHandler
 .text.TIM8_UP_TIM13_IRQHandler
                0x0800302c       0x40 ./Core/Src/stm32f4xx_it.o
                0x0800302c                TIM8_UP_TIM13_IRQHandler
 .text.TIM8_TRG_COM_TIM14_IRQHandler
                0x0800306c       0x14 ./Core/Src/stm32f4xx_it.o
                0x0800306c                TIM8_TRG_COM_TIM14_IRQHandler
 .text.TIM8_CC_IRQHandler
                0x08003080       0x14 ./Core/Src/stm32f4xx_it.o
                0x08003080                TIM8_CC_IRQHandler
 .text.TIM6_DAC_IRQHandler
                0x08003094       0x14 ./Core/Src/stm32f4xx_it.o
                0x08003094                TIM6_DAC_IRQHandler
 .text.DMA2_Stream0_IRQHandler
                0x080030a8       0x14 ./Core/Src/stm32f4xx_it.o
                0x080030a8                DMA2_Stream0_IRQHandler
 .text.SystemInit
                0x080030bc       0x24 ./Core/Src/system_stm32f4xx.o
                0x080030bc                SystemInit
 .text.voltageController
                0x080030e0      0x124 ./Core/Src/voltageController.o
                0x080030e0                voltageController
 .text.Reset_Handler
                0x08003204       0x50 ./Core/Startup/startup_stm32f407vgtx.o
                0x08003204                Reset_Handler
 .text.Default_Handler
                0x08003254        0x2 ./Core/Startup/startup_stm32f407vgtx.o
                0x08003254                RTC_Alarm_IRQHandler
                0x08003254                HASH_RNG_IRQHandler
                0x08003254                EXTI2_IRQHandler
                0x08003254                TIM1_CC_IRQHandler
                0x08003254                DMA2_Stream5_IRQHandler
                0x08003254                DMA1_Stream5_IRQHandler
                0x08003254                PVD_IRQHandler
                0x08003254                SDIO_IRQHandler
                0x08003254                TAMP_STAMP_IRQHandler
                0x08003254                CAN2_RX1_IRQHandler
                0x08003254                EXTI3_IRQHandler
                0x08003254                TIM1_UP_TIM10_IRQHandler
                0x08003254                I2C3_ER_IRQHandler
                0x08003254                EXTI0_IRQHandler
                0x08003254                I2C2_EV_IRQHandler
                0x08003254                DMA1_Stream2_IRQHandler
                0x08003254                CAN1_RX0_IRQHandler
                0x08003254                FPU_IRQHandler
                0x08003254                OTG_HS_WKUP_IRQHandler
                0x08003254                CAN2_SCE_IRQHandler
                0x08003254                DMA2_Stream2_IRQHandler
                0x08003254                SPI1_IRQHandler
                0x08003254                TIM1_BRK_TIM9_IRQHandler
                0x08003254                DCMI_IRQHandler
                0x08003254                CAN2_RX0_IRQHandler
                0x08003254                DMA2_Stream3_IRQHandler
                0x08003254                USART6_IRQHandler
                0x08003254                USART3_IRQHandler
                0x08003254                CAN1_RX1_IRQHandler
                0x08003254                UART5_IRQHandler
                0x08003254                TIM4_IRQHandler
                0x08003254                I2C1_EV_IRQHandler
                0x08003254                DMA1_Stream6_IRQHandler
                0x08003254                DMA1_Stream1_IRQHandler
                0x08003254                UART4_IRQHandler
                0x08003254                RCC_IRQHandler
                0x08003254                TIM8_BRK_TIM12_IRQHandler
                0x08003254                Default_Handler
                0x08003254                EXTI15_10_IRQHandler
                0x08003254                DMA1_Stream7_IRQHandler
                0x08003254                TIM7_IRQHandler
                0x08003254                CAN2_TX_IRQHandler
                0x08003254                TIM5_IRQHandler
                0x08003254                DMA2_Stream7_IRQHandler
                0x08003254                I2C3_EV_IRQHandler
                0x08003254                EXTI9_5_IRQHandler
                0x08003254                RTC_WKUP_IRQHandler
                0x08003254                ETH_WKUP_IRQHandler
                0x08003254                SPI2_IRQHandler
                0x08003254                OTG_HS_EP1_IN_IRQHandler
                0x08003254                DMA1_Stream0_IRQHandler
                0x08003254                CAN1_TX_IRQHandler
                0x08003254                EXTI4_IRQHandler
                0x08003254                FSMC_IRQHandler
                0x08003254                ETH_IRQHandler
                0x08003254                OTG_HS_EP1_OUT_IRQHandler
                0x08003254                WWDG_IRQHandler
                0x08003254                OTG_FS_WKUP_IRQHandler
                0x08003254                TIM1_TRG_COM_TIM11_IRQHandler
                0x08003254                OTG_HS_IRQHandler
                0x08003254                EXTI1_IRQHandler
                0x08003254                USART2_IRQHandler
                0x08003254                I2C2_ER_IRQHandler
                0x08003254                DMA2_Stream1_IRQHandler
                0x08003254                CAN1_SCE_IRQHandler
                0x08003254                FLASH_IRQHandler
                0x08003254                DMA2_Stream4_IRQHandler
                0x08003254                USART1_IRQHandler
                0x08003254                OTG_FS_IRQHandler
                0x08003254                SPI3_IRQHandler
                0x08003254                DMA1_Stream4_IRQHandler
                0x08003254                I2C1_ER_IRQHandler
                0x08003254                DMA2_Stream6_IRQHandler
                0x08003254                DMA1_Stream3_IRQHandler
 *fill*         0x08003256        0x2 
 .text.HAL_Init
                0x08003258       0x44 ./Drivers/STM32F4xx_HAL_Driver/Src/stm32f4xx_hal.o
                0x08003258                HAL_Init
 .text.HAL_InitTick
                0x0800329c       0x60 ./Drivers/STM32F4xx_HAL_Driver/Src/stm32f4xx_hal.o
                0x0800329c                HAL_InitTick
 .text.HAL_IncTick
                0x080032fc       0x28 ./Drivers/STM32F4xx_HAL_Driver/Src/stm32f4xx_hal.o
                0x080032fc                HAL_IncTick
 .text.HAL_GetTick
                0x08003324       0x18 ./Drivers/STM32F4xx_HAL_Driver/Src/stm32f4xx_hal.o
                0x08003324                HAL_GetTick
 .text.HAL_ADC_Init
                0x0800333c       0x86 ./Drivers/STM32F4xx_HAL_Driver/Src/stm32f4xx_hal_adc.o
                0x0800333c                HAL_ADC_Init
 .text.HAL_ADC_IRQHandler
                0x080033c2      0x220 ./Drivers/STM32F4xx_HAL_Driver/Src/stm32f4xx_hal_adc.o
                0x080033c2                HAL_ADC_IRQHandler
 *fill*         0x080035e2        0x2 
 .text.HAL_ADC_Start_DMA
                0x080035e4      0x228 ./Drivers/STM32F4xx_HAL_Driver/Src/stm32f4xx_hal_adc.o
                0x080035e4                HAL_ADC_Start_DMA
 .text.HAL_ADC_ConvCpltCallback
                0x0800380c       0x14 ./Drivers/STM32F4xx_HAL_Driver/Src/stm32f4xx_hal_adc.o
                0x0800380c                HAL_ADC_ConvCpltCallback
 .text.HAL_ADC_ConvHalfCpltCallback
                0x08003820       0x14 ./Drivers/STM32F4xx_HAL_Driver/Src/stm32f4xx_hal_adc.o
                0x08003820                HAL_ADC_ConvHalfCpltCallback
 .text.HAL_ADC_LevelOutOfWindowCallback
                0x08003834       0x14 ./Drivers/STM32F4xx_HAL_Driver/Src/stm32f4xx_hal_adc.o
                0x08003834                HAL_ADC_LevelOutOfWindowCallback
 .text.HAL_ADC_ErrorCallback
                0x08003848       0x14 ./Drivers/STM32F4xx_HAL_Driver/Src/stm32f4xx_hal_adc.o
                0x08003848                HAL_ADC_ErrorCallback
 .text.HAL_ADC_ConfigChannel
                0x0800385c      0x244 ./Drivers/STM32F4xx_HAL_Driver/Src/stm32f4xx_hal_adc.o
                0x0800385c                HAL_ADC_ConfigChannel
 .text.ADC_Init
                0x08003aa0      0x1f8 ./Drivers/STM32F4xx_HAL_Driver/Src/stm32f4xx_hal_adc.o
 .text.ADC_DMAConvCplt
                0x08003c98       0xba ./Drivers/STM32F4xx_HAL_Driver/Src/stm32f4xx_hal_adc.o
 .text.ADC_DMAHalfConvCplt
                0x08003d52       0x1c ./Drivers/STM32F4xx_HAL_Driver/Src/stm32f4xx_hal_adc.o
 .text.ADC_DMAError
                0x08003d6e       0x2e ./Drivers/STM32F4xx_HAL_Driver/Src/stm32f4xx_hal_adc.o
 .text.HAL_ADCEx_InjectedConvCpltCallback
                0x08003d9c       0x14 ./Drivers/STM32F4xx_HAL_Driver/Src/stm32f4xx_hal_adc_ex.o
                0x08003d9c                HAL_ADCEx_InjectedConvCpltCallback
 .text.__NVIC_SetPriorityGrouping
                0x08003db0       0x48 ./Drivers/STM32F4xx_HAL_Driver/Src/stm32f4xx_hal_cortex.o
 .text.__NVIC_GetPriorityGrouping
                0x08003df8       0x1c ./Drivers/STM32F4xx_HAL_Driver/Src/stm32f4xx_hal_cortex.o
 .text.__NVIC_EnableIRQ
                0x08003e14       0x3c ./Drivers/STM32F4xx_HAL_Driver/Src/stm32f4xx_hal_cortex.o
 .text.__NVIC_SetPriority
                0x08003e50       0x54 ./Drivers/STM32F4xx_HAL_Driver/Src/stm32f4xx_hal_cortex.o
 .text.NVIC_EncodePriority
                0x08003ea4       0x66 ./Drivers/STM32F4xx_HAL_Driver/Src/stm32f4xx_hal_cortex.o
 *fill*         0x08003f0a        0x2 
 .text.SysTick_Config
                0x08003f0c       0x44 ./Drivers/STM32F4xx_HAL_Driver/Src/stm32f4xx_hal_cortex.o
 .text.HAL_NVIC_SetPriorityGrouping
                0x08003f50       0x16 ./Drivers/STM32F4xx_HAL_Driver/Src/stm32f4xx_hal_cortex.o
                0x08003f50                HAL_NVIC_SetPriorityGrouping
 .text.HAL_NVIC_SetPriority
                0x08003f66       0x38 ./Drivers/STM32F4xx_HAL_Driver/Src/stm32f4xx_hal_cortex.o
                0x08003f66                HAL_NVIC_SetPriority
 .text.HAL_NVIC_EnableIRQ
                0x08003f9e       0x1c ./Drivers/STM32F4xx_HAL_Driver/Src/stm32f4xx_hal_cortex.o
                0x08003f9e                HAL_NVIC_EnableIRQ
 .text.HAL_SYSTICK_Config
                0x08003fba       0x18 ./Drivers/STM32F4xx_HAL_Driver/Src/stm32f4xx_hal_cortex.o
                0x08003fba                HAL_SYSTICK_Config
 .text.HAL_DAC_Init
                0x08003fd2       0x44 ./Drivers/STM32F4xx_HAL_Driver/Src/stm32f4xx_hal_dac.o
                0x08003fd2                HAL_DAC_Init
 .text.HAL_DAC_IRQHandler
                0x08004016       0xac ./Drivers/STM32F4xx_HAL_Driver/Src/stm32f4xx_hal_dac.o
                0x08004016                HAL_DAC_IRQHandler
 .text.HAL_DAC_DMAUnderrunCallbackCh1
                0x080040c2       0x14 ./Drivers/STM32F4xx_HAL_Driver/Src/stm32f4xx_hal_dac.o
                0x080040c2                HAL_DAC_DMAUnderrunCallbackCh1
 .text.HAL_DAC_ConfigChannel
                0x080040d6       0xb2 ./Drivers/STM32F4xx_HAL_Driver/Src/stm32f4xx_hal_dac.o
                0x080040d6                HAL_DAC_ConfigChannel
 .text.HAL_DACEx_DMAUnderrunCallbackCh2
                0x08004188       0x14 ./Drivers/STM32F4xx_HAL_Driver/Src/stm32f4xx_hal_dac_ex.o
                0x08004188                HAL_DACEx_DMAUnderrunCallbackCh2
 .text.HAL_DMA_Init
                0x0800419c      0x15c ./Drivers/STM32F4xx_HAL_Driver/Src/stm32f4xx_hal_dma.o
                0x0800419c                HAL_DMA_Init
 .text.HAL_DMA_Start_IT
                0x080042f8       0xb0 ./Drivers/STM32F4xx_HAL_Driver/Src/stm32f4xx_hal_dma.o
                0x080042f8                HAL_DMA_Start_IT
 .text.HAL_DMA_IRQHandler
                0x080043a8      0x314 ./Drivers/STM32F4xx_HAL_Driver/Src/stm32f4xx_hal_dma.o
                0x080043a8                HAL_DMA_IRQHandler
 .text.DMA_SetConfig
                0x080046bc       0x5c ./Drivers/STM32F4xx_HAL_Driver/Src/stm32f4xx_hal_dma.o
 .text.DMA_CalcBaseAndBitshift
                0x08004718       0x6c ./Drivers/STM32F4xx_HAL_Driver/Src/stm32f4xx_hal_dma.o
 .text.DMA_CheckFifoParam
                0x08004784       0xf8 ./Drivers/STM32F4xx_HAL_Driver/Src/stm32f4xx_hal_dma.o
 .text.HAL_GPIO_Init
                0x0800487c      0x338 ./Drivers/STM32F4xx_HAL_Driver/Src/stm32f4xx_hal_gpio.o
                0x0800487c                HAL_GPIO_Init
 .text.HAL_RCC_OscConfig
                0x08004bb4      0x4f0 ./Drivers/STM32F4xx_HAL_Driver/Src/stm32f4xx_hal_rcc.o
                0x08004bb4                HAL_RCC_OscConfig
 .text.HAL_RCC_ClockConfig
                0x080050a4      0x1cc ./Drivers/STM32F4xx_HAL_Driver/Src/stm32f4xx_hal_rcc.o
                0x080050a4                HAL_RCC_ClockConfig
 .text.HAL_RCC_GetSysClockFreq
                0x08005270      0x20c ./Drivers/STM32F4xx_HAL_Driver/Src/stm32f4xx_hal_rcc.o
                0x08005270                HAL_RCC_GetSysClockFreq
 .text.HAL_TIM_Base_Init
                0x0800547c       0x9e ./Drivers/STM32F4xx_HAL_Driver/Src/stm32f4xx_hal_tim.o
                0x0800547c                HAL_TIM_Base_Init
 *fill*         0x0800551a        0x2 
 .text.HAL_TIM_Base_Start_IT
                0x0800551c       0xe0 ./Drivers/STM32F4xx_HAL_Driver/Src/stm32f4xx_hal_tim.o
                0x0800551c                HAL_TIM_Base_Start_IT
 .text.HAL_TIM_PWM_Init
                0x080055fc       0x9e ./Drivers/STM32F4xx_HAL_Driver/Src/stm32f4xx_hal_tim.o
                0x080055fc                HAL_TIM_PWM_Init
 .text.HAL_TIM_PWM_MspInit
                0x0800569a       0x14 ./Drivers/STM32F4xx_HAL_Driver/Src/stm32f4xx_hal_tim.o
                0x0800569a                HAL_TIM_PWM_MspInit
 *fill*         0x080056ae        0x2 
 .text.HAL_TIM_PWM_Start
                0x080056b0      0x190 ./Drivers/STM32F4xx_HAL_Driver/Src/stm32f4xx_hal_tim.o
                0x080056b0                HAL_TIM_PWM_Start
 .text.HAL_TIM_IRQHandler
                0x08005840      0x1e0 ./Drivers/STM32F4xx_HAL_Driver/Src/stm32f4xx_hal_tim.o
                0x08005840                HAL_TIM_IRQHandler
 .text.HAL_TIM_PWM_ConfigChannel
                0x08005a20      0x184 ./Drivers/STM32F4xx_HAL_Driver/Src/stm32f4xx_hal_tim.o
                0x08005a20                HAL_TIM_PWM_ConfigChannel
 .text.HAL_TIM_ConfigClockSource
                0x08005ba4      0x18e ./Drivers/STM32F4xx_HAL_Driver/Src/stm32f4xx_hal_tim.o
                0x08005ba4                HAL_TIM_ConfigClockSource
 .text.HAL_TIM_OC_DelayElapsedCallback
                0x08005d32       0x14 ./Drivers/STM32F4xx_HAL_Driver/Src/stm32f4xx_hal_tim.o
                0x08005d32                HAL_TIM_OC_DelayElapsedCallback
 .text.HAL_TIM_IC_CaptureCallback
                0x08005d46       0x14 ./Drivers/STM32F4xx_HAL_Driver/Src/stm32f4xx_hal_tim.o
                0x08005d46                HAL_TIM_IC_CaptureCallback
 .text.HAL_TIM_PWM_PulseFinishedCallback
                0x08005d5a       0x14 ./Drivers/STM32F4xx_HAL_Driver/Src/stm32f4xx_hal_tim.o
                0x08005d5a                HAL_TIM_PWM_PulseFinishedCallback
 .text.HAL_TIM_TriggerCallback
                0x08005d6e       0x14 ./Drivers/STM32F4xx_HAL_Driver/Src/stm32f4xx_hal_tim.o
                0x08005d6e                HAL_TIM_TriggerCallback
 *fill*         0x08005d82        0x2 
 .text.TIM_Base_SetConfig
                0x08005d84      0x14c ./Drivers/STM32F4xx_HAL_Driver/Src/stm32f4xx_hal_tim.o
                0x08005d84                TIM_Base_SetConfig
 .text.TIM_OC1_SetConfig
                0x08005ed0       0xe0 ./Drivers/STM32F4xx_HAL_Driver/Src/stm32f4xx_hal_tim.o
 .text.TIM_OC2_SetConfig
                0x08005fb0       0xec ./Drivers/STM32F4xx_HAL_Driver/Src/stm32f4xx_hal_tim.o
                0x08005fb0                TIM_OC2_SetConfig
 .text.TIM_OC3_SetConfig
                0x0800609c       0xe8 ./Drivers/STM32F4xx_HAL_Driver/Src/stm32f4xx_hal_tim.o
 .text.TIM_OC4_SetConfig
                0x08006184       0xac ./Drivers/STM32F4xx_HAL_Driver/Src/stm32f4xx_hal_tim.o
 .text.TIM_TI1_ConfigInputStage
                0x08006230       0x5e ./Drivers/STM32F4xx_HAL_Driver/Src/stm32f4xx_hal_tim.o
 .text.TIM_TI2_ConfigInputStage
                0x0800628e       0x60 ./Drivers/STM32F4xx_HAL_Driver/Src/stm32f4xx_hal_tim.o
 .text.TIM_ITRx_SetConfig
                0x080062ee       0x36 ./Drivers/STM32F4xx_HAL_Driver/Src/stm32f4xx_hal_tim.o
 .text.TIM_ETR_SetConfig
                0x08006324       0x40 ./Drivers/STM32F4xx_HAL_Driver/Src/stm32f4xx_hal_tim.o
                0x08006324                TIM_ETR_SetConfig
 .text.TIM_CCxChannelCmd
                0x08006364       0x4a ./Drivers/STM32F4xx_HAL_Driver/Src/stm32f4xx_hal_tim.o
                0x08006364                TIM_CCxChannelCmd
 *fill*         0x080063ae        0x2 
 .text.HAL_TIMEx_PWMN_Start
                0x080063b0      0x174 ./Drivers/STM32F4xx_HAL_Driver/Src/stm32f4xx_hal_tim_ex.o
                0x080063b0                HAL_TIMEx_PWMN_Start
 .text.HAL_TIMEx_MasterConfigSynchronization
                0x08006524       0xf8 ./Drivers/STM32F4xx_HAL_Driver/Src/stm32f4xx_hal_tim_ex.o
                0x08006524                HAL_TIMEx_MasterConfigSynchronization
 .text.HAL_TIMEx_ConfigBreakDeadTime
                0x0800661c       0xa4 ./Drivers/STM32F4xx_HAL_Driver/Src/stm32f4xx_hal_tim_ex.o
                0x0800661c                HAL_TIMEx_ConfigBreakDeadTime
 .text.HAL_TIMEx_CommutCallback
                0x080066c0       0x14 ./Drivers/STM32F4xx_HAL_Driver/Src/stm32f4xx_hal_tim_ex.o
                0x080066c0                HAL_TIMEx_CommutCallback
 .text.HAL_TIMEx_BreakCallback
                0x080066d4       0x14 ./Drivers/STM32F4xx_HAL_Driver/Src/stm32f4xx_hal_tim_ex.o
                0x080066d4                HAL_TIMEx_BreakCallback
 .text.TIM_CCxNChannelCmd
                0x080066e8       0x4a ./Drivers/STM32F4xx_HAL_Driver/Src/stm32f4xx_hal_tim_ex.o
 .text.memset   0x08006732       0x10 C:/ST/STM32CubeIDE_1.19.0/STM32CubeIDE/plugins/com.st.stm32cube.ide.mcu.externaltools.gnu-tools-for-stm32.13.3.rel1.win32_1.0.0.202411081344/tools/bin/../lib/gcc/arm-none-eabi/13.3.1/../../../../arm-none-eabi/lib/thumb/v7e-m+fp/hard\libc_nano.a(libc_a-memset.o)
                0x08006732                memset
 *fill*         0x08006742        0x2 
 .text.__errno  0x08006744        0xc C:/ST/STM32CubeIDE_1.19.0/STM32CubeIDE/plugins/com.st.stm32cube.ide.mcu.externaltools.gnu-tools-for-stm32.13.3.rel1.win32_1.0.0.202411081344/tools/bin/../lib/gcc/arm-none-eabi/13.3.1/../../../../arm-none-eabi/lib/thumb/v7e-m+fp/hard\libc_nano.a(libc_a-errno.o)
                0x08006744                __errno
 .text.__libc_init_array
                0x08006750       0x48 C:/ST/STM32CubeIDE_1.19.0/STM32CubeIDE/plugins/com.st.stm32cube.ide.mcu.externaltools.gnu-tools-for-stm32.13.3.rel1.win32_1.0.0.202411081344/tools/bin/../lib/gcc/arm-none-eabi/13.3.1/../../../../arm-none-eabi/lib/thumb/v7e-m+fp/hard\libc_nano.a(libc_a-init.o)
                0x08006750                __libc_init_array
 .text.sqrtf    0x08006798       0x3c C:/ST/STM32CubeIDE_1.19.0/STM32CubeIDE/plugins/com.st.stm32cube.ide.mcu.externaltools.gnu-tools-for-stm32.13.3.rel1.win32_1.0.0.202411081344/tools/bin/../lib/gcc/arm-none-eabi/13.3.1/../../../../arm-none-eabi/lib/thumb/v7e-m+fp/hard\libm.a(libm_a-wf_sqrt.o)
                0x08006798                sqrtf
 .text.cosf     0x080067d4       0x88 C:/ST/STM32CubeIDE_1.19.0/STM32CubeIDE/plugins/com.st.stm32cube.ide.mcu.externaltools.gnu-tools-for-stm32.13.3.rel1.win32_1.0.0.202411081344/tools/bin/../lib/gcc/arm-none-eabi/13.3.1/../../../../arm-none-eabi/lib/thumb/v7e-m+fp/hard\libm.a(libm_a-sf_cos.o)
                0x080067d4                cosf
 .text.sinf     0x0800685c       0x8c C:/ST/STM32CubeIDE_1.19.0/STM32CubeIDE/plugins/com.st.stm32cube.ide.mcu.externaltools.gnu-tools-for-stm32.13.3.rel1.win32_1.0.0.202411081344/tools/bin/../lib/gcc/arm-none-eabi/13.3.1/../../../../arm-none-eabi/lib/thumb/v7e-m+fp/hard\libm.a(libm_a-sf_sin.o)
                0x0800685c                sinf
 .text.__ieee754_sqrtf
                0x080068e8        0x6 C:/ST/STM32CubeIDE_1.19.0/STM32CubeIDE/plugins/com.st.stm32cube.ide.mcu.externaltools.gnu-tools-for-stm32.13.3.rel1.win32_1.0.0.202411081344/tools/bin/../lib/gcc/arm-none-eabi/13.3.1/../../../../arm-none-eabi/lib/thumb/v7e-m+fp/hard\libm.a(libm_a-ef_sqrt.o)
                0x080068e8                __ieee754_sqrtf
 *fill*         0x080068ee        0x2 
 .text.__kernel_cosf
                0x080068f0       0xb0 C:/ST/STM32CubeIDE_1.19.0/STM32CubeIDE/plugins/com.st.stm32cube.ide.mcu.externaltools.gnu-tools-for-stm32.13.3.rel1.win32_1.0.0.202411081344/tools/bin/../lib/gcc/arm-none-eabi/13.3.1/../../../../arm-none-eabi/lib/thumb/v7e-m+fp/hard\libm.a(libm_a-kf_cos.o)
                0x080068f0                __kernel_cosf
 .text.__kernel_sinf
                0x080069a0       0x90 C:/ST/STM32CubeIDE_1.19.0/STM32CubeIDE/plugins/com.st.stm32cube.ide.mcu.externaltools.gnu-tools-for-stm32.13.3.rel1.win32_1.0.0.202411081344/tools/bin/../lib/gcc/arm-none-eabi/13.3.1/../../../../arm-none-eabi/lib/thumb/v7e-m+fp/hard\libm.a(libm_a-kf_sin.o)
                0x080069a0                __kernel_sinf
 .text.__ieee754_rem_pio2f
                0x08006a30      0x260 C:/ST/STM32CubeIDE_1.19.0/STM32CubeIDE/plugins/com.st.stm32cube.ide.mcu.externaltools.gnu-tools-for-stm32.13.3.rel1.win32_1.0.0.202411081344/tools/bin/../lib/gcc/arm-none-eabi/13.3.1/../../../../arm-none-eabi/lib/thumb/v7e-m+fp/hard\libm.a(libm_a-ef_rem_pio2.o)
                0x08006a30                __ieee754_rem_pio2f
 .text.fabsf    0x08006c90        0xe C:/ST/STM32CubeIDE_1.19.0/STM32CubeIDE/plugins/com.st.stm32cube.ide.mcu.externaltools.gnu-tools-for-stm32.13.3.rel1.win32_1.0.0.202411081344/tools/bin/../lib/gcc/arm-none-eabi/13.3.1/../../../../arm-none-eabi/lib/thumb/v7e-m+fp/hard\libm.a(libm_a-sf_fabs.o)
                0x08006c90                fabsf
 *fill*         0x08006c9e        0x2 
 .text.__kernel_rem_pio2f
                0x08006ca0      0x4d0 C:/ST/STM32CubeIDE_1.19.0/STM32CubeIDE/plugins/com.st.stm32cube.ide.mcu.externaltools.gnu-tools-for-stm32.13.3.rel1.win32_1.0.0.202411081344/tools/bin/../lib/gcc/arm-none-eabi/13.3.1/../../../../arm-none-eabi/lib/thumb/v7e-m+fp/hard\libm.a(libm_a-kf_rem_pio2.o)
                0x08006ca0                __kernel_rem_pio2f
 .text.scalbnf  0x08007170       0xcc C:/ST/STM32CubeIDE_1.19.0/STM32CubeIDE/plugins/com.st.stm32cube.ide.mcu.externaltools.gnu-tools-for-stm32.13.3.rel1.win32_1.0.0.202411081344/tools/bin/../lib/gcc/arm-none-eabi/13.3.1/../../../../arm-none-eabi/lib/thumb/v7e-m+fp/hard\libm.a(libm_a-sf_scalbn.o)
                0x08007170                scalbnf
 .text.floorf   0x0800723c       0x88 C:/ST/STM32CubeIDE_1.19.0/STM32CubeIDE/plugins/com.st.stm32cube.ide.mcu.externaltools.gnu-tools-for-stm32.13.3.rel1.win32_1.0.0.202411081344/tools/bin/../lib/gcc/arm-none-eabi/13.3.1/../../../../arm-none-eabi/lib/thumb/v7e-m+fp/hard\libm.a(libm_a-sf_floor.o)
                0x0800723c                floorf
 *(.glue_7)
 .glue_7        0x080072c4        0x0 linker stubs
 *(.glue_7t)
 .glue_7t       0x080072c4        0x0 linker stubs
 *(.eh_frame)
 .eh_frame      0x080072c4        0x0 C:/ST/STM32CubeIDE_1.19.0/STM32CubeIDE/plugins/com.st.stm32cube.ide.mcu.externaltools.gnu-tools-for-stm32.13.3.rel1.win32_1.0.0.202411081344/tools/bin/../lib/gcc/arm-none-eabi/13.3.1/thumb/v7e-m+fp/hard/crtbegin.o
 *(.init)
 .init          0x080072c4        0x4 C:/ST/STM32CubeIDE_1.19.0/STM32CubeIDE/plugins/com.st.stm32cube.ide.mcu.externaltools.gnu-tools-for-stm32.13.3.rel1.win32_1.0.0.202411081344/tools/bin/../lib/gcc/arm-none-eabi/13.3.1/thumb/v7e-m+fp/hard/crti.o
                0x080072c4                _init
 .init          0x080072c8        0x8 C:/ST/STM32CubeIDE_1.19.0/STM32CubeIDE/plugins/com.st.stm32cube.ide.mcu.externaltools.gnu-tools-for-stm32.13.3.rel1.win32_1.0.0.202411081344/tools/bin/../lib/gcc/arm-none-eabi/13.3.1/thumb/v7e-m+fp/hard/crtn.o
 *(.fini)
 .fini          0x080072d0        0x4 C:/ST/STM32CubeIDE_1.19.0/STM32CubeIDE/plugins/com.st.stm32cube.ide.mcu.externaltools.gnu-tools-for-stm32.13.3.rel1.win32_1.0.0.202411081344/tools/bin/../lib/gcc/arm-none-eabi/13.3.1/thumb/v7e-m+fp/hard/crti.o
                0x080072d0                _fini
 .fini          0x080072d4        0x8 C:/ST/STM32CubeIDE_1.19.0/STM32CubeIDE/plugins/com.st.stm32cube.ide.mcu.externaltools.gnu-tools-for-stm32.13.3.rel1.win32_1.0.0.202411081344/tools/bin/../lib/gcc/arm-none-eabi/13.3.1/thumb/v7e-m+fp/hard/crtn.o
                0x080072dc                        . = ALIGN (0x4)
                0x080072dc                        _etext = .

.vfp11_veneer   0x080072dc        0x0
 .vfp11_veneer  0x080072dc        0x0 linker stubs

.v4_bx          0x080072dc        0x0
 .v4_bx         0x080072dc        0x0 linker stubs

.iplt           0x080072dc        0x0
 .iplt          0x080072dc        0x0 C:/ST/STM32CubeIDE_1.19.0/STM32CubeIDE/plugins/com.st.stm32cube.ide.mcu.externaltools.gnu-tools-for-stm32.13.3.rel1.win32_1.0.0.202411081344/tools/bin/../lib/gcc/arm-none-eabi/13.3.1/thumb/v7e-m+fp/hard/crtbegin.o

.rodata         0x080072dc     0x25a8
                0x080072dc                        . = ALIGN (0x4)
 *(.rodata)
 *(.rodata*)
 .rodata.AHBPrescTable
                0x080072dc       0x10 ./Core/Src/system_stm32f4xx.o
                0x080072dc                AHBPrescTable
 .rodata.va_array
                0x080072ec      0x5a0 ./Core/Src/variables.o
                0x080072ec                va_array
 .rodata.vb_array
                0x0800788c      0x5a0 ./Core/Src/variables.o
                0x0800788c                vb_array
 .rodata.vc_array
                0x08007e2c      0x5a0 ./Core/Src/variables.o
                0x08007e2c                vc_array
 .rodata.ia_array
                0x080083cc      0x5a0 ./Core/Src/variables.o
                0x080083cc                ia_array
 .rodata.ib_array
                0x0800896c      0x5a0 ./Core/Src/variables.o
                0x0800896c                ib_array
 .rodata.ic_array
                0x08008f0c      0x5a0 ./Core/Src/variables.o
                0x08008f0c                ic_array
 .rodata.flagBitshiftOffset.0
                0x080094ac        0x8 ./Drivers/STM32F4xx_HAL_Driver/Src/stm32f4xx_hal_dma.o
 .rodata.npio2_hw
                0x080094b4       0x80 C:/ST/STM32CubeIDE_1.19.0/STM32CubeIDE/plugins/com.st.stm32cube.ide.mcu.externaltools.gnu-tools-for-stm32.13.3.rel1.win32_1.0.0.202411081344/tools/bin/../lib/gcc/arm-none-eabi/13.3.1/../../../../arm-none-eabi/lib/thumb/v7e-m+fp/hard\libm.a(libm_a-ef_rem_pio2.o)
 .rodata.two_over_pi
                0x08009534      0x318 C:/ST/STM32CubeIDE_1.19.0/STM32CubeIDE/plugins/com.st.stm32cube.ide.mcu.externaltools.gnu-tools-for-stm32.13.3.rel1.win32_1.0.0.202411081344/tools/bin/../lib/gcc/arm-none-eabi/13.3.1/../../../../arm-none-eabi/lib/thumb/v7e-m+fp/hard\libm.a(libm_a-ef_rem_pio2.o)
 .rodata.PIo2   0x0800984c       0x2c C:/ST/STM32CubeIDE_1.19.0/STM32CubeIDE/plugins/com.st.stm32cube.ide.mcu.externaltools.gnu-tools-for-stm32.13.3.rel1.win32_1.0.0.202411081344/tools/bin/../lib/gcc/arm-none-eabi/13.3.1/../../../../arm-none-eabi/lib/thumb/v7e-m+fp/hard\libm.a(libm_a-kf_rem_pio2.o)
 .rodata.init_jk
                0x08009878        0xc C:/ST/STM32CubeIDE_1.19.0/STM32CubeIDE/plugins/com.st.stm32cube.ide.mcu.externaltools.gnu-tools-for-stm32.13.3.rel1.win32_1.0.0.202411081344/tools/bin/../lib/gcc/arm-none-eabi/13.3.1/../../../../arm-none-eabi/lib/thumb/v7e-m+fp/hard\libm.a(libm_a-kf_rem_pio2.o)
                0x08009884                        . = ALIGN (0x4)

.ARM.extab      0x08009884        0x0
                0x08009884                        . = ALIGN (0x4)
 *(.ARM.extab* .gnu.linkonce.armextab.*)
                0x08009884                        . = ALIGN (0x4)

.ARM            0x08009884        0x8
                0x08009884                        . = ALIGN (0x4)
                0x08009884                        __exidx_start = .
 *(.ARM.exidx*)
 .ARM.exidx     0x08009884        0x8 C:/ST/STM32CubeIDE_1.19.0/STM32CubeIDE/plugins/com.st.stm32cube.ide.mcu.externaltools.gnu-tools-for-stm32.13.3.rel1.win32_1.0.0.202411081344/tools/bin/../lib/gcc/arm-none-eabi/13.3.1/thumb/v7e-m+fp/hard\libgcc.a(_udivmoddi4.o)
                0x0800988c                        __exidx_end = .
                0x0800988c                        . = ALIGN (0x4)

.preinit_array  0x0800988c        0x0
                0x0800988c                        . = ALIGN (0x4)
                0x0800988c                        PROVIDE (__preinit_array_start = .)
 *(.preinit_array*)
                0x0800988c                        PROVIDE (__preinit_array_end = .)
                0x0800988c                        . = ALIGN (0x4)

.init_array     0x0800988c        0x4
                0x0800988c                        . = ALIGN (0x4)
                0x0800988c                        PROVIDE (__init_array_start = .)
 *(SORT_BY_NAME(.init_array.*))
 *(.init_array*)
 .init_array    0x0800988c        0x4 C:/ST/STM32CubeIDE_1.19.0/STM32CubeIDE/plugins/com.st.stm32cube.ide.mcu.externaltools.gnu-tools-for-stm32.13.3.rel1.win32_1.0.0.202411081344/tools/bin/../lib/gcc/arm-none-eabi/13.3.1/thumb/v7e-m+fp/hard/crtbegin.o
                0x08009890                        PROVIDE (__init_array_end = .)
                0x08009890                        . = ALIGN (0x4)

.fini_array     0x08009890        0x4
                0x08009890                        . = ALIGN (0x4)
                [!provide]                        PROVIDE (__fini_array_start = .)
 *(SORT_BY_NAME(.fini_array.*))
 *(.fini_array*)
 .fini_array    0x08009890        0x4 C:/ST/STM32CubeIDE_1.19.0/STM32CubeIDE/plugins/com.st.stm32cube.ide.mcu.externaltools.gnu-tools-for-stm32.13.3.rel1.win32_1.0.0.202411081344/tools/bin/../lib/gcc/arm-none-eabi/13.3.1/thumb/v7e-m+fp/hard/crtbegin.o
                [!provide]                        PROVIDE (__fini_array_end = .)
                0x08009894                        . = ALIGN (0x4)
                0x08009894                        _sidata = LOADADDR (.data)

.rel.dyn        0x08009894        0x0
 .rel.iplt      0x08009894        0x0 C:/ST/STM32CubeIDE_1.19.0/STM32CubeIDE/plugins/com.st.stm32cube.ide.mcu.externaltools.gnu-tools-for-stm32.13.3.rel1.win32_1.0.0.202411081344/tools/bin/../lib/gcc/arm-none-eabi/13.3.1/thumb/v7e-m+fp/hard/crtbegin.o

.data           0x20000000      0x270 load address 0x08009894
                0x20000000                        . = ALIGN (0x4)
                0x20000000                        _sdata = .
 *(.data)
 *(.data*)
 .data.SystemCoreClock
                0x20000000        0x4 ./Core/Src/system_stm32f4xx.o
                0x20000000                SystemCoreClock
 .data.pll      0x20000004       0x68 ./Core/Src/variables.o
                0x20000004                pll
 .data.grid     0x2000006c       0x30 ./Core/Src/variables.o
                0x2000006c                grid
 .data.timer3_variables
                0x2000009c        0x8 ./Core/Src/variables.o
                0x2000009c                timer3_variables
 .data.UCoffLimit
                0x200000a4       0x40 ./Core/Src/variables.o
                0x200000a4                UCoffLimit
 .data.UCinLimit
                0x200000e4       0x40 ./Core/Src/variables.o
                0x200000e4                UCinLimit
 .data.LCoffLimit
                0x20000124       0x40 ./Core/Src/variables.o
                0x20000124                LCoffLimit
 .data.LCinLimit
                0x20000164       0x40 ./Core/Src/variables.o
                0x20000164                LCinLimit
 .data.voltage_ctrl
                0x200001a4       0x2c ./Core/Src/variables.o
                0x200001a4                voltage_ctrl
 .data.current_ctrl
                0x200001d0       0x48 ./Core/Src/variables.o
                0x200001d0                current_ctrl
 .data.uwTickPrio
                0x20000218        0x4 ./Drivers/STM32F4xx_HAL_Driver/Src/stm32f4xx_hal.o
                0x20000218                uwTickPrio
 .data.uwTickFreq
                0x2000021c        0x1 ./Drivers/STM32F4xx_HAL_Driver/Src/stm32f4xx_hal.o
                0x2000021c                uwTickFreq
 *fill*         0x2000021d        0x3 
 .data._impure_ptr
                0x20000220        0x4 C:/ST/STM32CubeIDE_1.19.0/STM32CubeIDE/plugins/com.st.stm32cube.ide.mcu.externaltools.gnu-tools-for-stm32.13.3.rel1.win32_1.0.0.202411081344/tools/bin/../lib/gcc/arm-none-eabi/13.3.1/../../../../arm-none-eabi/lib/thumb/v7e-m+fp/hard\libc_nano.a(libc_a-impure.o)
                0x20000220                _impure_ptr
 .data._impure_data
                0x20000224       0x4c C:/ST/STM32CubeIDE_1.19.0/STM32CubeIDE/plugins/com.st.stm32cube.ide.mcu.externaltools.gnu-tools-for-stm32.13.3.rel1.win32_1.0.0.202411081344/tools/bin/../lib/gcc/arm-none-eabi/13.3.1/../../../../arm-none-eabi/lib/thumb/v7e-m+fp/hard\libc_nano.a(libc_a-impure.o)
                0x20000224                _impure_data
 *(.RamFunc)
 *(.RamFunc*)
                0x20000270                        . = ALIGN (0x4)
                0x20000270                        _edata = .
                0x08009b04                        _siccmram = LOADADDR (.ccmram)

.igot.plt       0x20000270        0x0 load address 0x08009b04
 .igot.plt      0x20000270        0x0 C:/ST/STM32CubeIDE_1.19.0/STM32CubeIDE/plugins/com.st.stm32cube.ide.mcu.externaltools.gnu-tools-for-stm32.13.3.rel1.win32_1.0.0.202411081344/tools/bin/../lib/gcc/arm-none-eabi/13.3.1/thumb/v7e-m+fp/hard/crtbegin.o

.ccmram         0x10000000        0x0 load address 0x08009b04
                0x10000000                        . = ALIGN (0x4)
                0x10000000                        _sccmram = .
 *(.ccmram)
 *(.ccmram*)
                0x10000000                        . = ALIGN (0x4)
                0x10000000                        _eccmram = .
                0x10000000                        . = ALIGN (0x4)

.bss            0x20000270      0x4fc
                0x20000270                        _sbss = .
                0x20000270                        __bss_start__ = _sbss
 *(.bss)
 .bss           0x20000270       0x1c C:/ST/STM32CubeIDE_1.19.0/STM32CubeIDE/plugins/com.st.stm32cube.ide.mcu.externaltools.gnu-tools-for-stm32.13.3.rel1.win32_1.0.0.202411081344/tools/bin/../lib/gcc/arm-none-eabi/13.3.1/thumb/v7e-m+fp/hard/crtbegin.o
 *(.bss*)
 .bss.hadc1     0x2000028c       0x48 ./Core/Src/main.o
                0x2000028c                hadc1
 .bss.hdma_adc1
                0x200002d4       0x60 ./Core/Src/main.o
                0x200002d4                hdma_adc1
 .bss.hdac      0x20000334       0x14 ./Core/Src/main.o
                0x20000334                hdac
 .bss.htim2     0x20000348       0x48 ./Core/Src/main.o
                0x20000348                htim2
 .bss.htim3     0x20000390       0x48 ./Core/Src/main.o
                0x20000390                htim3
 .bss.htim8     0x200003d8       0x48 ./Core/Src/main.o
                0x200003d8                htim8
 .bss.adc_buffer
                0x20000420       0x10 ./Core/Src/variables.o
                0x20000420                adc_buffer
 .bss.adc_read  0x20000430       0x94 ./Core/Src/variables.o
                0x20000430                adc_read
 .bss.counters  0x200004c4        0xc ./Core/Src/variables.o
                0x200004c4                counters
 .bss.relayOff_counter_enable
                0x200004d0        0x1 ./Core/Src/variables.o
                0x200004d0                relayOff_counter_enable
 *fill*         0x200004d1        0x3 
 .bss.instVal   0x200004d4       0x20 ./Core/Src/variables.o
                0x200004d4                instVal
 .bss.rms_calculations
                0x200004f4       0x44 ./Core/Src/variables.o
                0x200004f4                rms_calculations
 .bss.final_squared_sum
                0x20000538       0x44 ./Core/Src/variables.o
                0x20000538                final_squared_sum
 .bss.avg_of_mean_square
                0x2000057c       0x18 ./Core/Src/variables.o
                0x2000057c                avg_of_mean_square
 .bss.rmsVal    0x20000594       0x18 ./Core/Src/variables.o
                0x20000594                rmsVal
 .bss.avg_calculations
                0x200005ac       0x24 ./Core/Src/variables.o
                0x200005ac                avg_calculations
 .bss.final_sum
                0x200005d0       0x24 ./Core/Src/variables.o
                0x200005d0                final_sum
 .bss.avgVal    0x200005f4        0x8 ./Core/Src/variables.o
                0x200005f4                avgVal
 .bss.error_flags
                0x200005fc        0x9 ./Core/Src/variables.o
                0x200005fc                error_flags
 .bss.state     0x20000605        0x1 ./Core/Src/variables.o
                0x20000605                state
 *fill*         0x20000606        0x2 
 .bss.first_time_state_entry
                0x20000608        0x4 ./Core/Src/variables.o
                0x20000608                first_time_state_entry
 .bss.abc_form  0x2000060c       0x24 ./Core/Src/variables.o
                0x2000060c                abc_form
 .bss.uwTick    0x20000630        0x4 ./Drivers/STM32F4xx_HAL_Driver/Src/stm32f4xx_hal.o
                0x20000630                uwTick
 .bss.__sf      0x20000634      0x138 C:/ST/STM32CubeIDE_1.19.0/STM32CubeIDE/plugins/com.st.stm32cube.ide.mcu.externaltools.gnu-tools-for-stm32.13.3.rel1.win32_1.0.0.202411081344/tools/bin/../lib/gcc/arm-none-eabi/13.3.1/../../../../arm-none-eabi/lib/thumb/v7e-m+fp/hard\libc_nano.a(libc_a-findfp.o)
                0x20000634                __sf
 *(COMMON)
                0x2000076c                        . = ALIGN (0x4)
                0x2000076c                        _ebss = .
                0x2000076c                        __bss_end__ = _ebss

._user_heap_stack
                0x2000076c      0x604
                0x20000770                        . = ALIGN (0x8)
 *fill*         0x2000076c        0x4 
                [!provide]                        PROVIDE (end = .)
                0x20000770                        PROVIDE (_end = .)
                0x20000970                        . = (. + _Min_Heap_Size)
 *fill*         0x20000770      0x200 
                0x20000d70                        . = (. + _Min_Stack_Size)
 *fill*         0x20000970      0x400 
                0x20000d70                        . = ALIGN (0x8)

/DISCARD/
 libc.a(*)
 libm.a(*)
 libgcc.a(*)

.ARM.attributes
                0x00000000       0x30
 *(.ARM.attributes)
 .ARM.attributes
                0x00000000       0x22 C:/ST/STM32CubeIDE_1.19.0/STM32CubeIDE/plugins/com.st.stm32cube.ide.mcu.externaltools.gnu-tools-for-stm32.13.3.rel1.win32_1.0.0.202411081344/tools/bin/../lib/gcc/arm-none-eabi/13.3.1/thumb/v7e-m+fp/hard/crti.o
 .ARM.attributes
                0x00000022       0x34 C:/ST/STM32CubeIDE_1.19.0/STM32CubeIDE/plugins/com.st.stm32cube.ide.mcu.externaltools.gnu-tools-for-stm32.13.3.rel1.win32_1.0.0.202411081344/tools/bin/../lib/gcc/arm-none-eabi/13.3.1/thumb/v7e-m+fp/hard/crtbegin.o
 .ARM.attributes
                0x00000056       0x34 ./Core/Src/abc_to_dq.o
 .ARM.attributes
                0x0000008a       0x34 ./Core/Src/adc_readings.o
 .ARM.attributes
                0x000000be       0x34 ./Core/Src/averageCalculations.o
 .ARM.attributes
                0x000000f2       0x34 ./Core/Src/counters.o
 .ARM.attributes
                0x00000126       0x34 ./Core/Src/currentController.o
 .ARM.attributes
                0x0000015a       0x34 ./Core/Src/diagnostics.o
 .ARM.attributes
                0x0000018e       0x34 ./Core/Src/dq_to_pwm.o
 .ARM.attributes
                0x000001c2       0x34 ./Core/Src/main.o
 .ARM.attributes
                0x000001f6       0x34 ./Core/Src/pll.o
 .ARM.attributes
                0x0000022a       0x34 ./Core/Src/pll_lock.o
 .ARM.attributes
                0x0000025e       0x34 ./Core/Src/rmsCalculations.o
 .ARM.attributes
                0x00000292       0x34 ./Core/Src/stateControl.o
 .ARM.attributes
                0x000002c6       0x34 ./Core/Src/stm32f4xx_hal_msp.o
 .ARM.attributes
                0x000002fa       0x34 ./Core/Src/stm32f4xx_it.o
 .ARM.attributes
                0x0000032e       0x34 ./Core/Src/system_stm32f4xx.o
 .ARM.attributes
                0x00000362       0x34 ./Core/Src/variables.o
 .ARM.attributes
                0x00000396       0x34 ./Core/Src/voltageController.o
 .ARM.attributes
                0x000003ca       0x21 ./Core/Startup/startup_stm32f407vgtx.o
 .ARM.attributes
                0x000003eb       0x34 ./Drivers/STM32F4xx_HAL_Driver/Src/stm32f4xx_hal.o
 .ARM.attributes
                0x0000041f       0x34 ./Drivers/STM32F4xx_HAL_Driver/Src/stm32f4xx_hal_adc.o
 .ARM.attributes
                0x00000453       0x34 ./Drivers/STM32F4xx_HAL_Driver/Src/stm32f4xx_hal_adc_ex.o
 .ARM.attributes
                0x00000487       0x34 ./Drivers/STM32F4xx_HAL_Driver/Src/stm32f4xx_hal_cortex.o
 .ARM.attributes
                0x000004bb       0x34 ./Drivers/STM32F4xx_HAL_Driver/Src/stm32f4xx_hal_dac.o
 .ARM.attributes
                0x000004ef       0x34 ./Drivers/STM32F4xx_HAL_Driver/Src/stm32f4xx_hal_dac_ex.o
 .ARM.attributes
                0x00000523       0x34 ./Drivers/STM32F4xx_HAL_Driver/Src/stm32f4xx_hal_dma.o
 .ARM.attributes
                0x00000557       0x34 ./Drivers/STM32F4xx_HAL_Driver/Src/stm32f4xx_hal_gpio.o
 .ARM.attributes
                0x0000058b       0x34 ./Drivers/STM32F4xx_HAL_Driver/Src/stm32f4xx_hal_rcc.o
 .ARM.attributes
                0x000005bf       0x34 ./Drivers/STM32F4xx_HAL_Driver/Src/stm32f4xx_hal_tim.o
 .ARM.attributes
                0x000005f3       0x34 ./Drivers/STM32F4xx_HAL_Driver/Src/stm32f4xx_hal_tim_ex.o
 .ARM.attributes
                0x00000627       0x34 C:/ST/STM32CubeIDE_1.19.0/STM32CubeIDE/plugins/com.st.stm32cube.ide.mcu.externaltools.gnu-tools-for-stm32.13.3.rel1.win32_1.0.0.202411081344/tools/bin/../lib/gcc/arm-none-eabi/13.3.1/../../../../arm-none-eabi/lib/thumb/v7e-m+fp/hard\libc_nano.a(libc_a-findfp.o)
 .ARM.attributes
                0x0000065b       0x34 C:/ST/STM32CubeIDE_1.19.0/STM32CubeIDE/plugins/com.st.stm32cube.ide.mcu.externaltools.gnu-tools-for-stm32.13.3.rel1.win32_1.0.0.202411081344/tools/bin/../lib/gcc/arm-none-eabi/13.3.1/../../../../arm-none-eabi/lib/thumb/v7e-m+fp/hard\libc_nano.a(libc_a-memset.o)
 .ARM.attributes
                0x0000068f       0x34 C:/ST/STM32CubeIDE_1.19.0/STM32CubeIDE/plugins/com.st.stm32cube.ide.mcu.externaltools.gnu-tools-for-stm32.13.3.rel1.win32_1.0.0.202411081344/tools/bin/../lib/gcc/arm-none-eabi/13.3.1/../../../../arm-none-eabi/lib/thumb/v7e-m+fp/hard\libc_nano.a(libc_a-impure.o)
 .ARM.attributes
                0x000006c3       0x34 C:/ST/STM32CubeIDE_1.19.0/STM32CubeIDE/plugins/com.st.stm32cube.ide.mcu.externaltools.gnu-tools-for-stm32.13.3.rel1.win32_1.0.0.202411081344/tools/bin/../lib/gcc/arm-none-eabi/13.3.1/../../../../arm-none-eabi/lib/thumb/v7e-m+fp/hard\libc_nano.a(libc_a-errno.o)
 .ARM.attributes
                0x000006f7       0x34 C:/ST/STM32CubeIDE_1.19.0/STM32CubeIDE/plugins/com.st.stm32cube.ide.mcu.externaltools.gnu-tools-for-stm32.13.3.rel1.win32_1.0.0.202411081344/tools/bin/../lib/gcc/arm-none-eabi/13.3.1/../../../../arm-none-eabi/lib/thumb/v7e-m+fp/hard\libc_nano.a(libc_a-init.o)
 .ARM.attributes
                0x0000072b       0x34 C:/ST/STM32CubeIDE_1.19.0/STM32CubeIDE/plugins/com.st.stm32cube.ide.mcu.externaltools.gnu-tools-for-stm32.13.3.rel1.win32_1.0.0.202411081344/tools/bin/../lib/gcc/arm-none-eabi/13.3.1/../../../../arm-none-eabi/lib/thumb/v7e-m+fp/hard\libm.a(libm_a-wf_sqrt.o)
 .ARM.attributes
                0x0000075f       0x34 C:/ST/STM32CubeIDE_1.19.0/STM32CubeIDE/plugins/com.st.stm32cube.ide.mcu.externaltools.gnu-tools-for-stm32.13.3.rel1.win32_1.0.0.202411081344/tools/bin/../lib/gcc/arm-none-eabi/13.3.1/../../../../arm-none-eabi/lib/thumb/v7e-m+fp/hard\libm.a(libm_a-sf_cos.o)
 .ARM.attributes
                0x00000793       0x34 C:/ST/STM32CubeIDE_1.19.0/STM32CubeIDE/plugins/com.st.stm32cube.ide.mcu.externaltools.gnu-tools-for-stm32.13.3.rel1.win32_1.0.0.202411081344/tools/bin/../lib/gcc/arm-none-eabi/13.3.1/../../../../arm-none-eabi/lib/thumb/v7e-m+fp/hard\libm.a(libm_a-sf_sin.o)
 .ARM.attributes
                0x000007c7       0x34 C:/ST/STM32CubeIDE_1.19.0/STM32CubeIDE/plugins/com.st.stm32cube.ide.mcu.externaltools.gnu-tools-for-stm32.13.3.rel1.win32_1.0.0.202411081344/tools/bin/../lib/gcc/arm-none-eabi/13.3.1/../../../../arm-none-eabi/lib/thumb/v7e-m+fp/hard\libm.a(libm_a-ef_sqrt.o)
 .ARM.attributes
                0x000007fb       0x34 C:/ST/STM32CubeIDE_1.19.0/STM32CubeIDE/plugins/com.st.stm32cube.ide.mcu.externaltools.gnu-tools-for-stm32.13.3.rel1.win32_1.0.0.202411081344/tools/bin/../lib/gcc/arm-none-eabi/13.3.1/../../../../arm-none-eabi/lib/thumb/v7e-m+fp/hard\libm.a(libm_a-kf_cos.o)
 .ARM.attributes
                0x0000082f       0x34 C:/ST/STM32CubeIDE_1.19.0/STM32CubeIDE/plugins/com.st.stm32cube.ide.mcu.externaltools.gnu-tools-for-stm32.13.3.rel1.win32_1.0.0.202411081344/tools/bin/../lib/gcc/arm-none-eabi/13.3.1/../../../../arm-none-eabi/lib/thumb/v7e-m+fp/hard\libm.a(libm_a-kf_sin.o)
 .ARM.attributes
                0x00000863       0x34 C:/ST/STM32CubeIDE_1.19.0/STM32CubeIDE/plugins/com.st.stm32cube.ide.mcu.externaltools.gnu-tools-for-stm32.13.3.rel1.win32_1.0.0.202411081344/tools/bin/../lib/gcc/arm-none-eabi/13.3.1/../../../../arm-none-eabi/lib/thumb/v7e-m+fp/hard\libm.a(libm_a-ef_rem_pio2.o)
 .ARM.attributes
                0x00000897       0x34 C:/ST/STM32CubeIDE_1.19.0/STM32CubeIDE/plugins/com.st.stm32cube.ide.mcu.externaltools.gnu-tools-for-stm32.13.3.rel1.win32_1.0.0.202411081344/tools/bin/../lib/gcc/arm-none-eabi/13.3.1/../../../../arm-none-eabi/lib/thumb/v7e-m+fp/hard\libm.a(libm_a-sf_fabs.o)
 .ARM.attributes
                0x000008cb       0x34 C:/ST/STM32CubeIDE_1.19.0/STM32CubeIDE/plugins/com.st.stm32cube.ide.mcu.externaltools.gnu-tools-for-stm32.13.3.rel1.win32_1.0.0.202411081344/tools/bin/../lib/gcc/arm-none-eabi/13.3.1/../../../../arm-none-eabi/lib/thumb/v7e-m+fp/hard\libm.a(libm_a-kf_rem_pio2.o)
 .ARM.attributes
                0x000008ff       0x34 C:/ST/STM32CubeIDE_1.19.0/STM32CubeIDE/plugins/com.st.stm32cube.ide.mcu.externaltools.gnu-tools-for-stm32.13.3.rel1.win32_1.0.0.202411081344/tools/bin/../lib/gcc/arm-none-eabi/13.3.1/../../../../arm-none-eabi/lib/thumb/v7e-m+fp/hard\libm.a(libm_a-sf_scalbn.o)
 .ARM.attributes
                0x00000933       0x34 C:/ST/STM32CubeIDE_1.19.0/STM32CubeIDE/plugins/com.st.stm32cube.ide.mcu.externaltools.gnu-tools-for-stm32.13.3.rel1.win32_1.0.0.202411081344/tools/bin/../lib/gcc/arm-none-eabi/13.3.1/../../../../arm-none-eabi/lib/thumb/v7e-m+fp/hard\libm.a(libm_a-sf_floor.o)
 .ARM.attributes
                0x00000967       0x22 C:/ST/STM32CubeIDE_1.19.0/STM32CubeIDE/plugins/com.st.stm32cube.ide.mcu.externaltools.gnu-tools-for-stm32.13.3.rel1.win32_1.0.0.202411081344/tools/bin/../lib/gcc/arm-none-eabi/13.3.1/thumb/v7e-m+fp/hard\libgcc.a(_arm_addsubdf3.o)
 .ARM.attributes
                0x00000989       0x22 C:/ST/STM32CubeIDE_1.19.0/STM32CubeIDE/plugins/com.st.stm32cube.ide.mcu.externaltools.gnu-tools-for-stm32.13.3.rel1.win32_1.0.0.202411081344/tools/bin/../lib/gcc/arm-none-eabi/13.3.1/thumb/v7e-m+fp/hard\libgcc.a(_arm_cmpdf2.o)
 .ARM.attributes
                0x000009ab       0x22 C:/ST/STM32CubeIDE_1.19.0/STM32CubeIDE/plugins/com.st.stm32cube.ide.mcu.externaltools.gnu-tools-for-stm32.13.3.rel1.win32_1.0.0.202411081344/tools/bin/../lib/gcc/arm-none-eabi/13.3.1/thumb/v7e-m+fp/hard\libgcc.a(_arm_truncdfsf2.o)
 .ARM.attributes
                0x000009cd       0x22 C:/ST/STM32CubeIDE_1.19.0/STM32CubeIDE/plugins/com.st.stm32cube.ide.mcu.externaltools.gnu-tools-for-stm32.13.3.rel1.win32_1.0.0.202411081344/tools/bin/../lib/gcc/arm-none-eabi/13.3.1/thumb/v7e-m+fp/hard\libgcc.a(_aeabi_uldivmod.o)
 .ARM.attributes
                0x000009ef       0x34 C:/ST/STM32CubeIDE_1.19.0/STM32CubeIDE/plugins/com.st.stm32cube.ide.mcu.externaltools.gnu-tools-for-stm32.13.3.rel1.win32_1.0.0.202411081344/tools/bin/../lib/gcc/arm-none-eabi/13.3.1/thumb/v7e-m+fp/hard\libgcc.a(_udivmoddi4.o)
 .ARM.attributes
                0x00000a23       0x22 C:/ST/STM32CubeIDE_1.19.0/STM32CubeIDE/plugins/com.st.stm32cube.ide.mcu.externaltools.gnu-tools-for-stm32.13.3.rel1.win32_1.0.0.202411081344/tools/bin/../lib/gcc/arm-none-eabi/13.3.1/thumb/v7e-m+fp/hard\libgcc.a(_dvmd_tls.o)
 .ARM.attributes
                0x00000a45       0x22 C:/ST/STM32CubeIDE_1.19.0/STM32CubeIDE/plugins/com.st.stm32cube.ide.mcu.externaltools.gnu-tools-for-stm32.13.3.rel1.win32_1.0.0.202411081344/tools/bin/../lib/gcc/arm-none-eabi/13.3.1/thumb/v7e-m+fp/hard/crtn.o
OUTPUT(Front_End.elf elf32-littlearm)
LOAD linker stubs
LOAD C:/ST/STM32CubeIDE_1.19.0/STM32CubeIDE/plugins/com.st.stm32cube.ide.mcu.externaltools.gnu-tools-for-stm32.13.3.rel1.win32_1.0.0.202411081344/tools/bin/../lib/gcc/arm-none-eabi/13.3.1/../../../../arm-none-eabi/lib/thumb/v7e-m+fp/hard\libc.a
LOAD C:/ST/STM32CubeIDE_1.19.0/STM32CubeIDE/plugins/com.st.stm32cube.ide.mcu.externaltools.gnu-tools-for-stm32.13.3.rel1.win32_1.0.0.202411081344/tools/bin/../lib/gcc/arm-none-eabi/13.3.1/../../../../arm-none-eabi/lib/thumb/v7e-m+fp/hard\libm.a
LOAD C:/ST/STM32CubeIDE_1.19.0/STM32CubeIDE/plugins/com.st.stm32cube.ide.mcu.externaltools.gnu-tools-for-stm32.13.3.rel1.win32_1.0.0.202411081344/tools/bin/../lib/gcc/arm-none-eabi/13.3.1/thumb/v7e-m+fp/hard\libgcc.a

.debug_info     0x00000000    0x10c07
 .debug_info    0x00000000      0x2cf ./Core/Src/abc_to_dq.o
 .debug_info    0x000002cf      0x2c1 ./Core/Src/adc_readings.o
 .debug_info    0x00000590      0x2f5 ./Core/Src/averageCalculations.o
 .debug_info    0x00000885       0xfc ./Core/Src/counters.o
 .debug_info    0x00000981      0x430 ./Core/Src/currentController.o
 .debug_info    0x00000db1      0x3c5 ./Core/Src/diagnostics.o
 .debug_info    0x00001176      0x627 ./Core/Src/dq_to_pwm.o
 .debug_info    0x0000179d     0x174a ./Core/Src/main.o
 .debug_info    0x00002ee7      0x2cf ./Core/Src/pll.o
 .debug_info    0x000031b6      0x282 ./Core/Src/pll_lock.o
 .debug_info    0x00003438      0x3f8 ./Core/Src/rmsCalculations.o
 .debug_info    0x00003830      0x38b ./Core/Src/stateControl.o
 .debug_info    0x00003bbb     0x12bf ./Core/Src/stm32f4xx_hal_msp.o
 .debug_info    0x00004e7a      0xfb4 ./Core/Src/stm32f4xx_it.o
 .debug_info    0x00005e2e      0x512 ./Core/Src/system_stm32f4xx.o
 .debug_info    0x00006340      0xea5 ./Core/Src/variables.o
 .debug_info    0x000071e5      0x2a1 ./Core/Src/voltageController.o
 .debug_info    0x00007486       0x30 ./Core/Startup/startup_stm32f407vgtx.o
 .debug_info    0x000074b6      0x944 ./Drivers/STM32F4xx_HAL_Driver/Src/stm32f4xx_hal.o
 .debug_info    0x00007dfa      0xce3 ./Drivers/STM32F4xx_HAL_Driver/Src/stm32f4xx_hal_adc.o
 .debug_info    0x00008add      0xb68 ./Drivers/STM32F4xx_HAL_Driver/Src/stm32f4xx_hal_adc_ex.o
 .debug_info    0x00009645      0xd8c ./Drivers/STM32F4xx_HAL_Driver/Src/stm32f4xx_hal_cortex.o
 .debug_info    0x0000a3d1      0xa01 ./Drivers/STM32F4xx_HAL_Driver/Src/stm32f4xx_hal_dac.o
 .debug_info    0x0000add2      0x750 ./Drivers/STM32F4xx_HAL_Driver/Src/stm32f4xx_hal_dac_ex.o
 .debug_info    0x0000b522      0x8e7 ./Drivers/STM32F4xx_HAL_Driver/Src/stm32f4xx_hal_dma.o
 .debug_info    0x0000be09      0x6c3 ./Drivers/STM32F4xx_HAL_Driver/Src/stm32f4xx_hal_gpio.o
 .debug_info    0x0000c4cc      0x8c3 ./Drivers/STM32F4xx_HAL_Driver/Src/stm32f4xx_hal_rcc.o
 .debug_info    0x0000cd8f     0x299d ./Drivers/STM32F4xx_HAL_Driver/Src/stm32f4xx_hal_tim.o
 .debug_info    0x0000f72c     0x14db ./Drivers/STM32F4xx_HAL_Driver/Src/stm32f4xx_hal_tim_ex.o

.debug_abbrev   0x00000000     0x2d4e
 .debug_abbrev  0x00000000       0xc9 ./Core/Src/abc_to_dq.o
 .debug_abbrev  0x000000c9       0xb8 ./Core/Src/adc_readings.o
 .debug_abbrev  0x00000181       0xe1 ./Core/Src/averageCalculations.o
 .debug_abbrev  0x00000262       0x86 ./Core/Src/counters.o
 .debug_abbrev  0x000002e8       0xaa ./Core/Src/currentController.o
 .debug_abbrev  0x00000392       0xc5 ./Core/Src/diagnostics.o
 .debug_abbrev  0x00000457      0x11d ./Core/Src/dq_to_pwm.o
 .debug_abbrev  0x00000574      0x30f ./Core/Src/main.o
 .debug_abbrev  0x00000883       0xc9 ./Core/Src/pll.o
 .debug_abbrev  0x0000094c       0xa9 ./Core/Src/pll_lock.o
 .debug_abbrev  0x000009f5      0x115 ./Core/Src/rmsCalculations.o
 .debug_abbrev  0x00000b0a       0xe0 ./Core/Src/stateControl.o
 .debug_abbrev  0x00000bea      0x256 ./Core/Src/stm32f4xx_hal_msp.o
 .debug_abbrev  0x00000e40      0x217 ./Core/Src/stm32f4xx_it.o
 .debug_abbrev  0x00001057      0x11a ./Core/Src/system_stm32f4xx.o
 .debug_abbrev  0x00001171      0x14a ./Core/Src/variables.o
 .debug_abbrev  0x000012bb       0xa9 ./Core/Src/voltageController.o
 .debug_abbrev  0x00001364       0x24 ./Core/Startup/startup_stm32f407vgtx.o
 .debug_abbrev  0x00001388      0x214 ./Drivers/STM32F4xx_HAL_Driver/Src/stm32f4xx_hal.o
 .debug_abbrev  0x0000159c      0x252 ./Drivers/STM32F4xx_HAL_Driver/Src/stm32f4xx_hal_adc.o
 .debug_abbrev  0x000017ee      0x270 ./Drivers/STM32F4xx_HAL_Driver/Src/stm32f4xx_hal_adc_ex.o
 .debug_abbrev  0x00001a5e      0x31d ./Drivers/STM32F4xx_HAL_Driver/Src/stm32f4xx_hal_cortex.o
 .debug_abbrev  0x00001d7b      0x1fa ./Drivers/STM32F4xx_HAL_Driver/Src/stm32f4xx_hal_dac.o
 .debug_abbrev  0x00001f75      0x1ef ./Drivers/STM32F4xx_HAL_Driver/Src/stm32f4xx_hal_dac_ex.o
 .debug_abbrev  0x00002164      0x264 ./Drivers/STM32F4xx_HAL_Driver/Src/stm32f4xx_hal_dma.o
 .debug_abbrev  0x000023c8      0x1d4 ./Drivers/STM32F4xx_HAL_Driver/Src/stm32f4xx_hal_gpio.o
 .debug_abbrev  0x0000259c      0x2b7 ./Drivers/STM32F4xx_HAL_Driver/Src/stm32f4xx_hal_rcc.o
 .debug_abbrev  0x00002853      0x278 ./Drivers/STM32F4xx_HAL_Driver/Src/stm32f4xx_hal_tim.o
 .debug_abbrev  0x00002acb      0x283 ./Drivers/STM32F4xx_HAL_Driver/Src/stm32f4xx_hal_tim_ex.o

.debug_aranges  0x00000000      0xf08
 .debug_aranges
                0x00000000       0x20 ./Core/Src/abc_to_dq.o
 .debug_aranges
                0x00000020       0x20 ./Core/Src/adc_readings.o
 .debug_aranges
                0x00000040       0x28 ./Core/Src/averageCalculations.o
 .debug_aranges
                0x00000068       0x28 ./Core/Src/counters.o
 .debug_aranges
                0x00000090       0x20 ./Core/Src/currentController.o
 .debug_aranges
                0x000000b0       0x30 ./Core/Src/diagnostics.o
 .debug_aranges
                0x000000e0       0x20 ./Core/Src/dq_to_pwm.o
 .debug_aranges
                0x00000100       0x70 ./Core/Src/main.o
 .debug_aranges
                0x00000170       0x20 ./Core/Src/pll.o
 .debug_aranges
                0x00000190       0x20 ./Core/Src/pll_lock.o
 .debug_aranges
                0x000001b0       0x28 ./Core/Src/rmsCalculations.o
 .debug_aranges
                0x000001d8       0x30 ./Core/Src/stateControl.o
 .debug_aranges
                0x00000208       0x58 ./Core/Src/stm32f4xx_hal_msp.o
 .debug_aranges
                0x00000260       0xa0 ./Core/Src/stm32f4xx_it.o
 .debug_aranges
                0x00000300       0x28 ./Core/Src/system_stm32f4xx.o
 .debug_aranges
                0x00000328       0x18 ./Core/Src/variables.o
 .debug_aranges
                0x00000340       0x20 ./Core/Src/voltageController.o
 .debug_aranges
                0x00000360       0x28 ./Core/Startup/startup_stm32f407vgtx.o
 .debug_aranges
                0x00000388       0xf0 ./Drivers/STM32F4xx_HAL_Driver/Src/stm32f4xx_hal.o
 .debug_aranges
                0x00000478       0xe8 ./Drivers/STM32F4xx_HAL_Driver/Src/stm32f4xx_hal_adc.o
 .debug_aranges
                0x00000560       0x90 ./Drivers/STM32F4xx_HAL_Driver/Src/stm32f4xx_hal_adc_ex.o
 .debug_aranges
                0x000005f0      0x130 ./Drivers/STM32F4xx_HAL_Driver/Src/stm32f4xx_hal_cortex.o
 .debug_aranges
                0x00000720       0xc0 ./Drivers/STM32F4xx_HAL_Driver/Src/stm32f4xx_hal_dac.o
 .debug_aranges
                0x000007e0       0x80 ./Drivers/STM32F4xx_HAL_Driver/Src/stm32f4xx_hal_dac_ex.o
 .debug_aranges
                0x00000860       0x90 ./Drivers/STM32F4xx_HAL_Driver/Src/stm32f4xx_hal_dma.o
 .debug_aranges
                0x000008f0       0x58 ./Drivers/STM32F4xx_HAL_Driver/Src/stm32f4xx_hal_gpio.o
 .debug_aranges
                0x00000948       0x88 ./Drivers/STM32F4xx_HAL_Driver/Src/stm32f4xx_hal_rcc.o
 .debug_aranges
                0x000009d0      0x3d0 ./Drivers/STM32F4xx_HAL_Driver/Src/stm32f4xx_hal_tim.o
 .debug_aranges
                0x00000da0      0x168 ./Drivers/STM32F4xx_HAL_Driver/Src/stm32f4xx_hal_tim_ex.o

.debug_rnglists
                0x00000000      0xb4e
 .debug_rnglists
                0x00000000       0x14 ./Core/Src/abc_to_dq.o
 .debug_rnglists
                0x00000014       0x14 ./Core/Src/adc_readings.o
 .debug_rnglists
                0x00000028       0x1a ./Core/Src/averageCalculations.o
 .debug_rnglists
                0x00000042       0x19 ./Core/Src/counters.o
 .debug_rnglists
                0x0000005b       0x14 ./Core/Src/currentController.o
 .debug_rnglists
                0x0000006f       0x22 ./Core/Src/diagnostics.o
 .debug_rnglists
                0x00000091       0x14 ./Core/Src/dq_to_pwm.o
 .debug_rnglists
                0x000000a5       0x55 ./Core/Src/main.o
 .debug_rnglists
                0x000000fa       0x14 ./Core/Src/pll.o
 .debug_rnglists
                0x0000010e       0x13 ./Core/Src/pll_lock.o
 .debug_rnglists
                0x00000121       0x1b ./Core/Src/rmsCalculations.o
 .debug_rnglists
                0x0000013c       0x20 ./Core/Src/stateControl.o
 .debug_rnglists
                0x0000015c       0x42 ./Core/Src/stm32f4xx_hal_msp.o
 .debug_rnglists
                0x0000019e       0x74 ./Core/Src/stm32f4xx_it.o
 .debug_rnglists
                0x00000212       0x1a ./Core/Src/system_stm32f4xx.o
 .debug_rnglists
                0x0000022c       0x14 ./Core/Src/voltageController.o
 .debug_rnglists
                0x00000240       0x19 ./Core/Startup/startup_stm32f407vgtx.o
 .debug_rnglists
                0x00000259       0xaf ./Drivers/STM32F4xx_HAL_Driver/Src/stm32f4xx_hal.o
 .debug_rnglists
                0x00000308       0xb5 ./Drivers/STM32F4xx_HAL_Driver/Src/stm32f4xx_hal_adc.o
 .debug_rnglists
                0x000003bd       0x71 ./Drivers/STM32F4xx_HAL_Driver/Src/stm32f4xx_hal_adc_ex.o
 .debug_rnglists
                0x0000042e       0xe0 ./Drivers/STM32F4xx_HAL_Driver/Src/stm32f4xx_hal_cortex.o
 .debug_rnglists
                0x0000050e       0x90 ./Drivers/STM32F4xx_HAL_Driver/Src/stm32f4xx_hal_dac.o
 .debug_rnglists
                0x0000059e       0x5c ./Drivers/STM32F4xx_HAL_Driver/Src/stm32f4xx_hal_dac_ex.o
 .debug_rnglists
                0x000005fa       0x70 ./Drivers/STM32F4xx_HAL_Driver/Src/stm32f4xx_hal_dma.o
 .debug_rnglists
                0x0000066a       0x3f ./Drivers/STM32F4xx_HAL_Driver/Src/stm32f4xx_hal_gpio.o
 .debug_rnglists
                0x000006a9       0x66 ./Drivers/STM32F4xx_HAL_Driver/Src/stm32f4xx_hal_rcc.o
 .debug_rnglists
                0x0000070f      0x31a ./Drivers/STM32F4xx_HAL_Driver/Src/stm32f4xx_hal_tim.o
 .debug_rnglists
                0x00000a29      0x125 ./Drivers/STM32F4xx_HAL_Driver/Src/stm32f4xx_hal_tim_ex.o

.debug_macro    0x00000000    0x247d9
 .debug_macro   0x00000000      0x2b7 ./Core/Src/abc_to_dq.o
 .debug_macro   0x000002b7      0xad8 ./Core/Src/abc_to_dq.o
 .debug_macro   0x00000d8f       0x22 ./Core/Src/abc_to_dq.o
 .debug_macro   0x00000db1       0x5b ./Core/Src/abc_to_dq.o
 .debug_macro   0x00000e0c       0x2a ./Core/Src/abc_to_dq.o
 .debug_macro   0x00000e36       0x94 ./Core/Src/abc_to_dq.o
 .debug_macro   0x00000eca       0x43 ./Core/Src/abc_to_dq.o
 .debug_macro   0x00000f0d       0x34 ./Core/Src/abc_to_dq.o
 .debug_macro   0x00000f41      0x190 ./Core/Src/abc_to_dq.o
 .debug_macro   0x000010d1       0x57 ./Core/Src/abc_to_dq.o
 .debug_macro   0x00001128      0x370 ./Core/Src/abc_to_dq.o
 .debug_macro   0x00001498       0x16 ./Core/Src/abc_to_dq.o
 .debug_macro   0x000014ae       0x4a ./Core/Src/abc_to_dq.o
 .debug_macro   0x000014f8       0x34 ./Core/Src/abc_to_dq.o
 .debug_macro   0x0000152c       0x10 ./Core/Src/abc_to_dq.o
 .debug_macro   0x0000153c       0x58 ./Core/Src/abc_to_dq.o
 .debug_macro   0x00001594       0x8e ./Core/Src/abc_to_dq.o
 .debug_macro   0x00001622       0x1c ./Core/Src/abc_to_dq.o
 .debug_macro   0x0000163e      0x185 ./Core/Src/abc_to_dq.o
 .debug_macro   0x000017c3      0x19b ./Core/Src/abc_to_dq.o
 .debug_macro   0x0000195e       0x2e ./Core/Src/abc_to_dq.o
 .debug_macro   0x0000198c       0x2f ./Core/Src/abc_to_dq.o
 .debug_macro   0x000019bb      0x103 ./Core/Src/abc_to_dq.o
 .debug_macro   0x00001abe       0x6a ./Core/Src/abc_to_dq.o
 .debug_macro   0x00001b28      0x1df ./Core/Src/abc_to_dq.o
 .debug_macro   0x00001d07       0x1c ./Core/Src/abc_to_dq.o
 .debug_macro   0x00001d23       0x22 ./Core/Src/abc_to_dq.o
 .debug_macro   0x00001d45       0xfb ./Core/Src/abc_to_dq.o
 .debug_macro   0x00001e40     0x1011 ./Core/Src/abc_to_dq.o
 .debug_macro   0x00002e51      0x11f ./Core/Src/abc_to_dq.o
 .debug_macro   0x00002f70    0x15ea5 ./Core/Src/abc_to_dq.o
 .debug_macro   0x00018e15       0x6d ./Core/Src/abc_to_dq.o
 .debug_macro   0x00018e82      0x2a1 ./Core/Src/abc_to_dq.o
 .debug_macro   0x00019123     0x3693 ./Core/Src/abc_to_dq.o
 .debug_macro   0x0001c7b6       0x56 ./Core/Src/abc_to_dq.o
 .debug_macro   0x0001c80c      0x980 ./Core/Src/abc_to_dq.o
 .debug_macro   0x0001d18c      0x9e9 ./Core/Src/abc_to_dq.o
 .debug_macro   0x0001db75      0x115 ./Core/Src/abc_to_dq.o
 .debug_macro   0x0001dc8a      0x13e ./Core/Src/abc_to_dq.o
 .debug_macro   0x0001ddc8       0xa5 ./Core/Src/abc_to_dq.o
 .debug_macro   0x0001de6d      0x174 ./Core/Src/abc_to_dq.o
 .debug_macro   0x0001dfe1      0x287 ./Core/Src/abc_to_dq.o
 .debug_macro   0x0001e268       0x5f ./Core/Src/abc_to_dq.o
 .debug_macro   0x0001e2c7      0x236 ./Core/Src/abc_to_dq.o
 .debug_macro   0x0001e4fd      0xb5b ./Core/Src/abc_to_dq.o
 .debug_macro   0x0001f058      0x38b ./Core/Src/abc_to_dq.o
 .debug_macro   0x0001f3e3      0x176 ./Core/Src/abc_to_dq.o
 .debug_macro   0x0001f559       0xf9 ./Core/Src/abc_to_dq.o
 .debug_macro   0x0001f652      0x122 ./Core/Src/abc_to_dq.o
 .debug_macro   0x0001f774       0xa6 ./Core/Src/abc_to_dq.o
 .debug_macro   0x0001f81a      0x12c ./Core/Src/abc_to_dq.o
 .debug_macro   0x0001f946      0x21e ./Core/Src/abc_to_dq.o
 .debug_macro   0x0001fb64       0x2e ./Core/Src/abc_to_dq.o
 .debug_macro   0x0001fb92      0x127 ./Core/Src/abc_to_dq.o
 .debug_macro   0x0001fcb9       0x7e ./Core/Src/abc_to_dq.o
 .debug_macro   0x0001fd37       0x89 ./Core/Src/abc_to_dq.o
 .debug_macro   0x0001fdc0      0x8ed ./Core/Src/abc_to_dq.o
 .debug_macro   0x000206ad       0x4d ./Core/Src/abc_to_dq.o
 .debug_macro   0x000206fa      0x12d ./Core/Src/abc_to_dq.o
 .debug_macro   0x00020827       0x22 ./Core/Src/abc_to_dq.o
 .debug_macro   0x00020849       0x5e ./Core/Src/abc_to_dq.o
 .debug_macro   0x000208a7      0x212 ./Core/Src/adc_readings.o
 .debug_macro   0x00020ab9       0x8e ./Core/Src/adc_readings.o
 .debug_macro   0x00020b47       0x51 ./Core/Src/adc_readings.o
 .debug_macro   0x00020b98       0x5c ./Core/Src/adc_readings.o
 .debug_macro   0x00020bf4      0x2b7 ./Core/Src/averageCalculations.o
 .debug_macro   0x00020eab      0x212 ./Core/Src/counters.o
 .debug_macro   0x000210bd      0x2b7 ./Core/Src/currentController.o
 .debug_macro   0x00021374      0x212 ./Core/Src/diagnostics.o
 .debug_macro   0x00021586      0x2b7 ./Core/Src/dq_to_pwm.o
 .debug_macro   0x0002183d      0x2c7 ./Core/Src/main.o
 .debug_macro   0x00021b04       0x61 ./Core/Src/main.o
 .debug_macro   0x00021b65      0x2b7 ./Core/Src/pll.o
 .debug_macro   0x00021e1c      0x212 ./Core/Src/pll_lock.o
 .debug_macro   0x0002202e      0x2b7 ./Core/Src/rmsCalculations.o
 .debug_macro   0x000222e5      0x212 ./Core/Src/stateControl.o
 .debug_macro   0x000224f7      0x20a ./Core/Src/stm32f4xx_hal_msp.o
 .debug_macro   0x00022701      0x2d1 ./Core/Src/stm32f4xx_it.o
 .debug_macro   0x000229d2      0x200 ./Core/Src/system_stm32f4xx.o
 .debug_macro   0x00022bd2      0x2bd ./Core/Src/variables.o
 .debug_macro   0x00022e8f      0x2b7 ./Core/Src/voltageController.o
 .debug_macro   0x00023146      0x260 ./Drivers/STM32F4xx_HAL_Driver/Src/stm32f4xx_hal.o
 .debug_macro   0x000233a6      0x201 ./Drivers/STM32F4xx_HAL_Driver/Src/stm32f4xx_hal_adc.o
 .debug_macro   0x000235a7      0x200 ./Drivers/STM32F4xx_HAL_Driver/Src/stm32f4xx_hal_adc_ex.o
 .debug_macro   0x000237a7      0x200 ./Drivers/STM32F4xx_HAL_Driver/Src/stm32f4xx_hal_cortex.o
 .debug_macro   0x000239a7      0x201 ./Drivers/STM32F4xx_HAL_Driver/Src/stm32f4xx_hal_dac.o
 .debug_macro   0x00023ba8      0x200 ./Drivers/STM32F4xx_HAL_Driver/Src/stm32f4xx_hal_dac_ex.o
 .debug_macro   0x00023da8      0x206 ./Drivers/STM32F4xx_HAL_Driver/Src/stm32f4xx_hal_dma.o
 .debug_macro   0x00023fae      0x206 ./Drivers/STM32F4xx_HAL_Driver/Src/stm32f4xx_hal_gpio.o
 .debug_macro   0x000241b4      0x224 ./Drivers/STM32F4xx_HAL_Driver/Src/stm32f4xx_hal_rcc.o
 .debug_macro   0x000243d8      0x201 ./Drivers/STM32F4xx_HAL_Driver/Src/stm32f4xx_hal_tim.o
 .debug_macro   0x000245d9      0x200 ./Drivers/STM32F4xx_HAL_Driver/Src/stm32f4xx_hal_tim_ex.o

.debug_line     0x00000000    0x16ea8
 .debug_line    0x00000000      0x95b ./Core/Src/abc_to_dq.o
 .debug_line    0x0000095b      0x914 ./Core/Src/adc_readings.o
 .debug_line    0x0000126f      0x999 ./Core/Src/averageCalculations.o
 .debug_line    0x00001c08      0x7e2 ./Core/Src/counters.o
 .debug_line    0x000023ea      0xa0b ./Core/Src/currentController.o
 .debug_line    0x00002df5      0x918 ./Core/Src/diagnostics.o
 .debug_line    0x0000370d      0xa2c ./Core/Src/dq_to_pwm.o
 .debug_line    0x00004139      0xc92 ./Core/Src/main.o
 .debug_line    0x00004dcb      0xa77 ./Core/Src/pll.o
 .debug_line    0x00005842      0x7e0 ./Core/Src/pll_lock.o
 .debug_line    0x00006022      0xa7f ./Core/Src/rmsCalculations.o
 .debug_line    0x00006aa1      0x911 ./Core/Src/stateControl.o
 .debug_line    0x000073b2      0x95d ./Core/Src/stm32f4xx_hal_msp.o
 .debug_line    0x00007d0f      0xb37 ./Core/Src/stm32f4xx_it.o
 .debug_line    0x00008846      0x81c ./Core/Src/system_stm32f4xx.o
 .debug_line    0x00009062      0x8d1 ./Core/Src/variables.o
 .debug_line    0x00009933      0x971 ./Core/Src/voltageController.o
 .debug_line    0x0000a2a4       0x7a ./Core/Startup/startup_stm32f407vgtx.o
 .debug_line    0x0000a31e      0xa98 ./Drivers/STM32F4xx_HAL_Driver/Src/stm32f4xx_hal.o
 .debug_line    0x0000adb6     0x12af ./Drivers/STM32F4xx_HAL_Driver/Src/stm32f4xx_hal_adc.o
 .debug_line    0x0000c065      0xee3 ./Drivers/STM32F4xx_HAL_Driver/Src/stm32f4xx_hal_adc_ex.o
 .debug_line    0x0000cf48      0xd68 ./Drivers/STM32F4xx_HAL_Driver/Src/stm32f4xx_hal_cortex.o
 .debug_line    0x0000dcb0      0xbaa ./Drivers/STM32F4xx_HAL_Driver/Src/stm32f4xx_hal_dac.o
 .debug_line    0x0000e85a      0x9ae ./Drivers/STM32F4xx_HAL_Driver/Src/stm32f4xx_hal_dac_ex.o
 .debug_line    0x0000f208     0x1004 ./Drivers/STM32F4xx_HAL_Driver/Src/stm32f4xx_hal_dma.o
 .debug_line    0x0001020c      0xbf0 ./Drivers/STM32F4xx_HAL_Driver/Src/stm32f4xx_hal_gpio.o
 .debug_line    0x00010dfc      0xea7 ./Drivers/STM32F4xx_HAL_Driver/Src/stm32f4xx_hal_rcc.o
 .debug_line    0x00011ca3     0x380d ./Drivers/STM32F4xx_HAL_Driver/Src/stm32f4xx_hal_tim.o
 .debug_line    0x000154b0     0x19f8 ./Drivers/STM32F4xx_HAL_Driver/Src/stm32f4xx_hal_tim_ex.o

.debug_str      0x00000000    0xd835e
 .debug_str     0x00000000    0xd835e ./Core/Src/abc_to_dq.o
                              0xd3d0e (size before relaxing)
 .debug_str     0x000d835e    0xd0425 ./Core/Src/adc_readings.o
 .debug_str     0x000d835e    0xd3dbd ./Core/Src/averageCalculations.o
 .debug_str     0x000d835e    0xd02d3 ./Core/Src/counters.o
 .debug_str     0x000d835e    0xd3e1f ./Core/Src/currentController.o
 .debug_str     0x000d835e    0xd047d ./Core/Src/diagnostics.o
 .debug_str     0x000d835e    0xd3ea1 ./Core/Src/dq_to_pwm.o
 .debug_str     0x000d835e    0xd5046 ./Core/Src/main.o
 .debug_str     0x000d835e    0xd3cfe ./Core/Src/pll.o
 .debug_str     0x000d835e    0xd03ef ./Core/Src/pll_lock.o
 .debug_str     0x000d835e    0xd3e19 ./Core/Src/rmsCalculations.o
 .debug_str     0x000d835e    0xd04ab ./Core/Src/stateControl.o
 .debug_str     0x000d835e    0xd093a ./Core/Src/stm32f4xx_hal_msp.o
 .debug_str     0x000d835e    0xd47ff ./Core/Src/stm32f4xx_it.o
 .debug_str     0x000d835e    0xcfb36 ./Core/Src/system_stm32f4xx.o
 .debug_str     0x000d835e    0xd4358 ./Core/Src/variables.o
 .debug_str     0x000d835e    0xd3d74 ./Core/Src/voltageController.o
 .debug_str     0x000d835e       0x88 ./Core/Startup/startup_stm32f407vgtx.o
 .debug_str     0x000d835e    0xd06ba ./Drivers/STM32F4xx_HAL_Driver/Src/stm32f4xx_hal.o
 .debug_str     0x000d835e    0xd0123 ./Drivers/STM32F4xx_HAL_Driver/Src/stm32f4xx_hal_adc.o
 .debug_str     0x000d835e    0xd0177 ./Drivers/STM32F4xx_HAL_Driver/Src/stm32f4xx_hal_adc_ex.o
 .debug_str     0x000d835e    0xd0436 ./Drivers/STM32F4xx_HAL_Driver/Src/stm32f4xx_hal_cortex.o
 .debug_str     0x000d835e    0xcffb8 ./Drivers/STM32F4xx_HAL_Driver/Src/stm32f4xx_hal_dac.o
 .debug_str     0x000d835e    0xcfe93 ./Drivers/STM32F4xx_HAL_Driver/Src/stm32f4xx_hal_dac_ex.o
 .debug_str     0x000d835e    0xcff50 ./Drivers/STM32F4xx_HAL_Driver/Src/stm32f4xx_hal_dma.o
 .debug_str     0x000d835e    0xcfcb1 ./Drivers/STM32F4xx_HAL_Driver/Src/stm32f4xx_hal_gpio.o
 .debug_str     0x000d835e    0xcff6a ./Drivers/STM32F4xx_HAL_Driver/Src/stm32f4xx_hal_rcc.o
 .debug_str     0x000d835e    0xd0ec0 ./Drivers/STM32F4xx_HAL_Driver/Src/stm32f4xx_hal_tim.o
 .debug_str     0x000d835e    0xd06cc ./Drivers/STM32F4xx_HAL_Driver/Src/stm32f4xx_hal_tim_ex.o

.comment        0x00000000       0x43
 .comment       0x00000000       0x43 ./Core/Src/abc_to_dq.o
                                 0x44 (size before relaxing)
 .comment       0x00000043       0x44 ./Core/Src/adc_readings.o
 .comment       0x00000043       0x44 ./Core/Src/averageCalculations.o
 .comment       0x00000043       0x44 ./Core/Src/counters.o
 .comment       0x00000043       0x44 ./Core/Src/currentController.o
 .comment       0x00000043       0x44 ./Core/Src/diagnostics.o
 .comment       0x00000043       0x44 ./Core/Src/dq_to_pwm.o
 .comment       0x00000043       0x44 ./Core/Src/main.o
 .comment       0x00000043       0x44 ./Core/Src/pll.o
 .comment       0x00000043       0x44 ./Core/Src/pll_lock.o
 .comment       0x00000043       0x44 ./Core/Src/rmsCalculations.o
 .comment       0x00000043       0x44 ./Core/Src/stateControl.o
 .comment       0x00000043       0x44 ./Core/Src/stm32f4xx_hal_msp.o
 .comment       0x00000043       0x44 ./Core/Src/stm32f4xx_it.o
 .comment       0x00000043       0x44 ./Core/Src/system_stm32f4xx.o
 .comment       0x00000043       0x44 ./Core/Src/variables.o
 .comment       0x00000043       0x44 ./Core/Src/voltageController.o
 .comment       0x00000043       0x44 ./Drivers/STM32F4xx_HAL_Driver/Src/stm32f4xx_hal.o
 .comment       0x00000043       0x44 ./Drivers/STM32F4xx_HAL_Driver/Src/stm32f4xx_hal_adc.o
 .comment       0x00000043       0x44 ./Drivers/STM32F4xx_HAL_Driver/Src/stm32f4xx_hal_adc_ex.o
 .comment       0x00000043       0x44 ./Drivers/STM32F4xx_HAL_Driver/Src/stm32f4xx_hal_cortex.o
 .comment       0x00000043       0x44 ./Drivers/STM32F4xx_HAL_Driver/Src/stm32f4xx_hal_dac.o
 .comment       0x00000043       0x44 ./Drivers/STM32F4xx_HAL_Driver/Src/stm32f4xx_hal_dac_ex.o
 .comment       0x00000043       0x44 ./Drivers/STM32F4xx_HAL_Driver/Src/stm32f4xx_hal_dma.o
 .comment       0x00000043       0x44 ./Drivers/STM32F4xx_HAL_Driver/Src/stm32f4xx_hal_gpio.o
 .comment       0x00000043       0x44 ./Drivers/STM32F4xx_HAL_Driver/Src/stm32f4xx_hal_rcc.o
 .comment       0x00000043       0x44 ./Drivers/STM32F4xx_HAL_Driver/Src/stm32f4xx_hal_tim.o
 .comment       0x00000043       0x44 ./Drivers/STM32F4xx_HAL_Driver/Src/stm32f4xx_hal_tim_ex.o

.debug_frame    0x00000000     0x3f4c
 .debug_frame   0x00000000       0x2c ./Core/Src/abc_to_dq.o
 .debug_frame   0x0000002c       0x34 ./Core/Src/adc_readings.o
 .debug_frame   0x00000060       0x50 ./Core/Src/averageCalculations.o
 .debug_frame   0x000000b0       0x50 ./Core/Src/counters.o
 .debug_frame   0x00000100       0x34 ./Core/Src/currentController.o
 .debug_frame   0x00000134       0x64 ./Core/Src/diagnostics.o
 .debug_frame   0x00000198       0x40 ./Core/Src/dq_to_pwm.o
 .debug_frame   0x000001d8      0x190 ./Core/Src/main.o
 .debug_frame   0x00000368       0x2c ./Core/Src/pll.o
 .debug_frame   0x00000394       0x30 ./Core/Src/pll_lock.o
 .debug_frame   0x000003c4       0x4c ./Core/Src/rmsCalculations.o
 .debug_frame   0x00000410       0x6c ./Core/Src/stateControl.o
 .debug_frame   0x0000047c      0x130 ./Core/Src/stm32f4xx_hal_msp.o
 .debug_frame   0x000005ac      0x1e4 ./Core/Src/stm32f4xx_it.o
 .debug_frame   0x00000790       0x58 ./Core/Src/system_stm32f4xx.o
 .debug_frame   0x000007e8       0x30 ./Core/Src/voltageController.o
 .debug_frame   0x00000818      0x374 ./Drivers/STM32F4xx_HAL_Driver/Src/stm32f4xx_hal.o
 .debug_frame   0x00000b8c      0x3fc ./Drivers/STM32F4xx_HAL_Driver/Src/stm32f4xx_hal_adc.o
 .debug_frame   0x00000f88      0x250 ./Drivers/STM32F4xx_HAL_Driver/Src/stm32f4xx_hal_adc_ex.o
 .debug_frame   0x000011d8      0x508 ./Drivers/STM32F4xx_HAL_Driver/Src/stm32f4xx_hal_cortex.o
 .debug_frame   0x000016e0      0x338 ./Drivers/STM32F4xx_HAL_Driver/Src/stm32f4xx_hal_dac.o
 .debug_frame   0x00001a18      0x20c ./Drivers/STM32F4xx_HAL_Driver/Src/stm32f4xx_hal_dac_ex.o
 .debug_frame   0x00001c24      0x250 ./Drivers/STM32F4xx_HAL_Driver/Src/stm32f4xx_hal_dma.o
 .debug_frame   0x00001e74      0x14c ./Drivers/STM32F4xx_HAL_Driver/Src/stm32f4xx_hal_gpio.o
 .debug_frame   0x00001fc0      0x1f4 ./Drivers/STM32F4xx_HAL_Driver/Src/stm32f4xx_hal_rcc.o
 .debug_frame   0x000021b4     0x11c0 ./Drivers/STM32F4xx_HAL_Driver/Src/stm32f4xx_hal_tim.o
 .debug_frame   0x00003374      0x638 ./Drivers/STM32F4xx_HAL_Driver/Src/stm32f4xx_hal_tim_ex.o
 .debug_frame   0x000039ac      0x144 C:/ST/STM32CubeIDE_1.19.0/STM32CubeIDE/plugins/com.st.stm32cube.ide.mcu.externaltools.gnu-tools-for-stm32.13.3.rel1.win32_1.0.0.202411081344/tools/bin/../lib/gcc/arm-none-eabi/13.3.1/../../../../arm-none-eabi/lib/thumb/v7e-m+fp/hard\libc_nano.a(libc_a-findfp.o)
 .debug_frame   0x00003af0       0x20 C:/ST/STM32CubeIDE_1.19.0/STM32CubeIDE/plugins/com.st.stm32cube.ide.mcu.externaltools.gnu-tools-for-stm32.13.3.rel1.win32_1.0.0.202411081344/tools/bin/../lib/gcc/arm-none-eabi/13.3.1/../../../../arm-none-eabi/lib/thumb/v7e-m+fp/hard\libc_nano.a(libc_a-memset.o)
 .debug_frame   0x00003b10       0x20 C:/ST/STM32CubeIDE_1.19.0/STM32CubeIDE/plugins/com.st.stm32cube.ide.mcu.externaltools.gnu-tools-for-stm32.13.3.rel1.win32_1.0.0.202411081344/tools/bin/../lib/gcc/arm-none-eabi/13.3.1/../../../../arm-none-eabi/lib/thumb/v7e-m+fp/hard\libc_nano.a(libc_a-errno.o)
 .debug_frame   0x00003b30       0x2c C:/ST/STM32CubeIDE_1.19.0/STM32CubeIDE/plugins/com.st.stm32cube.ide.mcu.externaltools.gnu-tools-for-stm32.13.3.rel1.win32_1.0.0.202411081344/tools/bin/../lib/gcc/arm-none-eabi/13.3.1/../../../../arm-none-eabi/lib/thumb/v7e-m+fp/hard\libc_nano.a(libc_a-init.o)
 .debug_frame   0x00003b5c       0x38 C:/ST/STM32CubeIDE_1.19.0/STM32CubeIDE/plugins/com.st.stm32cube.ide.mcu.externaltools.gnu-tools-for-stm32.13.3.rel1.win32_1.0.0.202411081344/tools/bin/../lib/gcc/arm-none-eabi/13.3.1/../../../../arm-none-eabi/lib/thumb/v7e-m+fp/hard\libm.a(libm_a-wf_sqrt.o)
 .debug_frame   0x00003b94       0x38 C:/ST/STM32CubeIDE_1.19.0/STM32CubeIDE/plugins/com.st.stm32cube.ide.mcu.externaltools.gnu-tools-for-stm32.13.3.rel1.win32_1.0.0.202411081344/tools/bin/../lib/gcc/arm-none-eabi/13.3.1/../../../../arm-none-eabi/lib/thumb/v7e-m+fp/hard\libm.a(libm_a-sf_cos.o)
 .debug_frame   0x00003bcc       0x38 C:/ST/STM32CubeIDE_1.19.0/STM32CubeIDE/plugins/com.st.stm32cube.ide.mcu.externaltools.gnu-tools-for-stm32.13.3.rel1.win32_1.0.0.202411081344/tools/bin/../lib/gcc/arm-none-eabi/13.3.1/../../../../arm-none-eabi/lib/thumb/v7e-m+fp/hard\libm.a(libm_a-sf_sin.o)
 .debug_frame   0x00003c04       0x20 C:/ST/STM32CubeIDE_1.19.0/STM32CubeIDE/plugins/com.st.stm32cube.ide.mcu.externaltools.gnu-tools-for-stm32.13.3.rel1.win32_1.0.0.202411081344/tools/bin/../lib/gcc/arm-none-eabi/13.3.1/../../../../arm-none-eabi/lib/thumb/v7e-m+fp/hard\libm.a(libm_a-ef_sqrt.o)
 .debug_frame   0x00003c24       0x20 C:/ST/STM32CubeIDE_1.19.0/STM32CubeIDE/plugins/com.st.stm32cube.ide.mcu.externaltools.gnu-tools-for-stm32.13.3.rel1.win32_1.0.0.202411081344/tools/bin/../lib/gcc/arm-none-eabi/13.3.1/../../../../arm-none-eabi/lib/thumb/v7e-m+fp/hard\libm.a(libm_a-kf_cos.o)
 .debug_frame   0x00003c44       0x20 C:/ST/STM32CubeIDE_1.19.0/STM32CubeIDE/plugins/com.st.stm32cube.ide.mcu.externaltools.gnu-tools-for-stm32.13.3.rel1.win32_1.0.0.202411081344/tools/bin/../lib/gcc/arm-none-eabi/13.3.1/../../../../arm-none-eabi/lib/thumb/v7e-m+fp/hard\libm.a(libm_a-kf_sin.o)
 .debug_frame   0x00003c64       0x38 C:/ST/STM32CubeIDE_1.19.0/STM32CubeIDE/plugins/com.st.stm32cube.ide.mcu.externaltools.gnu-tools-for-stm32.13.3.rel1.win32_1.0.0.202411081344/tools/bin/../lib/gcc/arm-none-eabi/13.3.1/../../../../arm-none-eabi/lib/thumb/v7e-m+fp/hard\libm.a(libm_a-ef_rem_pio2.o)
 .debug_frame   0x00003c9c       0x20 C:/ST/STM32CubeIDE_1.19.0/STM32CubeIDE/plugins/com.st.stm32cube.ide.mcu.externaltools.gnu-tools-for-stm32.13.3.rel1.win32_1.0.0.202411081344/tools/bin/../lib/gcc/arm-none-eabi/13.3.1/../../../../arm-none-eabi/lib/thumb/v7e-m+fp/hard\libm.a(libm_a-sf_fabs.o)
 .debug_frame   0x00003cbc       0x5c C:/ST/STM32CubeIDE_1.19.0/STM32CubeIDE/plugins/com.st.stm32cube.ide.mcu.externaltools.gnu-tools-for-stm32.13.3.rel1.win32_1.0.0.202411081344/tools/bin/../lib/gcc/arm-none-eabi/13.3.1/../../../../arm-none-eabi/lib/thumb/v7e-m+fp/hard\libm.a(libm_a-kf_rem_pio2.o)