Archive member included to satisfy reference by file (symbol)

C:/ST/STM32CubeIDE_1.19.0/STM32CubeIDE/plugins/com.st.stm32cube.ide.mcu.externaltools.gnu-tools-for-stm32.13.3.rel1.win32_1.0.0.202411081344/tools/bin/../lib/gcc/arm-none-eabi/13.3.1/../../../../arm-none-eabi/lib/thumb/v7e-m+fp/hard\libc_nano.a(libc_a-exit.o)
                              C:/ST/STM32CubeIDE_1.19.0/STM32CubeIDE/plugins/com.st.stm32cube.ide.mcu.externaltools.gnu-tools-for-stm32.13.3.rel1.win32_1.0.0.202411081344/tools/bin/../lib/gcc/arm-none-eabi/13.3.1/../../../../arm-none-eabi/lib/thumb/v7e-m+fp/hard/crt0.o (exit)
C:/ST/STM32CubeIDE_1.19.0/STM32CubeIDE/plugins/com.st.stm32cube.ide.mcu.externaltools.gnu-tools-for-stm32.13.3.rel1.win32_1.0.0.202411081344/tools/bin/../lib/gcc/arm-none-eabi/13.3.1/../../../../arm-none-eabi/lib/thumb/v7e-m+fp/hard\libc_nano.a(libc_a-findfp.o)
                              C:/ST/STM32CubeIDE_1.19.0/STM32CubeIDE/plugins/com.st.stm32cube.ide.mcu.externaltools.gnu-tools-for-stm32.13.3.rel1.win32_1.0.0.202411081344/tools/bin/../lib/gcc/arm-none-eabi/13.3.1/../../../../arm-none-eabi/lib/thumb/v7e-m+fp/hard\libc_nano.a(libc_a-exit.o) (__stdio_exit_handler)
C:/ST/STM32CubeIDE_1.19.0/STM32CubeIDE/plugins/com.st.stm32cube.ide.mcu.externaltools.gnu-tools-for-stm32.13.3.rel1.win32_1.0.0.202411081344/tools/bin/../lib/gcc/arm-none-eabi/13.3.1/../../../../arm-none-eabi/lib/thumb/v7e-m+fp/hard\libc_nano.a(libc_a-fwalk.o)
                              C:/ST/STM32CubeIDE_1.19.0/STM32CubeIDE/plugins/com.st.stm32cube.ide.mcu.externaltools.gnu-tools-for-stm32.13.3.rel1.win32_1.0.0.202411081344/tools/bin/../lib/gcc/arm-none-eabi/13.3.1/../../../../arm-none-eabi/lib/thumb/v7e-m+fp/hard\libc_nano.a(libc_a-findfp.o) (_fwalk_sglue)
C:/ST/STM32CubeIDE_1.19.0/STM32CubeIDE/plugins/com.st.stm32cube.ide.mcu.externaltools.gnu-tools-for-stm32.13.3.rel1.win32_1.0.0.202411081344/tools/bin/../lib/gcc/arm-none-eabi/13.3.1/../../../../arm-none-eabi/lib/thumb/v7e-m+fp/hard\libc_nano.a(libc_a-stdio.o)
                              C:/ST/STM32CubeIDE_1.19.0/STM32CubeIDE/plugins/com.st.stm32cube.ide.mcu.externaltools.gnu-tools-for-stm32.13.3.rel1.win32_1.0.0.202411081344/tools/bin/../lib/gcc/arm-none-eabi/13.3.1/../../../../arm-none-eabi/lib/thumb/v7e-m+fp/hard\libc_nano.a(libc_a-findfp.o) (__sread)
C:/ST/STM32CubeIDE_1.19.0/STM32CubeIDE/plugins/com.st.stm32cube.ide.mcu.externaltools.gnu-tools-for-stm32.13.3.rel1.win32_1.0.0.202411081344/tools/bin/../lib/gcc/arm-none-eabi/13.3.1/../../../../arm-none-eabi/lib/thumb/v7e-m+fp/hard\libc_nano.a(libc_a-memset.o)
                              C:/ST/STM32CubeIDE_1.19.0/STM32CubeIDE/plugins/com.st.stm32cube.ide.mcu.externaltools.gnu-tools-for-stm32.13.3.rel1.win32_1.0.0.202411081344/tools/bin/../lib/gcc/arm-none-eabi/13.3.1/../../../../arm-none-eabi/lib/thumb/v7e-m+fp/hard/crt0.o (memset)
C:/ST/STM32CubeIDE_1.19.0/STM32CubeIDE/plugins/com.st.stm32cube.ide.mcu.externaltools.gnu-tools-for-stm32.13.3.rel1.win32_1.0.0.202411081344/tools/bin/../lib/gcc/arm-none-eabi/13.3.1/../../../../arm-none-eabi/lib/thumb/v7e-m+fp/hard\libc_nano.a(libc_a-closer.o)
                              C:/ST/STM32CubeIDE_1.19.0/STM32CubeIDE/plugins/com.st.stm32cube.ide.mcu.externaltools.gnu-tools-for-stm32.13.3.rel1.win32_1.0.0.202411081344/tools/bin/../lib/gcc/arm-none-eabi/13.3.1/../../../../arm-none-eabi/lib/thumb/v7e-m+fp/hard\libc_nano.a(libc_a-stdio.o) (_close_r)
C:/ST/STM32CubeIDE_1.19.0/STM32CubeIDE/plugins/com.st.stm32cube.ide.mcu.externaltools.gnu-tools-for-stm32.13.3.rel1.win32_1.0.0.202411081344/tools/bin/../lib/gcc/arm-none-eabi/13.3.1/../../../../arm-none-eabi/lib/thumb/v7e-m+fp/hard\libc_nano.a(libc_a-reent.o)
                              C:/ST/STM32CubeIDE_1.19.0/STM32CubeIDE/plugins/com.st.stm32cube.ide.mcu.externaltools.gnu-tools-for-stm32.13.3.rel1.win32_1.0.0.202411081344/tools/bin/../lib/gcc/arm-none-eabi/13.3.1/../../../../arm-none-eabi/lib/thumb/v7e-m+fp/hard\libc_nano.a(libc_a-closer.o) (errno)
C:/ST/STM32CubeIDE_1.19.0/STM32CubeIDE/plugins/com.st.stm32cube.ide.mcu.externaltools.gnu-tools-for-stm32.13.3.rel1.win32_1.0.0.202411081344/tools/bin/../lib/gcc/arm-none-eabi/13.3.1/../../../../arm-none-eabi/lib/thumb/v7e-m+fp/hard\libc_nano.a(libc_a-impure.o)
                              C:/ST/STM32CubeIDE_1.19.0/STM32CubeIDE/plugins/com.st.stm32cube.ide.mcu.externaltools.gnu-tools-for-stm32.13.3.rel1.win32_1.0.0.202411081344/tools/bin/../lib/gcc/arm-none-eabi/13.3.1/../../../../arm-none-eabi/lib/thumb/v7e-m+fp/hard\libc_nano.a(libc_a-reent.o) (_impure_ptr)
C:/ST/STM32CubeIDE_1.19.0/STM32CubeIDE/plugins/com.st.stm32cube.ide.mcu.externaltools.gnu-tools-for-stm32.13.3.rel1.win32_1.0.0.202411081344/tools/bin/../lib/gcc/arm-none-eabi/13.3.1/../../../../arm-none-eabi/lib/thumb/v7e-m+fp/hard\libc_nano.a(libc_a-lseekr.o)
[...]
Memory Configuration

Name             Origin             Length             Attributes
CCMRAM           0x10000000         0x00010000         xrw
RAM              0x20000000         0x00020000         xrw
FLASH            0x08000000         0x00100000         xr
*default*        0x00000000         0xffffffff

Linker script and memory map

LOAD C:/ST/STM32CubeIDE_1.19.0/STM32CubeIDE/plugins/com.st.stm32cube.ide.mcu.externaltools.gnu-tools-for-stm32.13.3.rel1.win32_1.0.0.202411081344/tools/bin/../lib/gcc/arm-none-eabi/13.3.1/thumb/v7e-m+fp/hard/crti.o
LOAD C:/ST/STM32CubeIDE_1.19.0/STM32CubeIDE/plugins/com.st.stm32cube.ide.mcu.externaltools.gnu-tools-for-stm32.13.3.rel1.win32_1.0.0.202411081344/tools/bin/../lib/gcc/arm-none-eabi/13.3.1/thumb/v7e-m+fp/hard/crtbegin.o
LOAD C:/ST/STM32CubeIDE_1.19.0/STM32CubeIDE/plugins/com.st.stm32cube.ide.mcu.externaltools.gnu-tools-for-stm32.13.3.rel1.win32_1.0.0.202411081344/tools/bin/../lib/gcc/arm-none-eabi/13.3.1/../../../../arm-none-eabi/lib/thumb/v7e-m+fp/hard/crt0.o
LOAD ./Core/Src/abc_to_dq.o
LOAD ./Core/Src/adc_readings.o
LOAD ./Core/Src/averageCalculations.o
LOAD ./Core/Src/counters.o
LOAD ./Core/Src/currentController.o
LOAD ./Core/Src/diagnostics.o
LOAD ./Core/Src/dq_to_pwm.o
LOAD ./Core/Src/input.o
LOAD ./Core/Src/main.o
LOAD ./Core/Src/pll.o
LOAD ./Core/Src/pll_lock.o
LOAD ./Core/Src/rmsCalculations.o
LOAD ./Core/Src/stateControl.o
LOAD ./Core/Src/stm32f4xx_it.o
LOAD ./Core/Src/syscalls.o
LOAD ./Core/Src/sysmem.o
LOAD ./Core/Src/system_stm32f4xx.o
LOAD ./Core/Src/test.o
LOAD ./Core/Src/usart.o
LOAD ./Core/Src/variables.o
LOAD ./Core/Src/voltageController.o
LOAD ./Core/Startup/startup_stm32f407vgtx.o
LOAD ./Drivers/STM32F4xx_HAL_Driver/Src/stm32f4xx_ll_adc.o
LOAD ./Drivers/STM32F4xx_HAL_Driver/Src/stm32f4xx_ll_dac.o
LOAD ./Drivers/STM32F4xx_HAL_Driver/Src/stm32f4xx_ll_dma.o
LOAD ./Drivers/STM32F4xx_HAL_Driver/Src/stm32f4xx_ll_exti.o
LOAD ./Drivers/STM32F4xx_HAL_Driver/Src/stm32f4xx_ll_gpio.o
LOAD ./Drivers/STM32F4xx_HAL_Driver/Src/stm32f4xx_ll_rcc.o
LOAD ./Drivers/STM32F4xx_HAL_Driver/Src/stm32f4xx_ll_tim.o
LOAD ./Drivers/STM32F4xx_HAL_Driver/Src/stm32f4xx_ll_usart.o
LOAD ./Drivers/STM32F4xx_HAL_Driver/Src/stm32f4xx_ll_utils.o
START GROUP
LOAD C:/ST/STM32CubeIDE_1.19.0/STM32CubeIDE/plugins/com.st.stm32cube.ide.mcu.externaltools.gnu-tools-for-stm32.13.3.rel1.win32_1.0.0.202411081344/tools/bin/../lib/gcc/arm-none-eabi/13.3.1/../../../../arm-none-eabi/lib/thumb/v7e-m+fp/hard\libc_nano.a
LOAD C:/ST/STM32CubeIDE_1.19.0/STM32CubeIDE/plugins/com.st.stm32cube.ide.mcu.externaltools.gnu-tools-for-stm32.13.3.rel1.win32_1.0.0.202411081344/tools/bin/../lib/gcc/arm-none-eabi/13.3.1/../../../../arm-none-eabi/lib/thumb/v7e-m+fp/hard\libm.a
END GROUP
START GROUP
LOAD C:/ST/STM32CubeIDE_1.19.0/STM32CubeIDE/plugins/com.st.stm32cube.ide.mcu.externaltools.gnu-tools-for-stm32.13.3.rel1.win32_1.0.0.202411081344/tools/bin/../lib/gcc/arm-none-eabi/13.3.1/thumb/v7e-m+fp/hard\libgcc.a
LOAD C:/ST/STM32CubeIDE_1.19.0/STM32CubeIDE/plugins/com.st.stm32cube.ide.mcu.externaltools.gnu-tools-for-stm32.13.3.rel1.win32_1.0.0.202411081344/tools/bin/../lib/gcc/arm-none-eabi/13.3.1/../../../../arm-none-eabi/lib/thumb/v7e-m+fp/hard\libc_nano.a
END GROUP
START GROUP
LOAD C:/ST/STM32CubeIDE_1.19.0/STM32CubeIDE/plugins/com.st.stm32cube.ide.mcu.externaltools.gnu-tools-for-stm32.13.3.rel1.win32_1.0.0.202411081344/tools/bin/../lib/gcc/arm-none-eabi/13.3.1/thumb/v7e-m+fp/hard\libgcc.a
LOAD C:/ST/STM32CubeIDE_1.19.0/STM32CubeIDE/plugins/com.st.stm32cube.ide.mcu.externaltools.gnu-tools-for-stm32.13.3.rel1.win32_1.0.0.202411081344/tools/bin/../lib/gcc/arm-none-eabi/13.3.1/../../../../arm-none-eabi/lib/thumb/v7e-m+fp/hard\libc_nano.a
LOAD C:/ST/STM32CubeIDE_1.19.0/STM32CubeIDE/plugins/com.st.stm32cube.ide.mcu.externaltools.gnu-tools-for-stm32.13.3.rel1.win32_1.0.0.202411081344/tools/bin/../lib/gcc/arm-none-eabi/13.3.1/../../../../arm-none-eabi/lib/thumb/v7e-m+fp/hard\libnosys.a
END GROUP
START GROUP
LOAD C:/ST/STM32CubeIDE_1.19.0/STM32CubeIDE/plugins/com.st.stm32cube.ide.mcu.externaltools.gnu-tools-for-stm32.13.3.rel1.win32_1.0.0.202411081344/tools/bin/../lib/gcc/arm-none-eabi/13.3.1/thumb/v7e-m+fp/hard\libgcc.a
LOAD C:/ST/STM32CubeIDE_1.19.0/STM32CubeIDE/plugins/com.st.stm32cube.ide.mcu.externaltools.gnu-tools-for-stm32.13.3.rel1.win32_1.0.0.202411081344/tools/bin/../lib/gcc/arm-none-eabi/13.3.1/../../../../arm-none-eabi/lib/thumb/v7e-m+fp/hard\libc_nano.a
LOAD C:/ST/STM32CubeIDE_1.19.0/STM32CubeIDE/plugins/com.st.stm32cube.ide.mcu.externaltools.gnu-tools-for-stm32.13.3.rel1.win32_1.0.0.202411081344/tools/bin/../lib/gcc/arm-none-eabi/13.3.1/../../../../arm-none-eabi/lib/thumb/v7e-m+fp/hard\libnosys.a
END GROUP
LOAD C:/ST/STM32CubeIDE_1.19.0/STM32CubeIDE/plugins/com.st.stm32cube.ide.mcu.externaltools.gnu-tools-for-stm32.13.3.rel1.win32_1.0.0.202411081344/tools/bin/../lib/gcc/arm-none-eabi/13.3.1/thumb/v7e-m+fp/hard/crtend.o
LOAD C:/ST/STM32CubeIDE_1.19.0/STM32CubeIDE/plugins/com.st.stm32cube.ide.mcu.externaltools.gnu-tools-for-stm32.13.3.rel1.win32_1.0.0.202411081344/tools/bin/../lib/gcc/arm-none-eabi/13.3.1/thumb/v7e-m+fp/hard/crtn.o
                0x20020000                        _estack = (ORIGIN (RAM) + LENGTH (RAM))
                0x00000200                        _Min_Heap_Size = 0x200
                0x00000400                        _Min_Stack_Size = 0x400

.isr_vector     0x08000000      0x188
                0x08000000                        . = ALIGN (0x4)
 *(.isr_vector)
 .isr_vector    0x08000000      0x188 ./Core/Startup/startup_stm32f407vgtx.o
                0x08000000                g_pfnVectors
                0x08000188                        . = ALIGN (0x4)

.text           0x08000188     0x5de8
                0x08000188                        . = ALIGN (0x4)
 *(.text)
 .text          0x08000188       0x40 C:/ST/STM32CubeIDE_1.19.0/STM32CubeIDE/plugins/com.st.stm32cube.ide.mcu.externaltools.gnu-tools-for-stm32.13.3.rel1.win32_1.0.0.202411081344/tools/bin/../lib/gcc/arm-none-eabi/13.3.1/thumb/v7e-m+fp/hard/crtbegin.o
 .text          0x080001c8      0x378 C:/ST/STM32CubeIDE_1.19.0/STM32CubeIDE/plugins/com.st.stm32cube.ide.mcu.externaltools.gnu-tools-for-stm32.13.3.rel1.win32_1.0.0.202411081344/tools/bin/../lib/gcc/arm-none-eabi/13.3.1/thumb/v7e-m+fp/hard\libgcc.a(_arm_addsubdf3.o)
                0x080001c8                __aeabi_drsub
                0x080001d0                __aeabi_dsub
                0x080001d0                __subdf3
                0x080001d4                __aeabi_dadd
                0x080001d4                __adddf3
                0x0800044c                __floatunsidf
                0x0800044c                __aeabi_ui2d
                0x0800046c                __floatsidf
                0x0800046c                __aeabi_i2d
                0x08000490                __aeabi_f2d
                0x08000490                __extendsfdf2
                0x080004d4                __floatundidf
                0x080004d4                __aeabi_ul2d
                0x080004e4                __floatdidf
                0x080004e4                __aeabi_l2d
 .text          0x08000540      0x110 C:/ST/STM32CubeIDE_1.19.0/STM32CubeIDE/plugins/com.st.stm32cube.ide.mcu.externaltools.gnu-tools-for-stm32.13.3.rel1.win32_1.0.0.202411081344/tools/bin/../lib/gcc/arm-none-eabi/13.3.1/thumb/v7e-m+fp/hard\libgcc.a(_arm_cmpdf2.o)
                0x08000540                __gtdf2
                0x08000540                __gedf2
                0x08000548                __ltdf2
                0x08000548                __ledf2
                0x08000550                __nedf2
                0x08000550                __eqdf2
                0x08000550                __cmpdf2
                0x080005cc                __aeabi_cdrcmple
                0x080005dc                __aeabi_cdcmpeq
                0x080005dc                __aeabi_cdcmple
                0x080005ec                __aeabi_dcmpeq
                0x08000600                __aeabi_dcmplt
                0x08000614                __aeabi_dcmple
                0x08000628                __aeabi_dcmpge
                0x0800063c                __aeabi_dcmpgt
 .text          0x08000650       0xa0 C:/ST/STM32CubeIDE_1.19.0/STM32CubeIDE/plugins/com.st.stm32cube.ide.mcu.externaltools.gnu-tools-for-stm32.13.3.rel1.win32_1.0.0.202411081344/tools/bin/../lib/gcc/arm-none-eabi/13.3.1/thumb/v7e-m+fp/hard\libgcc.a(_arm_truncdfsf2.o)
                0x08000650                __truncdfsf2
                0x08000650                __aeabi_d2f
 .text          0x080006f0       0x30 C:/ST/STM32CubeIDE_1.19.0/STM32CubeIDE/plugins/com.st.stm32cube.ide.mcu.externaltools.gnu-tools-for-stm32.13.3.rel1.win32_1.0.0.202411081344/tools/bin/../lib/gcc/arm-none-eabi/13.3.1/thumb/v7e-m+fp/hard\libgcc.a(_aeabi_uldivmod.o)
                0x080006f0                __aeabi_uldivmod
 .text          0x08000720      0x2f8 C:/ST/STM32CubeIDE_1.19.0/STM32CubeIDE/plugins/com.st.stm32cube.ide.mcu.externaltools.gnu-tools-for-stm32.13.3.rel1.win32_1.0.0.202411081344/tools/bin/../lib/gcc/arm-none-eabi/13.3.1/thumb/v7e-m+fp/hard\libgcc.a(_udivmoddi4.o)
                0x08000720                __udivmoddi4
 .text          0x08000a18        0x4 C:/ST/STM32CubeIDE_1.19.0/STM32CubeIDE/plugins/com.st.stm32cube.ide.mcu.externaltools.gnu-tools-for-stm32.13.3.rel1.win32_1.0.0.202411081344/tools/bin/../lib/gcc/arm-none-eabi/13.3.1/thumb/v7e-m+fp/hard\libgcc.a(_dvmd_tls.o)
                0x08000a18                __aeabi_idiv0
                0x08000a18                __aeabi_ldiv0
 *(.text*)
 .text.abc_to_dq
                0x08000a1c      0x100 ./Core/Src/abc_to_dq.o
                0x08000a1c                abc_to_dq
 .text.adcReadings
                0x08000b1c      0x2d0 ./Core/Src/adc_readings.o
                0x08000b1c                adcReadings
 .text.average_calculation_to_be_placed_in_interrupt
                0x08000dec       0xcc ./Core/Src/averageCalculations.o
                0x08000dec                average_calculation_to_be_placed_in_interrupt
 .text.avg_calculation_to_be_placed_in_while_loop
                0x08000eb8       0x78 ./Core/Src/averageCalculations.o
                0x08000eb8                avg_calculation_to_be_placed_in_while_loop
 .text.Counters
                0x08000f30       0x68 ./Core/Src/counters.o
                0x08000f30                Counters
 .text.inverterOff
                0x08000f98        0xe ./Core/Src/counters.o
                0x08000f98                inverterOff
 *fill*         0x08000fa6        0x2 
 .text.currentControlTriggered
                0x08000fa8      0x23c ./Core/Src/currentController.o
                0x08000fa8                currentControlTriggered
 .text.instantaneousDiagnostics
                0x080011e4      0x1f8 ./Core/Src/diagnostics.o
                0x080011e4                instantaneousDiagnostics
 .text.rmsDiagnostics
                0x080013dc      0x168 ./Core/Src/diagnostics.o
                0x080013dc                rmsDiagnostics
 .text.averageDiagnostics
                0x08001544       0xb8 ./Core/Src/diagnostics.o
                0x08001544                averageDiagnostics
 .text.dq_to_abc
                0x080015fc      0x2a4 ./Core/Src/dq_to_pwm.o
                0x080015fc                dq_to_abc
 .text.__NVIC_SetPriorityGrouping
                0x080018a0       0x48 ./Core/Src/main.o
 .text.__NVIC_GetPriorityGrouping
                0x080018e8       0x1c ./Core/Src/main.o
 .text.__NVIC_EnableIRQ
                0x08001904       0x3c ./Core/Src/main.o
 .text.__NVIC_SetPriority
                0x08001940       0x54 ./Core/Src/main.o
 .text.NVIC_EncodePriority
                0x08001994       0x66 ./Core/Src/main.o
 .text.LL_ADC_REG_SetSequencerRanks
                0x080019fa       0x7a ./Core/Src/main.o
 .text.LL_ADC_REG_SetFlagEndOfConversion
                0x08001a74       0x26 ./Core/Src/main.o
 .text.LL_ADC_SetChannelSamplingTime
                0x08001a9a       0xc2 ./Core/Src/main.o
 .text.LL_ADC_Enable
                0x08001b5c       0x20 ./Core/Src/main.o
 .text.LL_ADC_REG_StartConversionExtTrig
                0x08001b7c       0x22 ./Core/Src/main.o
 *fill*         0x08001b9e        0x2 
 .text.LL_DMA_EnableStream
                0x08001ba0       0x40 ./Core/Src/main.o
 .text.LL_DMA_SetDataTransferDirection
                0x08001be0       0x48 ./Core/Src/main.o
 .text.LL_DMA_SetMode
                0x08001c28       0x48 ./Core/Src/main.o
 .text.LL_DMA_SetPeriphIncMode
                0x08001c70       0x48 ./Core/Src/main.o
 .text.LL_DMA_SetMemoryIncMode
                0x08001cb8       0x48 ./Core/Src/main.o
 .text.LL_DMA_SetPeriphSize
                0x08001d00       0x48 ./Core/Src/main.o
 .text.LL_DMA_SetMemorySize
                0x08001d48       0x48 ./Core/Src/main.o
 .text.LL_DMA_SetStreamPriorityLevel
                0x08001d90       0x48 ./Core/Src/main.o
 .text.LL_DMA_SetDataLength
                0x08001dd8       0x48 ./Core/Src/main.o
 .text.LL_DMA_SetChannelSelection
                0x08001e20       0x48 ./Core/Src/main.o
 .text.LL_DMA_DisableFifoMode
                0x08001e68       0x40 ./Core/Src/main.o
 .text.LL_DMA_SetMemoryAddress
                0x08001ea8       0x30 ./Core/Src/main.o
 .text.LL_DMA_SetPeriphAddress
                0x08001ed8       0x30 ./Core/Src/main.o
 .text.LL_RCC_HSI_Enable
                0x08001f08       0x20 ./Core/Src/main.o
 .text.LL_RCC_HSI_IsReady
                0x08001f28       0x24 ./Core/Src/main.o
 .text.LL_RCC_HSI_SetCalibTrimming
                0x08001f4c       0x2c ./Core/Src/main.o
 .text.LL_RCC_SetSysClkSource
                0x08001f78       0x28 ./Core/Src/main.o
 .text.LL_RCC_GetSysClkSource
                0x08001fa0       0x1c ./Core/Src/main.o
 .text.LL_RCC_SetAHBPrescaler
                0x08001fbc       0x28 ./Core/Src/main.o
 .text.LL_RCC_SetAPB1Prescaler
                0x08001fe4       0x28 ./Core/Src/main.o
 .text.LL_RCC_SetAPB2Prescaler
                0x0800200c       0x28 ./Core/Src/main.o
 .text.LL_RCC_PLL_Enable
                0x08002034       0x20 ./Core/Src/main.o
 .text.LL_RCC_PLL_IsReady
                0x08002054       0x28 ./Core/Src/main.o
 .text.LL_RCC_PLL_ConfigDomain_SYS
                0x0800207c       0x4c ./Core/Src/main.o
 .text.LL_AHB1_GRP1_EnableClock
                0x080020c8       0x30 ./Core/Src/main.o
 .text.LL_APB1_GRP1_EnableClock
                0x080020f8       0x30 ./Core/Src/main.o
 .text.LL_APB2_GRP1_EnableClock
                0x08002128       0x30 ./Core/Src/main.o
 .text.LL_FLASH_SetLatency
                0x08002158       0x28 ./Core/Src/main.o
 .text.LL_FLASH_GetLatency
                0x08002180       0x1c ./Core/Src/main.o
 .text.LL_PWR_SetRegulVoltageScaling
                0x0800219c       0x28 ./Core/Src/main.o
 .text.LL_PWR_IsActiveFlag_VOS
                0x080021c4       0x28 ./Core/Src/main.o
 .text.LL_TIM_EnableCounter
                0x080021ec       0x20 ./Core/Src/main.o
 .text.LL_TIM_DisableARRPreload
                0x0800220c       0x20 ./Core/Src/main.o
 .text.LL_TIM_CC_EnableChannel
                0x0800222c       0x22 ./Core/Src/main.o
 *fill*         0x0800224e        0x2 
 .text.LL_TIM_OC_DisableFast
                0x08002250       0x8c ./Core/Src/main.o
 .text.LL_TIM_OC_EnablePreload
                0x080022dc       0x88 ./Core/Src/main.o
 .text.LL_TIM_SetClockSource
                0x08002364       0x2a ./Core/Src/main.o
 .text.LL_TIM_SetTriggerOutput
                0x0800238e       0x26 ./Core/Src/main.o
 .text.LL_TIM_EnableMasterSlaveMode
                0x080023b4       0x20 ./Core/Src/main.o
 .text.LL_TIM_DisableMasterSlaveMode
                0x080023d4       0x20 ./Core/Src/main.o
 .text.LL_TIM_EnableAllOutputs
                0x080023f4       0x20 ./Core/Src/main.o
 .text.LL_TIM_EnableIT_UPDATE
                0x08002414       0x20 ./Core/Src/main.o
 .text.LL_USART_Enable
                0x08002434       0x20 ./Core/Src/main.o
 .text.LL_USART_ConfigAsyncMode
                0x08002454       0x2c ./Core/Src/main.o
 .text.main     0x08002480       0x4a ./Core/Src/main.o
                0x08002480                main
 *fill*         0x080024ca        0x2 
 .text.SystemClock_Config
                0x080024cc       0x98 ./Core/Src/main.o
                0x080024cc                SystemClock_Config
 .text.MX_ADC1_Init
                0x08002564      0x294 ./Core/Src/main.o
 .text.MX_DAC_Init
                0x080027f8       0x88 ./Core/Src/main.o
 .text.MX_TIM3_Init
                0x08002880       0x9c ./Core/Src/main.o
 .text.MX_TIM8_Init
                0x0800291c      0x248 ./Core/Src/main.o
 .text.MX_USART2_UART_Init
                0x08002b64       0xa0 ./Core/Src/main.o
 .text.MX_DMA_Init
                0x08002c04       0x30 ./Core/Src/main.o
 .text.MX_GPIO_Init
                0x08002c34       0x1a ./Core/Src/main.o
 *fill*         0x08002c4e        0x2 
 .text.PLL      0x08002c50      0x390 ./Core/Src/pll.o
                0x08002c50                PLL
 .text.check_if_PLL_locked
                0x08002fe0       0x74 ./Core/Src/pll_lock.o
                0x08002fe0                check_if_PLL_locked
 .text.rms_calculation_to_be_placed_in_interrupt
                0x08003054      0x1a8 ./Core/Src/rmsCalculations.o
                0x08003054                rms_calculation_to_be_placed_in_interrupt
 .text.rms_calculation_to_be_placed_in_while_loop
                0x080031fc      0x17c ./Core/Src/rmsCalculations.o
                0x080031fc                rms_calculation_to_be_placed_in_while_loop
 .text.stateControl
                0x08003378       0x38 ./Core/Src/stateControl.o
                0x08003378                stateControl
 .text.state0_Control_Code
                0x080033b0      0x2a8 ./Core/Src/stateControl.o
                0x080033b0                state0_Control_Code
 .text.state1_Control_Code
                0x08003658       0x70 ./Core/Src/stateControl.o
                0x08003658                state1_Control_Code
 .text.LL_DMA_IsActiveFlag_TC0
                0x080036c8       0x26 ./Core/Src/stm32f4xx_it.o
 .text.LL_DMA_ClearFlag_TC0
                0x080036ee       0x1a ./Core/Src/stm32f4xx_it.o
 .text.LL_TIM_ClearFlag_UPDATE
                0x08003708       0x1c ./Core/Src/stm32f4xx_it.o
 .text.LL_TIM_IsActiveFlag_UPDATE
                0x08003724       0x26 ./Core/Src/stm32f4xx_it.o
 .text.NMI_Handler
                0x0800374a        0x8 ./Core/Src/stm32f4xx_it.o
                0x0800374a                NMI_Handler
 .text.HardFault_Handler
                0x08003752        0x8 ./Core/Src/stm32f4xx_it.o
                0x08003752                HardFault_Handler
 .text.MemManage_Handler
                0x0800375a        0x8 ./Core/Src/stm32f4xx_it.o
                0x0800375a                MemManage_Handler
 .text.BusFault_Handler
                0x08003762        0x8 ./Core/Src/stm32f4xx_it.o
                0x08003762                BusFault_Handler
 .text.UsageFault_Handler
                0x0800376a        0x8 ./Core/Src/stm32f4xx_it.o
                0x0800376a                UsageFault_Handler
 .text.SVC_Handler
                0x08003772        0xe ./Core/Src/stm32f4xx_it.o
                0x08003772                SVC_Handler
 .text.DebugMon_Handler
                0x08003780        0xe ./Core/Src/stm32f4xx_it.o
                0x08003780                DebugMon_Handler
 .text.PendSV_Handler
                0x0800378e        0xe ./Core/Src/stm32f4xx_it.o
                0x0800378e                PendSV_Handler
 .text.SysTick_Handler
                0x0800379c        0xe ./Core/Src/stm32f4xx_it.o
                0x0800379c                SysTick_Handler
 *fill*         0x080037aa        0x2 
 .text.TIM3_IRQHandler
                0x080037ac      0x1d0 ./Core/Src/stm32f4xx_it.o
                0x080037ac                TIM3_IRQHandler
 .text.TIM8_UP_TIM13_IRQHandler
                0x0800397c       0x50 ./Core/Src/stm32f4xx_it.o
                0x0800397c                TIM8_UP_TIM13_IRQHandler
 .text.DMA2_Stream0_IRQHandler
                0x080039cc       0x20 ./Core/Src/stm32f4xx_it.o
                0x080039cc                DMA2_Stream0_IRQHandler
 .text.SystemInit
                0x080039ec       0x24 ./Core/Src/system_stm32f4xx.o
                0x080039ec                SystemInit
 .text.usart_communication
                0x08003a10      0x154 ./Core/Src/usart.o
                0x08003a10                usart_communication
 .text.convert_txn_array_to_base64
                0x08003b64      0x1a0 ./Core/Src/usart.o
                0x08003b64                convert_txn_array_to_base64
 .text.voltageController
                0x08003d04      0x124 ./Core/Src/voltageController.o
                0x08003d04                voltageController
 .text.Reset_Handler
                0x08003e28       0x50 ./Core/Startup/startup_stm32f407vgtx.o
                0x08003e28                Reset_Handler
 .text.Default_Handler
                0x08003e78        0x2 ./Core/Startup/startup_stm32f407vgtx.o
                0x08003e78                RTC_Alarm_IRQHandler
                0x08003e78                HASH_RNG_IRQHandler
                0x08003e78                EXTI2_IRQHandler
                0x08003e78                TIM8_CC_IRQHandler
                0x08003e78                TIM1_CC_IRQHandler
                0x08003e78                DMA2_Stream5_IRQHandler
                0x08003e78                DMA1_Stream5_IRQHandler
                0x08003e78                PVD_IRQHandler
                0x08003e78                SDIO_IRQHandler
                0x08003e78                TAMP_STAMP_IRQHandler
                0x08003e78                CAN2_RX1_IRQHandler
                0x08003e78                EXTI3_IRQHandler
                0x08003e78                TIM8_TRG_COM_TIM14_IRQHandler
                0x08003e78                TIM1_UP_TIM10_IRQHandler
                0x08003e78                I2C3_ER_IRQHandler
                0x08003e78                EXTI0_IRQHandler
                0x08003e78                I2C2_EV_IRQHandler
                0x08003e78                DMA1_Stream2_IRQHandler
                0x08003e78                CAN1_RX0_IRQHandler
                0x08003e78                FPU_IRQHandler
                0x08003e78                OTG_HS_WKUP_IRQHandler
                0x08003e78                CAN2_SCE_IRQHandler
                0x08003e78                DMA2_Stream2_IRQHandler
                0x08003e78                SPI1_IRQHandler
                0x08003e78                TIM6_DAC_IRQHandler
                0x08003e78                TIM1_BRK_TIM9_IRQHandler
                0x08003e78                DCMI_IRQHandler
                0x08003e78                CAN2_RX0_IRQHandler
                0x08003e78                DMA2_Stream3_IRQHandler
                0x08003e78                USART6_IRQHandler
                0x08003e78                USART3_IRQHandler
                0x08003e78                CAN1_RX1_IRQHandler
                0x08003e78                UART5_IRQHandler
                0x08003e78                TIM4_IRQHandler
                0x08003e78                I2C1_EV_IRQHandler
                0x08003e78                DMA1_Stream6_IRQHandler
                0x08003e78                DMA1_Stream1_IRQHandler
                0x08003e78                UART4_IRQHandler
                0x08003e78                RCC_IRQHandler
                0x08003e78                TIM8_BRK_TIM12_IRQHandler
                0x08003e78                Default_Handler
                0x08003e78                EXTI15_10_IRQHandler
                0x08003e78                ADC_IRQHandler
                0x08003e78                DMA1_Stream7_IRQHandler
                0x08003e78                TIM7_IRQHandler
                0x08003e78                CAN2_TX_IRQHandler
                0x08003e78                TIM5_IRQHandler
                0x08003e78                DMA2_Stream7_IRQHandler
                0x08003e78                I2C3_EV_IRQHandler
                0x08003e78                EXTI9_5_IRQHandler
                0x08003e78                RTC_WKUP_IRQHandler
                0x08003e78                ETH_WKUP_IRQHandler
                0x08003e78                SPI2_IRQHandler
                0x08003e78                OTG_HS_EP1_IN_IRQHandler
                0x08003e78                DMA1_Stream0_IRQHandler
                0x08003e78                CAN1_TX_IRQHandler
                0x08003e78                EXTI4_IRQHandler
                0x08003e78                FSMC_IRQHandler
                0x08003e78                ETH_IRQHandler
                0x08003e78                OTG_HS_EP1_OUT_IRQHandler
                0x08003e78                WWDG_IRQHandler
                0x08003e78                TIM2_IRQHandler
                0x08003e78                OTG_FS_WKUP_IRQHandler
                0x08003e78                TIM1_TRG_COM_TIM11_IRQHandler
                0x08003e78                OTG_HS_IRQHandler
                0x08003e78                EXTI1_IRQHandler
                0x08003e78                USART2_IRQHandler
                0x08003e78                I2C2_ER_IRQHandler
                0x08003e78                DMA2_Stream1_IRQHandler
                0x08003e78                CAN1_SCE_IRQHandler
                0x08003e78                FLASH_IRQHandler
                0x08003e78                DMA2_Stream4_IRQHandler
                0x08003e78                USART1_IRQHandler
                0x08003e78                OTG_FS_IRQHandler
                0x08003e78                SPI3_IRQHandler
                0x08003e78                DMA1_Stream4_IRQHandler
                0x08003e78                I2C1_ER_IRQHandler
                0x08003e78                DMA2_Stream6_IRQHandler
                0x08003e78                DMA1_Stream3_IRQHandler
 .text.LL_ADC_REG_SetSequencerLength
                0x08003e7a       0x26 ./Drivers/STM32F4xx_HAL_Driver/Src/stm32f4xx_ll_adc.o
 .text.LL_ADC_IsEnabled
                0x08003ea0       0x26 ./Drivers/STM32F4xx_HAL_Driver/Src/stm32f4xx_ll_adc.o
 *fill*         0x08003ec6        0x2 
 .text.LL_ADC_CommonInit
                0x08003ec8       0x90 ./Drivers/STM32F4xx_HAL_Driver/Src/stm32f4xx_ll_adc.o
                0x08003ec8                LL_ADC_CommonInit
 .text.LL_ADC_Init
                0x08003f58       0x58 ./Drivers/STM32F4xx_HAL_Driver/Src/stm32f4xx_ll_adc.o
                0x08003f58                LL_ADC_Init
 .text.LL_ADC_REG_Init
                0x08003fb0       0x84 ./Drivers/STM32F4xx_HAL_Driver/Src/stm32f4xx_ll_adc.o
                0x08003fb0                LL_ADC_REG_Init
 .text.LL_DAC_IsEnabled
                0x08004034       0x3e ./Drivers/STM32F4xx_HAL_Driver/Src/stm32f4xx_ll_dac.o
 .text.LL_DAC_Init
                0x08004072       0xa2 ./Drivers/STM32F4xx_HAL_Driver/Src/stm32f4xx_ll_dac.o
                0x08004072                LL_DAC_Init
 .text.LL_GPIO_SetPinMode
                0x08004114       0x7a ./Drivers/STM32F4xx_HAL_Driver/Src/stm32f4xx_ll_gpio.o
 .text.LL_GPIO_SetPinOutputType
                0x0800418e       0x30 ./Drivers/STM32F4xx_HAL_Driver/Src/stm32f4xx_ll_gpio.o
 .text.LL_GPIO_SetPinSpeed
                0x080041be       0x7a ./Drivers/STM32F4xx_HAL_Driver/Src/stm32f4xx_ll_gpio.o
 .text.LL_GPIO_SetPinPull
                0x08004238       0x7a ./Drivers/STM32F4xx_HAL_Driver/Src/stm32f4xx_ll_gpio.o
 .text.LL_GPIO_SetAFPin_0_7
                0x080042b2       0x7a ./Drivers/STM32F4xx_HAL_Driver/Src/stm32f4xx_ll_gpio.o
 .text.LL_GPIO_SetAFPin_8_15
                0x0800432c       0x7e ./Drivers/STM32F4xx_HAL_Driver/Src/stm32f4xx_ll_gpio.o
 .text.LL_GPIO_Init
                0x080043aa      0x102 ./Drivers/STM32F4xx_HAL_Driver/Src/stm32f4xx_ll_gpio.o
                0x080043aa                LL_GPIO_Init
 .text.LL_RCC_GetSysClkSource
                0x080044ac       0x1c ./Drivers/STM32F4xx_HAL_Driver/Src/stm32f4xx_ll_rcc.o
 .text.LL_RCC_GetAHBPrescaler
                0x080044c8       0x1c ./Drivers/STM32F4xx_HAL_Driver/Src/stm32f4xx_ll_rcc.o
 .text.LL_RCC_GetAPB1Prescaler
                0x080044e4       0x1c ./Drivers/STM32F4xx_HAL_Driver/Src/stm32f4xx_ll_rcc.o
 .text.LL_RCC_GetAPB2Prescaler
                0x08004500       0x1c ./Drivers/STM32F4xx_HAL_Driver/Src/stm32f4xx_ll_rcc.o
 .text.LL_RCC_PLL_GetMainSource
                0x0800451c       0x1c ./Drivers/STM32F4xx_HAL_Driver/Src/stm32f4xx_ll_rcc.o
 .text.LL_RCC_PLL_GetN
                0x08004538       0x1c ./Drivers/STM32F4xx_HAL_Driver/Src/stm32f4xx_ll_rcc.o
 .text.LL_RCC_PLL_GetP
                0x08004554       0x1c ./Drivers/STM32F4xx_HAL_Driver/Src/stm32f4xx_ll_rcc.o
 .text.LL_RCC_PLL_GetDivider
                0x08004570       0x1c ./Drivers/STM32F4xx_HAL_Driver/Src/stm32f4xx_ll_rcc.o
 .text.LL_RCC_GetSystemClocksFreq
                0x0800458c       0x4a ./Drivers/STM32F4xx_HAL_Driver/Src/stm32f4xx_ll_rcc.o
                0x0800458c                LL_RCC_GetSystemClocksFreq
 *fill*         0x080045d6        0x2 
 .text.RCC_GetSystemClockFreq
                0x080045d8       0x50 ./Drivers/STM32F4xx_HAL_Driver/Src/stm32f4xx_ll_rcc.o
                0x080045d8                RCC_GetSystemClockFreq
 .text.RCC_GetHCLKClockFreq
                0x08004628       0x2c ./Drivers/STM32F4xx_HAL_Driver/Src/stm32f4xx_ll_rcc.o
                0x08004628                RCC_GetHCLKClockFreq
 .text.RCC_GetPCLK1ClockFreq
                0x08004654       0x28 ./Drivers/STM32F4xx_HAL_Driver/Src/stm32f4xx_ll_rcc.o
                0x08004654                RCC_GetPCLK1ClockFreq
 .text.RCC_GetPCLK2ClockFreq
                0x0800467c       0x28 ./Drivers/STM32F4xx_HAL_Driver/Src/stm32f4xx_ll_rcc.o
                0x0800467c                RCC_GetPCLK2ClockFreq
 .text.RCC_PLL_GetFreqDomain_SYS
                0x080046a4       0x7c ./Drivers/STM32F4xx_HAL_Driver/Src/stm32f4xx_ll_rcc.o
                0x080046a4                RCC_PLL_GetFreqDomain_SYS
 .text.LL_TIM_SetPrescaler
                0x08004720       0x1c ./Drivers/STM32F4xx_HAL_Driver/Src/stm32f4xx_ll_tim.o
 .text.LL_TIM_SetAutoReload
                0x0800473c       0x1c ./Drivers/STM32F4xx_HAL_Driver/Src/stm32f4xx_ll_tim.o
 .text.LL_TIM_SetRepetitionCounter
                0x08004758       0x1c ./Drivers/STM32F4xx_HAL_Driver/Src/stm32f4xx_ll_tim.o
 .text.LL_TIM_OC_SetCompareCH1
                0x08004774       0x1c ./Drivers/STM32F4xx_HAL_Driver/Src/stm32f4xx_ll_tim.o
 .text.LL_TIM_OC_SetCompareCH2
                0x08004790       0x1c ./Drivers/STM32F4xx_HAL_Driver/Src/stm32f4xx_ll_tim.o
 .text.LL_TIM_OC_SetCompareCH3
                0x080047ac       0x1c ./Drivers/STM32F4xx_HAL_Driver/Src/stm32f4xx_ll_tim.o
 .text.LL_TIM_OC_SetCompareCH4
                0x080047c8       0x1c ./Drivers/STM32F4xx_HAL_Driver/Src/stm32f4xx_ll_tim.o
 .text.LL_TIM_GenerateEvent_UPDATE
                0x080047e4       0x20 ./Drivers/STM32F4xx_HAL_Driver/Src/stm32f4xx_ll_tim.o
 .text.LL_TIM_Init
                0x08004804      0x134 ./Drivers/STM32F4xx_HAL_Driver/Src/stm32f4xx_ll_tim.o
                0x08004804                LL_TIM_Init
 .text.LL_TIM_OC_Init
                0x08004938       0x82 ./Drivers/STM32F4xx_HAL_Driver/Src/stm32f4xx_ll_tim.o
                0x08004938                LL_TIM_OC_Init
 .text.LL_TIM_BDTR_Init
                0x080049ba       0x84 ./Drivers/STM32F4xx_HAL_Driver/Src/stm32f4xx_ll_tim.o
                0x080049ba                LL_TIM_BDTR_Init
 *fill*         0x08004a3e        0x2 
 .text.OC1Config
                0x08004a40       0xd8 ./Drivers/STM32F4xx_HAL_Driver/Src/stm32f4xx_ll_tim.o
 .text.OC2Config
                0x08004b18       0xe0 ./Drivers/STM32F4xx_HAL_Driver/Src/stm32f4xx_ll_tim.o
 .text.OC3Config
                0x08004bf8       0xe0 ./Drivers/STM32F4xx_HAL_Driver/Src/stm32f4xx_ll_tim.o
 .text.OC4Config
                0x08004cd8       0xb0 ./Drivers/STM32F4xx_HAL_Driver/Src/stm32f4xx_ll_tim.o
 .text.LL_USART_IsEnabled
                0x08004d88       0x28 ./Drivers/STM32F4xx_HAL_Driver/Src/stm32f4xx_ll_usart.o
 .text.LL_USART_SetStopBitsLength
                0x08004db0       0x26 ./Drivers/STM32F4xx_HAL_Driver/Src/stm32f4xx_ll_usart.o
 .text.LL_USART_SetHWFlowCtrl
                0x08004dd6       0x26 ./Drivers/STM32F4xx_HAL_Driver/Src/stm32f4xx_ll_usart.o
 .text.LL_USART_SetBaudRate
                0x08004dfc      0x45c ./Drivers/STM32F4xx_HAL_Driver/Src/stm32f4xx_ll_usart.o
 .text.LL_USART_Init
                0x08005258      0x100 ./Drivers/STM32F4xx_HAL_Driver/Src/stm32f4xx_ll_usart.o
                0x08005258                LL_USART_Init
 .text.LL_InitTick
                0x08005358       0x34 ./Drivers/STM32F4xx_HAL_Driver/Src/stm32f4xx_ll_utils.o
 .text.LL_Init1msTick
                0x0800538c       0x1a ./Drivers/STM32F4xx_HAL_Driver/Src/stm32f4xx_ll_utils.o
                0x0800538c                LL_Init1msTick
 *fill*         0x080053a6        0x2 
 .text.LL_SetSystemCoreClock
                0x080053a8       0x20 ./Drivers/STM32F4xx_HAL_Driver/Src/stm32f4xx_ll_utils.o
                0x080053a8                LL_SetSystemCoreClock
 .text.memset   0x080053c8       0x10 C:/ST/STM32CubeIDE_1.19.0/STM32CubeIDE/plugins/com.st.stm32cube.ide.mcu.externaltools.gnu-tools-for-stm32.13.3.rel1.win32_1.0.0.202411081344/tools/bin/../lib/gcc/arm-none-eabi/13.3.1/../../../../arm-none-eabi/lib/thumb/v7e-m+fp/hard\libc_nano.a(libc_a-memset.o)
                0x080053c8                memset
 .text.__errno  0x080053d8        0xc C:/ST/STM32CubeIDE_1.19.0/STM32CubeIDE/plugins/com.st.stm32cube.ide.mcu.externaltools.gnu-tools-for-stm32.13.3.rel1.win32_1.0.0.202411081344/tools/bin/../lib/gcc/arm-none-eabi/13.3.1/../../../../arm-none-eabi/lib/thumb/v7e-m+fp/hard\libc_nano.a(libc_a-errno.o)
                0x080053d8                __errno
 .text.__libc_init_array
                0x080053e4       0x48 C:/ST/STM32CubeIDE_1.19.0/STM32CubeIDE/plugins/com.st.stm32cube.ide.mcu.externaltools.gnu-tools-for-stm32.13.3.rel1.win32_1.0.0.202411081344/tools/bin/../lib/gcc/arm-none-eabi/13.3.1/../../../../arm-none-eabi/lib/thumb/v7e-m+fp/hard\libc_nano.a(libc_a-init.o)
                0x080053e4                __libc_init_array
 .text.sqrtf    0x0800542c       0x3c C:/ST/STM32CubeIDE_1.19.0/STM32CubeIDE/plugins/com.st.stm32cube.ide.mcu.externaltools.gnu-tools-for-stm32.13.3.rel1.win32_1.0.0.202411081344/tools/bin/../lib/gcc/arm-none-eabi/13.3.1/../../../../arm-none-eabi/lib/thumb/v7e-m+fp/hard\libm.a(libm_a-wf_sqrt.o)
                0x0800542c                sqrtf
 .text.cosf     0x08005468       0x88 C:/ST/STM32CubeIDE_1.19.0/STM32CubeIDE/plugins/com.st.stm32cube.ide.mcu.externaltools.gnu-tools-for-stm32.13.3.rel1.win32_1.0.0.202411081344/tools/bin/../lib/gcc/arm-none-eabi/13.3.1/../../../../arm-none-eabi/lib/thumb/v7e-m+fp/hard\libm.a(libm_a-sf_cos.o)
                0x08005468                cosf
 .text.sinf     0x080054f0       0x8c C:/ST/STM32CubeIDE_1.19.0/STM32CubeIDE/plugins/com.st.stm32cube.ide.mcu.externaltools.gnu-tools-for-stm32.13.3.rel1.win32_1.0.0.202411081344/tools/bin/../lib/gcc/arm-none-eabi/13.3.1/../../../../arm-none-eabi/lib/thumb/v7e-m+fp/hard\libm.a(libm_a-sf_sin.o)
                0x080054f0                sinf
 .text.__ieee754_sqrtf
                0x0800557c        0x6 C:/ST/STM32CubeIDE_1.19.0/STM32CubeIDE/plugins/com.st.stm32cube.ide.mcu.externaltools.gnu-tools-for-stm32.13.3.rel1.win32_1.0.0.202411081344/tools/bin/../lib/gcc/arm-none-eabi/13.3.1/../../../../arm-none-eabi/lib/thumb/v7e-m+fp/hard\libm.a(libm_a-ef_sqrt.o)
                0x0800557c                __ieee754_sqrtf
 *fill*         0x08005582        0x2 
 .text.__kernel_cosf
                0x08005584       0xb0 C:/ST/STM32CubeIDE_1.19.0/STM32CubeIDE/plugins/com.st.stm32cube.ide.mcu.externaltools.gnu-tools-for-stm32.13.3.rel1.win32_1.0.0.202411081344/tools/bin/../lib/gcc/arm-none-eabi/13.3.1/../../../../arm-none-eabi/lib/thumb/v7e-m+fp/hard\libm.a(libm_a-kf_cos.o)
                0x08005584                __kernel_cosf
 .text.__kernel_sinf
                0x08005634       0x90 C:/ST/STM32CubeIDE_1.19.0/STM32CubeIDE/plugins/com.st.stm32cube.ide.mcu.externaltools.gnu-tools-for-stm32.13.3.rel1.win32_1.0.0.202411081344/tools/bin/../lib/gcc/arm-none-eabi/13.3.1/../../../../arm-none-eabi/lib/thumb/v7e-m+fp/hard\libm.a(libm_a-kf_sin.o)
                0x08005634                __kernel_sinf
 .text.__ieee754_rem_pio2f
                0x080056c4      0x260 C:/ST/STM32CubeIDE_1.19.0/STM32CubeIDE/plugins/com.st.stm32cube.ide.mcu.externaltools.gnu-tools-for-stm32.13.3.rel1.win32_1.0.0.202411081344/tools/bin/../lib/gcc/arm-none-eabi/13.3.1/../../../../arm-none-eabi/lib/thumb/v7e-m+fp/hard\libm.a(libm_a-ef_rem_pio2.o)
                0x080056c4                __ieee754_rem_pio2f
 .text.fabsf    0x08005924        0xe C:/ST/STM32CubeIDE_1.19.0/STM32CubeIDE/plugins/com.st.stm32cube.ide.mcu.externaltools.gnu-tools-for-stm32.13.3.rel1.win32_1.0.0.202411081344/tools/bin/../lib/gcc/arm-none-eabi/13.3.1/../../../../arm-none-eabi/lib/thumb/v7e-m+fp/hard\libm.a(libm_a-sf_fabs.o)
                0x08005924                fabsf
 *fill*         0x08005932        0x2 
 .text.__kernel_rem_pio2f
                0x08005934      0x4d0 C:/ST/STM32CubeIDE_1.19.0/STM32CubeIDE/plugins/com.st.stm32cube.ide.mcu.externaltools.gnu-tools-for-stm32.13.3.rel1.win32_1.0.0.202411081344/tools/bin/../lib/gcc/arm-none-eabi/13.3.1/../../../../arm-none-eabi/lib/thumb/v7e-m+fp/hard\libm.a(libm_a-kf_rem_pio2.o)
                0x08005934                __kernel_rem_pio2f
 .text.scalbnf  0x08005e04       0xcc C:/ST/STM32CubeIDE_1.19.0/STM32CubeIDE/plugins/com.st.stm32cube.ide.mcu.externaltools.gnu-tools-for-stm32.13.3.rel1.win32_1.0.0.202411081344/tools/bin/../lib/gcc/arm-none-eabi/13.3.1/../../../../arm-none-eabi/lib/thumb/v7e-m+fp/hard\libm.a(libm_a-sf_scalbn.o)
                0x08005e04                scalbnf
 .text.floorf   0x08005ed0       0x88 C:/ST/STM32CubeIDE_1.19.0/STM32CubeIDE/plugins/com.st.stm32cube.ide.mcu.externaltools.gnu-tools-for-stm32.13.3.rel1.win32_1.0.0.202411081344/tools/bin/../lib/gcc/arm-none-eabi/13.3.1/../../../../arm-none-eabi/lib/thumb/v7e-m+fp/hard\libm.a(libm_a-sf_floor.o)
                0x08005ed0                floorf
 *(.glue_7)
 .glue_7        0x08005f58        0x0 linker stubs
 *(.glue_7t)
 .glue_7t       0x08005f58        0x0 linker stubs
 *(.eh_frame)
 .eh_frame      0x08005f58        0x0 C:/ST/STM32CubeIDE_1.19.0/STM32CubeIDE/plugins/com.st.stm32cube.ide.mcu.externaltools.gnu-tools-for-stm32.13.3.rel1.win32_1.0.0.202411081344/tools/bin/../lib/gcc/arm-none-eabi/13.3.1/thumb/v7e-m+fp/hard/crtbegin.o
 *(.init)
 .init          0x08005f58        0x4 C:/ST/STM32CubeIDE_1.19.0/STM32CubeIDE/plugins/com.st.stm32cube.ide.mcu.externaltools.gnu-tools-for-stm32.13.3.rel1.win32_1.0.0.202411081344/tools/bin/../lib/gcc/arm-none-eabi/13.3.1/thumb/v7e-m+fp/hard/crti.o
                0x08005f58                _init
 .init          0x08005f5c        0x8 C:/ST/STM32CubeIDE_1.19.0/STM32CubeIDE/plugins/com.st.stm32cube.ide.mcu.externaltools.gnu-tools-for-stm32.13.3.rel1.win32_1.0.0.202411081344/tools/bin/../lib/gcc/arm-none-eabi/13.3.1/thumb/v7e-m+fp/hard/crtn.o
 *(.fini)
 .fini          0x08005f64        0x4 C:/ST/STM32CubeIDE_1.19.0/STM32CubeIDE/plugins/com.st.stm32cube.ide.mcu.externaltools.gnu-tools-for-stm32.13.3.rel1.win32_1.0.0.202411081344/tools/bin/../lib/gcc/arm-none-eabi/13.3.1/thumb/v7e-m+fp/hard/crti.o
                0x08005f64                _fini
 .fini          0x08005f68        0x8 C:/ST/STM32CubeIDE_1.19.0/STM32CubeIDE/plugins/com.st.stm32cube.ide.mcu.externaltools.gnu-tools-for-stm32.13.3.rel1.win32_1.0.0.202411081344/tools/bin/../lib/gcc/arm-none-eabi/13.3.1/thumb/v7e-m+fp/hard/crtn.o
                0x08005f70                        . = ALIGN (0x4)
                0x08005f70                        _etext = .

.vfp11_veneer   0x08005f70        0x0
 .vfp11_veneer  0x08005f70        0x0 linker stubs

.v4_bx          0x08005f70        0x0
 .v4_bx         0x08005f70        0x0 linker stubs

.iplt           0x08005f70        0x0
 .iplt          0x08005f70        0x0 C:/ST/STM32CubeIDE_1.19.0/STM32CubeIDE/plugins/com.st.stm32cube.ide.mcu.externaltools.gnu-tools-for-stm32.13.3.rel1.win32_1.0.0.202411081344/tools/bin/../lib/gcc/arm-none-eabi/13.3.1/thumb/v7e-m+fp/hard/crtbegin.o

.rodata         0x08005f70     0x3144
                0x08005f70                        . = ALIGN (0x4)
 *(.rodata)
 *(.rodata*)
 .rodata.STREAM_OFFSET_TAB
                0x08005f70        0x8 ./Core/Src/main.o
 .rodata.OFFSET_TAB_CCMRx
                0x08005f78        0x7 ./Core/Src/main.o
 *fill*         0x08005f7f        0x1 
 .rodata.SHIFT_TAB_OCxx
                0x08005f80        0x7 ./Core/Src/main.o
 *fill*         0x08005f87        0x1 
 .rodata.AHBPrescTable
                0x08005f88       0x10 ./Core/Src/system_stm32f4xx.o
                0x08005f88                AHBPrescTable
 .rodata.APBPrescTable
                0x08005f98        0x8 ./Core/Src/system_stm32f4xx.o
                0x08005f98                APBPrescTable
 .rodata.base64_chars
                0x08005fa0       0x41 ./Core/Src/variables.o
                0x08005fa0                base64_chars
 *fill*         0x08005fe1        0x3 
 .rodata.va_array
                0x08005fe4      0x5a0 ./Core/Src/variables.o
                0x08005fe4                va_array
 .rodata.vb_array
                0x08006584      0x5a0 ./Core/Src/variables.o
                0x08006584                vb_array
 .rodata.vc_array
                0x08006b24      0x5a0 ./Core/Src/variables.o
                0x08006b24                vc_array
 .rodata.ia_array
                0x080070c4      0x5a0 ./Core/Src/variables.o
                0x080070c4                ia_array
 .rodata.ib_array
                0x08007664      0x5a0 ./Core/Src/variables.o
                0x08007664                ib_array
 .rodata.ic_array
                0x08007c04      0x5a0 ./Core/Src/variables.o
                0x08007c04                ic_array
 .rodata.Vdc_array
                0x080081a4      0x5a0 ./Core/Src/variables.o
                0x080081a4                Vdc_array
 .rodata.idc_array
                0x08008744      0x5a0 ./Core/Src/variables.o
                0x08008744                idc_array
 .rodata.npio2_hw
                0x08008ce4       0x80 C:/ST/STM32CubeIDE_1.19.0/STM32CubeIDE/plugins/com.st.stm32cube.ide.mcu.externaltools.gnu-tools-for-stm32.13.3.rel1.win32_1.0.0.202411081344/tools/bin/../lib/gcc/arm-none-eabi/13.3.1/../../../../arm-none-eabi/lib/thumb/v7e-m+fp/hard\libm.a(libm_a-ef_rem_pio2.o)
 .rodata.two_over_pi
                0x08008d64      0x318 C:/ST/STM32CubeIDE_1.19.0/STM32CubeIDE/plugins/com.st.stm32cube.ide.mcu.externaltools.gnu-tools-for-stm32.13.3.rel1.win32_1.0.0.202411081344/tools/bin/../lib/gcc/arm-none-eabi/13.3.1/../../../../arm-none-eabi/lib/thumb/v7e-m+fp/hard\libm.a(libm_a-ef_rem_pio2.o)
 .rodata.PIo2   0x0800907c       0x2c C:/ST/STM32CubeIDE_1.19.0/STM32CubeIDE/plugins/com.st.stm32cube.ide.mcu.externaltools.gnu-tools-for-stm32.13.3.rel1.win32_1.0.0.202411081344/tools/bin/../lib/gcc/arm-none-eabi/13.3.1/../../../../arm-none-eabi/lib/thumb/v7e-m+fp/hard\libm.a(libm_a-kf_rem_pio2.o)
 .rodata.init_jk
                0x080090a8        0xc C:/ST/STM32CubeIDE_1.19.0/STM32CubeIDE/plugins/com.st.stm32cube.ide.mcu.externaltools.gnu-tools-for-stm32.13.3.rel1.win32_1.0.0.202411081344/tools/bin/../lib/gcc/arm-none-eabi/13.3.1/../../../../arm-none-eabi/lib/thumb/v7e-m+fp/hard\libm.a(libm_a-kf_rem_pio2.o)
                0x080090b4                        . = ALIGN (0x4)

.ARM.extab      0x080090b4        0x0
                0x080090b4                        . = ALIGN (0x4)
 *(.ARM.extab* .gnu.linkonce.armextab.*)
                0x080090b4                        . = ALIGN (0x4)

.ARM            0x080090b4        0x8
                0x080090b4                        . = ALIGN (0x4)
                0x080090b4                        __exidx_start = .
 *(.ARM.exidx*)
 .ARM.exidx     0x080090b4        0x8 C:/ST/STM32CubeIDE_1.19.0/STM32CubeIDE/plugins/com.st.stm32cube.ide.mcu.externaltools.gnu-tools-for-stm32.13.3.rel1.win32_1.0.0.202411081344/tools/bin/../lib/gcc/arm-none-eabi/13.3.1/thumb/v7e-m+fp/hard\libgcc.a(_udivmoddi4.o)
                0x080090bc                        __exidx_end = .
                0x080090bc                        . = ALIGN (0x4)

.preinit_array  0x080090bc        0x0
                0x080090bc                        . = ALIGN (0x4)
                0x080090bc                        PROVIDE (__preinit_array_start = .)
 *(.preinit_array*)
                0x080090bc                        PROVIDE (__preinit_array_end = .)
                0x080090bc                        . = ALIGN (0x4)

.init_array     0x080090bc        0x4
                0x080090bc                        . = ALIGN (0x4)
                0x080090bc                        PROVIDE (__init_array_start = .)
 *(SORT_BY_NAME(.init_array.*))
 *(.init_array*)
 .init_array    0x080090bc        0x4 C:/ST/STM32CubeIDE_1.19.0/STM32CubeIDE/plugins/com.st.stm32cube.ide.mcu.externaltools.gnu-tools-for-stm32.13.3.rel1.win32_1.0.0.202411081344/tools/bin/../lib/gcc/arm-none-eabi/13.3.1/thumb/v7e-m+fp/hard/crtbegin.o
                0x080090c0                        PROVIDE (__init_array_end = .)
                0x080090c0                        . = ALIGN (0x4)

.fini_array     0x080090c0        0x4
                0x080090c0                        . = ALIGN (0x4)
                [!provide]                        PROVIDE (__fini_array_start = .)
 *(SORT_BY_NAME(.fini_array.*))
 *(.fini_array*)
 .fini_array    0x080090c0        0x4 C:/ST/STM32CubeIDE_1.19.0/STM32CubeIDE/plugins/com.st.stm32cube.ide.mcu.externaltools.gnu-tools-for-stm32.13.3.rel1.win32_1.0.0.202411081344/tools/bin/../lib/gcc/arm-none-eabi/13.3.1/thumb/v7e-m+fp/hard/crtbegin.o
                [!provide]                        PROVIDE (__fini_array_end = .)
                0x080090c4                        . = ALIGN (0x4)
                0x080090c4                        _sidata = LOADADDR (.data)

.rel.dyn        0x080090c4        0x0
 .rel.iplt      0x080090c4        0x0 C:/ST/STM32CubeIDE_1.19.0/STM32CubeIDE/plugins/com.st.stm32cube.ide.mcu.externaltools.gnu-tools-for-stm32.13.3.rel1.win32_1.0.0.202411081344/tools/bin/../lib/gcc/arm-none-eabi/13.3.1/thumb/v7e-m+fp/hard/crtbegin.o

.data           0x20000000      0x284 load address 0x080090c4
                0x20000000                        . = ALIGN (0x4)
                0x20000000                        _sdata = .
 *(.data)
 *(.data*)
 .data.SystemCoreClock
                0x20000000        0x4 ./Core/Src/system_stm32f4xx.o
                0x20000000                SystemCoreClock
 .data.pll      0x20000004       0x68 ./Core/Src/variables.o
                0x20000004                pll
 .data.grid     0x2000006c       0x30 ./Core/Src/variables.o
                0x2000006c                grid
 .data.timer3_variables
                0x2000009c        0x8 ./Core/Src/variables.o
                0x2000009c                timer3_variables
 .data.UCoffLimit
                0x200000a4       0x40 ./Core/Src/variables.o
                0x200000a4                UCoffLimit
 .data.UCinLimit
                0x200000e4       0x40 ./Core/Src/variables.o
                0x200000e4                UCinLimit
 .data.LCoffLimit
                0x20000124       0x40 ./Core/Src/variables.o
                0x20000124                LCoffLimit
 .data.LCinLimit
                0x20000164       0x40 ./Core/Src/variables.o
                0x20000164                LCinLimit
 .data.voltage_ctrl
                0x200001a4       0x2c ./Core/Src/variables.o
                0x200001a4                voltage_ctrl
 .data.current_ctrl
                0x200001d0       0x48 ./Core/Src/variables.o
                0x200001d0                current_ctrl
 .data.base64_variables
                0x20000218       0x18 ./Core/Src/variables.o
                0x20000218                base64_variables
 .data.data     0x20000230        0x4 ./Core/Src/variables.o
                0x20000230                data
 .data._impure_ptr
                0x20000234        0x4 C:/ST/STM32CubeIDE_1.19.0/STM32CubeIDE/plugins/com.st.stm32cube.ide.mcu.externaltools.gnu-tools-for-stm32.13.3.rel1.win32_1.0.0.202411081344/tools/bin/../lib/gcc/arm-none-eabi/13.3.1/../../../../arm-none-eabi/lib/thumb/v7e-m+fp/hard\libc_nano.a(libc_a-impure.o)
                0x20000234                _impure_ptr
 .data._impure_data
                0x20000238       0x4c C:/ST/STM32CubeIDE_1.19.0/STM32CubeIDE/plugins/com.st.stm32cube.ide.mcu.externaltools.gnu-tools-for-stm32.13.3.rel1.win32_1.0.0.202411081344/tools/bin/../lib/gcc/arm-none-eabi/13.3.1/../../../../arm-none-eabi/lib/thumb/v7e-m+fp/hard\libc_nano.a(libc_a-impure.o)
                0x20000238                _impure_data
 *(.RamFunc)
 *(.RamFunc*)
                0x20000284                        . = ALIGN (0x4)
                0x20000284                        _edata = .
                0x08009348                        _siccmram = LOADADDR (.ccmram)

.igot.plt       0x20000284        0x0 load address 0x08009348
 .igot.plt      0x20000284        0x0 C:/ST/STM32CubeIDE_1.19.0/STM32CubeIDE/plugins/com.st.stm32cube.ide.mcu.externaltools.gnu-tools-for-stm32.13.3.rel1.win32_1.0.0.202411081344/tools/bin/../lib/gcc/arm-none-eabi/13.3.1/thumb/v7e-m+fp/hard/crtbegin.o

.ccmram         0x10000000        0x0 load address 0x08009348
                0x10000000                        . = ALIGN (0x4)
                0x10000000                        _sccmram = .
 *(.ccmram)
 *(.ccmram*)
                0x10000000                        . = ALIGN (0x4)
                0x10000000                        _eccmram = .
                0x10000000                        . = ALIGN (0x4)

.bss            0x20000284      0x55c
                0x20000284                        _sbss = .
                0x20000284                        __bss_start__ = _sbss
 *(.bss)
 .bss           0x20000284       0x1c C:/ST/STM32CubeIDE_1.19.0/STM32CubeIDE/plugins/com.st.stm32cube.ide.mcu.externaltools.gnu-tools-for-stm32.13.3.rel1.win32_1.0.0.202411081344/tools/bin/../lib/gcc/arm-none-eabi/13.3.1/thumb/v7e-m+fp/hard/crtbegin.o
 *(.bss*)
 .bss.adc_buffer
                0x200002a0       0x10 ./Core/Src/variables.o
                0x200002a0                adc_buffer
 .bss.adc_read  0x200002b0       0x94 ./Core/Src/variables.o
                0x200002b0                adc_read
 .bss.counters  0x20000344        0xc ./Core/Src/variables.o
                0x20000344                counters
 .bss.relayOff_counter_enable
                0x20000350        0x1 ./Core/Src/variables.o
                0x20000350                relayOff_counter_enable
 *fill*         0x20000351        0x3 
 .bss.instVal   0x20000354       0x20 ./Core/Src/variables.o
                0x20000354                instVal
 .bss.rms_calculations
                0x20000374       0x44 ./Core/Src/variables.o
                0x20000374                rms_calculations
 .bss.final_squared_sum
                0x200003b8       0x44 ./Core/Src/variables.o
                0x200003b8                final_squared_sum
 .bss.avg_of_mean_square
                0x200003fc       0x18 ./Core/Src/variables.o
                0x200003fc                avg_of_mean_square
 .bss.rmsVal    0x20000414       0x18 ./Core/Src/variables.o
                0x20000414                rmsVal
 .bss.avg_calculations
                0x2000042c       0x24 ./Core/Src/variables.o
                0x2000042c                avg_calculations
 .bss.final_sum
                0x20000450       0x24 ./Core/Src/variables.o
                0x20000450                final_sum
 .bss.avgVal    0x20000474        0x8 ./Core/Src/variables.o
                0x20000474                avgVal
 .bss.error_flags
                0x2000047c        0x9 ./Core/Src/variables.o
                0x2000047c                error_flags
 .bss.state     0x20000485        0x1 ./Core/Src/variables.o
                0x20000485                state
 *fill*         0x20000486        0x2 
 .bss.first_time_state_entry
                0x20000488        0x4 ./Core/Src/variables.o
                0x20000488                first_time_state_entry
 .bss.abc_form  0x2000048c       0x24 ./Core/Src/variables.o
                0x2000048c                abc_form
 .bss.usart_comm
                0x200004b0       0x18 ./Core/Src/variables.o
                0x200004b0                usart_comm
 .bss.txn_array
                0x200004c8       0xca ./Core/Src/variables.o
                0x200004c8                txn_array
 *fill*         0x20000592        0x2 
 .bss.uart_send_data_pointer
                0x20000594        0x4 ./Core/Src/variables.o
                0x20000594                uart_send_data_pointer
 .bss.base64_txn
                0x20000598      0x10e ./Core/Src/variables.o
                0x20000598                base64_txn
 *fill*         0x200006a6        0x2 
 .bss.__sf      0x200006a8      0x138 C:/ST/STM32CubeIDE_1.19.0/STM32CubeIDE/plugins/com.st.stm32cube.ide.mcu.externaltools.gnu-tools-for-stm32.13.3.rel1.win32_1.0.0.202411081344/tools/bin/../lib/gcc/arm-none-eabi/13.3.1/../../../../arm-none-eabi/lib/thumb/v7e-m+fp/hard\libc_nano.a(libc_a-findfp.o)
                0x200006a8                __sf
 *(COMMON)
                0x200007e0                        . = ALIGN (0x4)
                0x200007e0                        _ebss = .
                0x200007e0                        __bss_end__ = _ebss

._user_heap_stack
                0x200007e0      0x600
                0x200007e0                        . = ALIGN (0x8)
                [!provide]                        PROVIDE (end = .)
                0x200007e0                        PROVIDE (_end = .)
                0x200009e0                        . = (. + _Min_Heap_Size)
 *fill*         0x200007e0      0x200 
                0x20000de0                        . = (. + _Min_Stack_Size)
 *fill*         0x200009e0      0x400 
                0x20000de0                        . = ALIGN (0x8)

/DISCARD/
 libc.a(*)
 libm.a(*)
 libgcc.a(*)

.ARM.attributes
                0x00000000       0x30
 *(.ARM.attributes)
 .ARM.attributes
                0x00000000       0x22 C:/ST/STM32CubeIDE_1.19.0/STM32CubeIDE/plugins/com.st.stm32cube.ide.mcu.externaltools.gnu-tools-for-stm32.13.3.rel1.win32_1.0.0.202411081344/tools/bin/../lib/gcc/arm-none-eabi/13.3.1/thumb/v7e-m+fp/hard/crti.o
 .ARM.attributes
                0x00000022       0x34 C:/ST/STM32CubeIDE_1.19.0/STM32CubeIDE/plugins/com.st.stm32cube.ide.mcu.externaltools.gnu-tools-for-stm32.13.3.rel1.win32_1.0.0.202411081344/tools/bin/../lib/gcc/arm-none-eabi/13.3.1/thumb/v7e-m+fp/hard/crtbegin.o
 .ARM.attributes
                0x00000056       0x34 ./Core/Src/abc_to_dq.o
 .ARM.attributes
                0x0000008a       0x34 ./Core/Src/adc_readings.o
 .ARM.attributes
                0x000000be       0x34 ./Core/Src/averageCalculations.o
 .ARM.attributes
                0x000000f2       0x34 ./Core/Src/counters.o
 .ARM.attributes
                0x00000126       0x34 ./Core/Src/currentController.o
 .ARM.attributes
                0x0000015a       0x34 ./Core/Src/diagnostics.o
 .ARM.attributes
                0x0000018e       0x34 ./Core/Src/dq_to_pwm.o
 .ARM.attributes
                0x000001c2       0x34 ./Core/Src/main.o
 .ARM.attributes
                0x000001f6       0x34 ./Core/Src/pll.o
 .ARM.attributes
                0x0000022a       0x34 ./Core/Src/pll_lock.o
 .ARM.attributes
                0x0000025e       0x34 ./Core/Src/rmsCalculations.o
 .ARM.attributes
                0x00000292       0x34 ./Core/Src/stateControl.o
 .ARM.attributes
                0x000002c6       0x34 ./Core/Src/stm32f4xx_it.o
 .ARM.attributes
                0x000002fa       0x34 ./Core/Src/system_stm32f4xx.o
 .ARM.attributes
                0x0000032e       0x34 ./Core/Src/usart.o
 .ARM.attributes
                0x00000362       0x34 ./Core/Src/variables.o
 .ARM.attributes
                0x00000396       0x34 ./Core/Src/voltageController.o
 .ARM.attributes
                0x000003ca       0x21 ./Core/Startup/startup_stm32f407vgtx.o
 .ARM.attributes
                0x000003eb       0x34 ./Drivers/STM32F4xx_HAL_Driver/Src/stm32f4xx_ll_adc.o
 .ARM.attributes
                0x0000041f       0x34 ./Drivers/STM32F4xx_HAL_Driver/Src/stm32f4xx_ll_dac.o
 .ARM.attributes
                0x00000453       0x34 ./Drivers/STM32F4xx_HAL_Driver/Src/stm32f4xx_ll_gpio.o
 .ARM.attributes
                0x00000487       0x34 ./Drivers/STM32F4xx_HAL_Driver/Src/stm32f4xx_ll_rcc.o
 .ARM.attributes
                0x000004bb       0x34 ./Drivers/STM32F4xx_HAL_Driver/Src/stm32f4xx_ll_tim.o
 .ARM.attributes
                0x000004ef       0x34 ./Drivers/STM32F4xx_HAL_Driver/Src/stm32f4xx_ll_usart.o
 .ARM.attributes
                0x00000523       0x34 ./Drivers/STM32F4xx_HAL_Driver/Src/stm32f4xx_ll_utils.o
 .ARM.attributes
                0x00000557       0x34 C:/ST/STM32CubeIDE_1.19.0/STM32CubeIDE/plugins/com.st.stm32cube.ide.mcu.externaltools.gnu-tools-for-stm32.13.3.rel1.win32_1.0.0.202411081344/tools/bin/../lib/gcc/arm-none-eabi/13.3.1/../../../../arm-none-eabi/lib/thumb/v7e-m+fp/hard\libc_nano.a(libc_a-findfp.o)
 .ARM.attributes
                0x0000058b       0x34 C:/ST/STM32CubeIDE_1.19.0/STM32CubeIDE/plugins/com.st.stm32cube.ide.mcu.externaltools.gnu-tools-for-stm32.13.3.rel1.win32_1.0.0.202411081344/tools/bin/../lib/gcc/arm-none-eabi/13.3.1/../../../../arm-none-eabi/lib/thumb/v7e-m+fp/hard\libc_nano.a(libc_a-memset.o)
 .ARM.attributes
                0x000005bf       0x34 C:/ST/STM32CubeIDE_1.19.0/STM32CubeIDE/plugins/com.st.stm32cube.ide.mcu.externaltools.gnu-tools-for-stm32.13.3.rel1.win32_1.0.0.202411081344/tools/bin/../lib/gcc/arm-none-eabi/13.3.1/../../../../arm-none-eabi/lib/thumb/v7e-m+fp/hard\libc_nano.a(libc_a-impure.o)
 .ARM.attributes
                0x000005f3       0x34 C:/ST/STM32CubeIDE_1.19.0/STM32CubeIDE/plugins/com.st.stm32cube.ide.mcu.externaltools.gnu-tools-for-stm32.13.3.rel1.win32_1.0.0.202411081344/tools/bin/../lib/gcc/arm-none-eabi/13.3.1/../../../../arm-none-eabi/lib/thumb/v7e-m+fp/hard\libc_nano.a(libc_a-errno.o)
 .ARM.attributes
                0x00000627       0x34 C:/ST/STM32CubeIDE_1.19.0/STM32CubeIDE/plugins/com.st.stm32cube.ide.mcu.externaltools.gnu-tools-for-stm32.13.3.rel1.win32_1.0.0.202411081344/tools/bin/../lib/gcc/arm-none-eabi/13.3.1/../../../../arm-none-eabi/lib/thumb/v7e-m+fp/hard\libc_nano.a(libc_a-init.o)
 .ARM.attributes
                0x0000065b       0x34 C:/ST/STM32CubeIDE_1.19.0/STM32CubeIDE/plugins/com.st.stm32cube.ide.mcu.externaltools.gnu-tools-for-stm32.13.3.rel1.win32_1.0.0.202411081344/tools/bin/../lib/gcc/arm-none-eabi/13.3.1/../../../../arm-none-eabi/lib/thumb/v7e-m+fp/hard\libm.a(libm_a-wf_sqrt.o)
 .ARM.attributes
                0x0000068f       0x34 C:/ST/STM32CubeIDE_1.19.0/STM32CubeIDE/plugins/com.st.stm32cube.ide.mcu.externaltools.gnu-tools-for-stm32.13.3.rel1.win32_1.0.0.202411081344/tools/bin/../lib/gcc/arm-none-eabi/13.3.1/../../../../arm-none-eabi/lib/thumb/v7e-m+fp/hard\libm.a(libm_a-sf_cos.o)
 .ARM.attributes
                0x000006c3       0x34 C:/ST/STM32CubeIDE_1.19.0/STM32CubeIDE/plugins/com.st.stm32cube.ide.mcu.externaltools.gnu-tools-for-stm32.13.3.rel1.win32_1.0.0.202411081344/tools/bin/../lib/gcc/arm-none-eabi/13.3.1/../../../../arm-none-eabi/lib/thumb/v7e-m+fp/hard\libm.a(libm_a-sf_sin.o)
 .ARM.attributes
                0x000006f7       0x34 C:/ST/STM32CubeIDE_1.19.0/STM32CubeIDE/plugins/com.st.stm32cube.ide.mcu.externaltools.gnu-tools-for-stm32.13.3.rel1.win32_1.0.0.202411081344/tools/bin/../lib/gcc/arm-none-eabi/13.3.1/../../../../arm-none-eabi/lib/thumb/v7e-m+fp/hard\libm.a(libm_a-ef_sqrt.o)
 .ARM.attributes
                0x0000072b       0x34 C:/ST/STM32CubeIDE_1.19.0/STM32CubeIDE/plugins/com.st.stm32cube.ide.mcu.externaltools.gnu-tools-for-stm32.13.3.rel1.win32_1.0.0.202411081344/tools/bin/../lib/gcc/arm-none-eabi/13.3.1/../../../../arm-none-eabi/lib/thumb/v7e-m+fp/hard\libm.a(libm_a-kf_cos.o)
 .ARM.attributes
                0x0000075f       0x34 C:/ST/STM32CubeIDE_1.19.0/STM32CubeIDE/plugins/com.st.stm32cube.ide.mcu.externaltools.gnu-tools-for-stm32.13.3.rel1.win32_1.0.0.202411081344/tools/bin/../lib/gcc/arm-none-eabi/13.3.1/../../../../arm-none-eabi/lib/thumb/v7e-m+fp/hard\libm.a(libm_a-kf_sin.o)
 .ARM.attributes
                0x00000793       0x34 C:/ST/STM32CubeIDE_1.19.0/STM32CubeIDE/plugins/com.st.stm32cube.ide.mcu.externaltools.gnu-tools-for-stm32.13.3.rel1.win32_1.0.0.202411081344/tools/bin/../lib/gcc/arm-none-eabi/13.3.1/../../../../arm-none-eabi/lib/thumb/v7e-m+fp/hard\libm.a(libm_a-ef_rem_pio2.o)
 .ARM.attributes
                0x000007c7       0x34 C:/ST/STM32CubeIDE_1.19.0/STM32CubeIDE/plugins/com.st.stm32cube.ide.mcu.externaltools.gnu-tools-for-stm32.13.3.rel1.win32_1.0.0.202411081344/tools/bin/../lib/gcc/arm-none-eabi/13.3.1/../../../../arm-none-eabi/lib/thumb/v7e-m+fp/hard\libm.a(libm_a-sf_fabs.o)
 .ARM.attributes
                0x000007fb       0x34 C:/ST/STM32CubeIDE_1.19.0/STM32CubeIDE/plugins/com.st.stm32cube.ide.mcu.externaltools.gnu-tools-for-stm32.13.3.rel1.win32_1.0.0.202411081344/tools/bin/../lib/gcc/arm-none-eabi/13.3.1/../../../../arm-none-eabi/lib/thumb/v7e-m+fp/hard\libm.a(libm_a-kf_rem_pio2.o)
 .ARM.attributes
                0x0000082f       0x34 C:/ST/STM32CubeIDE_1.19.0/STM32CubeIDE/plugins/com.st.stm32cube.ide.mcu.externaltools.gnu-tools-for-stm32.13.3.rel1.win32_1.0.0.202411081344/tools/bin/../lib/gcc/arm-none-eabi/13.3.1/../../../../arm-none-eabi/lib/thumb/v7e-m+fp/hard\libm.a(libm_a-sf_scalbn.o)
 .ARM.attributes
                0x00000863       0x34 C:/ST/STM32CubeIDE_1.19.0/STM32CubeIDE/plugins/com.st.stm32cube.ide.mcu.externaltools.gnu-tools-for-stm32.13.3.rel1.win32_1.0.0.202411081344/tools/bin/../lib/gcc/arm-none-eabi/13.3.1/../../../../arm-none-eabi/lib/thumb/v7e-m+fp/hard\libm.a(libm_a-sf_floor.o)
 .ARM.attributes
                0x00000897       0x22 C:/ST/STM32CubeIDE_1.19.0/STM32CubeIDE/plugins/com.st.stm32cube.ide.mcu.externaltools.gnu-tools-for-stm32.13.3.rel1.win32_1.0.0.202411081344/tools/bin/../lib/gcc/arm-none-eabi/13.3.1/thumb/v7e-m+fp/hard\libgcc.a(_arm_addsubdf3.o)
 .ARM.attributes
                0x000008b9       0x22 C:/ST/STM32CubeIDE_1.19.0/STM32CubeIDE/plugins/com.st.stm32cube.ide.mcu.externaltools.gnu-tools-for-stm32.13.3.rel1.win32_1.0.0.202411081344/tools/bin/../lib/gcc/arm-none-eabi/13.3.1/thumb/v7e-m+fp/hard\libgcc.a(_arm_cmpdf2.o)
 .ARM.attributes
                0x000008db       0x22 C:/ST/STM32CubeIDE_1.19.0/STM32CubeIDE/plugins/com.st.stm32cube.ide.mcu.externaltools.gnu-tools-for-stm32.13.3.rel1.win32_1.0.0.202411081344/tools/bin/../lib/gcc/arm-none-eabi/13.3.1/thumb/v7e-m+fp/hard\libgcc.a(_arm_truncdfsf2.o)
 .ARM.attributes
                0x000008fd       0x22 C:/ST/STM32CubeIDE_1.19.0/STM32CubeIDE/plugins/com.st.stm32cube.ide.mcu.externaltools.gnu-tools-for-stm32.13.3.rel1.win32_1.0.0.202411081344/tools/bin/../lib/gcc/arm-none-eabi/13.3.1/thumb/v7e-m+fp/hard\libgcc.a(_aeabi_uldivmod.o)
 .ARM.attributes
                0x0000091f       0x34 C:/ST/STM32CubeIDE_1.19.0/STM32CubeIDE/plugins/com.st.stm32cube.ide.mcu.externaltools.gnu-tools-for-stm32.13.3.rel1.win32_1.0.0.202411081344/tools/bin/../lib/gcc/arm-none-eabi/13.3.1/thumb/v7e-m+fp/hard\libgcc.a(_udivmoddi4.o)
 .ARM.attributes
                0x00000953       0x22 C:/ST/STM32CubeIDE_1.19.0/STM32CubeIDE/plugins/com.st.stm32cube.ide.mcu.externaltools.gnu-tools-for-stm32.13.3.rel1.win32_1.0.0.202411081344/tools/bin/../lib/gcc/arm-none-eabi/13.3.1/thumb/v7e-m+fp/hard\libgcc.a(_dvmd_tls.o)
 .ARM.attributes
                0x00000975       0x22 C:/ST/STM32CubeIDE_1.19.0/STM32CubeIDE/plugins/com.st.stm32cube.ide.mcu.externaltools.gnu-tools-for-stm32.13.3.rel1.win32_1.0.0.202411081344/tools/bin/../lib/gcc/arm-none-eabi/13.3.1/thumb/v7e-m+fp/hard/crtn.o
OUTPUT(Front_End.elf elf32-littlearm)
LOAD linker stubs
LOAD C:/ST/STM32CubeIDE_1.19.0/STM32CubeIDE/plugins/com.st.stm32cube.ide.mcu.externaltools.gnu-tools-for-stm32.13.3.rel1.win32_1.0.0.202411081344/tools/bin/../lib/gcc/arm-none-eabi/13.3.1/../../../../arm-none-eabi/lib/thumb/v7e-m+fp/hard\libc.a
LOAD C:/ST/STM32CubeIDE_1.19.0/STM32CubeIDE/plugins/com.st.stm32cube.ide.mcu.externaltools.gnu-tools-for-stm32.13.3.rel1.win32_1.0.0.202411081344/tools/bin/../lib/gcc/arm-none-eabi/13.3.1/../../../../arm-none-eabi/lib/thumb/v7e-m+fp/hard\libm.a
LOAD C:/ST/STM32CubeIDE_1.19.0/STM32CubeIDE/plugins/com.st.stm32cube.ide.mcu.externaltools.gnu-tools-for-stm32.13.3.rel1.win32_1.0.0.202411081344/tools/bin/../lib/gcc/arm-none-eabi/13.3.1/thumb/v7e-m+fp/hard\libgcc.a

.debug_info     0x00000000     0xa759
 .debug_info    0x00000000      0x2cf ./Core/Src/abc_to_dq.o
 .debug_info    0x000002cf      0x2c1 ./Core/Src/adc_readings.o
 .debug_info    0x00000590      0x2f5 ./Core/Src/averageCalculations.o
 .debug_info    0x00000885       0xfc ./Core/Src/counters.o
 .debug_info    0x00000981      0x430 ./Core/Src/currentController.o
 .debug_info    0x00000db1      0x3c5 ./Core/Src/diagnostics.o
 .debug_info    0x00001176      0x627 ./Core/Src/dq_to_pwm.o
 .debug_info    0x0000179d     0x2212 ./Core/Src/main.o
 .debug_info    0x000039af      0x2cf ./Core/Src/pll.o
 .debug_info    0x00003c7e      0x282 ./Core/Src/pll_lock.o
 .debug_info    0x00003f00      0x400 ./Core/Src/rmsCalculations.o
 .debug_info    0x00004300      0x38b ./Core/Src/stateControl.o
 .debug_info    0x0000468b      0x838 ./Core/Src/stm32f4xx_it.o
 .debug_info    0x00004ec3      0x50b ./Core/Src/system_stm32f4xx.o
 .debug_info    0x000053ce      0x32f ./Core/Src/usart.o
 .debug_info    0x000056fd     0x10fc ./Core/Src/variables.o
 .debug_info    0x000067f9      0x2a1 ./Core/Src/voltageController.o
 .debug_info    0x00006a9a       0x30 ./Core/Startup/startup_stm32f407vgtx.o
 .debug_info    0x00006aca      0x88f ./Drivers/STM32F4xx_HAL_Driver/Src/stm32f4xx_ll_adc.o
 .debug_info    0x00007359      0x47c ./Drivers/STM32F4xx_HAL_Driver/Src/stm32f4xx_ll_dac.o
 .debug_info    0x000077d5      0x920 ./Drivers/STM32F4xx_HAL_Driver/Src/stm32f4xx_ll_gpio.o
 .debug_info    0x000080f5      0x744 ./Drivers/STM32F4xx_HAL_Driver/Src/stm32f4xx_ll_rcc.o
 .debug_info    0x00008839      0xf40 ./Drivers/STM32F4xx_HAL_Driver/Src/stm32f4xx_ll_tim.o
 .debug_info    0x00009779      0x6eb ./Drivers/STM32F4xx_HAL_Driver/Src/stm32f4xx_ll_usart.o
 .debug_info    0x00009e64      0x8f5 ./Drivers/STM32F4xx_HAL_Driver/Src/stm32f4xx_ll_utils.o

.debug_abbrev   0x00000000     0x204a
 .debug_abbrev  0x00000000       0xc9 ./Core/Src/abc_to_dq.o
 .debug_abbrev  0x000000c9       0xb8 ./Core/Src/adc_readings.o
 .debug_abbrev  0x00000181       0xe1 ./Core/Src/averageCalculations.o
 .debug_abbrev  0x00000262       0x86 ./Core/Src/counters.o
 .debug_abbrev  0x000002e8       0xaa ./Core/Src/currentController.o
 .debug_abbrev  0x00000392       0xc5 ./Core/Src/diagnostics.o
 .debug_abbrev  0x00000457      0x11d ./Core/Src/dq_to_pwm.o
 .debug_abbrev  0x00000574      0x398 ./Core/Src/main.o
 .debug_abbrev  0x0000090c       0xc9 ./Core/Src/pll.o
 .debug_abbrev  0x000009d5       0xa9 ./Core/Src/pll_lock.o
 .debug_abbrev  0x00000a7e      0x116 ./Core/Src/rmsCalculations.o
 .debug_abbrev  0x00000b94       0xe0 ./Core/Src/stateControl.o
 .debug_abbrev  0x00000c74      0x1f2 ./Core/Src/stm32f4xx_it.o
 .debug_abbrev  0x00000e66      0x11a ./Core/Src/system_stm32f4xx.o
 .debug_abbrev  0x00000f80      0x12b ./Core/Src/usart.o
 .debug_abbrev  0x000010ab      0x155 ./Core/Src/variables.o
 .debug_abbrev  0x00001200       0xa9 ./Core/Src/voltageController.o
 .debug_abbrev  0x000012a9       0x24 ./Core/Startup/startup_stm32f407vgtx.o
 .debug_abbrev  0x000012cd      0x1a8 ./Drivers/STM32F4xx_HAL_Driver/Src/stm32f4xx_ll_adc.o
 .debug_abbrev  0x00001475      0x18d ./Drivers/STM32F4xx_HAL_Driver/Src/stm32f4xx_ll_dac.o
 .debug_abbrev  0x00001602      0x237 ./Drivers/STM32F4xx_HAL_Driver/Src/stm32f4xx_ll_gpio.o
 .debug_abbrev  0x00001839      0x1ed ./Drivers/STM32F4xx_HAL_Driver/Src/stm32f4xx_ll_rcc.o
 .debug_abbrev  0x00001a26      0x20f ./Drivers/STM32F4xx_HAL_Driver/Src/stm32f4xx_ll_tim.o
 .debug_abbrev  0x00001c35      0x1f2 ./Drivers/STM32F4xx_HAL_Driver/Src/stm32f4xx_ll_usart.o
 .debug_abbrev  0x00001e27      0x223 ./Drivers/STM32F4xx_HAL_Driver/Src/stm32f4xx_ll_utils.o

.debug_aranges  0x00000000      0xa18
 .debug_aranges
                0x00000000       0x20 ./Core/Src/abc_to_dq.o
 .debug_aranges
                0x00000020       0x20 ./Core/Src/adc_readings.o
 .debug_aranges
                0x00000040       0x28 ./Core/Src/averageCalculations.o
 .debug_aranges
                0x00000068       0x28 ./Core/Src/counters.o
 .debug_aranges
                0x00000090       0x20 ./Core/Src/currentController.o
 .debug_aranges
                0x000000b0       0x30 ./Core/Src/diagnostics.o
 .debug_aranges
                0x000000e0       0x20 ./Core/Src/dq_to_pwm.o
 .debug_aranges
                0x00000100      0x218 ./Core/Src/main.o
 .debug_aranges
                0x00000318       0x20 ./Core/Src/pll.o
 .debug_aranges
                0x00000338       0x20 ./Core/Src/pll_lock.o
 .debug_aranges
                0x00000358       0x28 ./Core/Src/rmsCalculations.o
 .debug_aranges
                0x00000380       0x30 ./Core/Src/stateControl.o
 .debug_aranges
                0x000003b0       0x98 ./Core/Src/stm32f4xx_it.o
 .debug_aranges
                0x00000448       0x28 ./Core/Src/system_stm32f4xx.o
 .debug_aranges
                0x00000470       0x28 ./Core/Src/usart.o
 .debug_aranges
                0x00000498       0x18 ./Core/Src/variables.o
 .debug_aranges
                0x000004b0       0x20 ./Core/Src/voltageController.o
 .debug_aranges
                0x000004d0       0x28 ./Core/Startup/startup_stm32f407vgtx.o
 .debug_aranges
                0x000004f8       0xa8 ./Drivers/STM32F4xx_HAL_Driver/Src/stm32f4xx_ll_adc.o
 .debug_aranges
                0x000005a0       0x48 ./Drivers/STM32F4xx_HAL_Driver/Src/stm32f4xx_ll_dac.o
 .debug_aranges
                0x000005e8       0x70 ./Drivers/STM32F4xx_HAL_Driver/Src/stm32f4xx_ll_gpio.o
 .debug_aranges
                0x00000658      0x118 ./Drivers/STM32F4xx_HAL_Driver/Src/stm32f4xx_ll_rcc.o
 .debug_aranges
                0x00000770      0x128 ./Drivers/STM32F4xx_HAL_Driver/Src/stm32f4xx_ll_tim.o
 .debug_aranges
                0x00000898       0x88 ./Drivers/STM32F4xx_HAL_Driver/Src/stm32f4xx_ll_usart.o
 .debug_aranges
                0x00000920       0xf8 ./Drivers/STM32F4xx_HAL_Driver/Src/stm32f4xx_ll_utils.o

.debug_rnglists
                0x00000000      0x73b
 .debug_rnglists
                0x00000000       0x14 ./Core/Src/abc_to_dq.o
 .debug_rnglists
                0x00000014       0x14 ./Core/Src/adc_readings.o
 .debug_rnglists
                0x00000028       0x1a ./Core/Src/averageCalculations.o
 .debug_rnglists
                0x00000042       0x19 ./Core/Src/counters.o
 .debug_rnglists
                0x0000005b       0x14 ./Core/Src/currentController.o
 .debug_rnglists
                0x0000006f       0x22 ./Core/Src/diagnostics.o
 .debug_rnglists
                0x00000091       0x14 ./Core/Src/dq_to_pwm.o
 .debug_rnglists
                0x000000a5      0x196 ./Core/Src/main.o
 .debug_rnglists
                0x0000023b       0x14 ./Core/Src/pll.o
 .debug_rnglists
                0x0000024f       0x13 ./Core/Src/pll_lock.o
 .debug_rnglists
                0x00000262       0x1b ./Core/Src/rmsCalculations.o
 .debug_rnglists
                0x0000027d       0x20 ./Core/Src/stateControl.o
 .debug_rnglists
                0x0000029d       0x6e ./Core/Src/stm32f4xx_it.o
 .debug_rnglists
                0x0000030b       0x1a ./Core/Src/system_stm32f4xx.o
 .debug_rnglists
                0x00000325       0x1b ./Core/Src/usart.o
 .debug_rnglists
                0x00000340       0x14 ./Core/Src/voltageController.o
 .debug_rnglists
                0x00000354       0x19 ./Core/Startup/startup_stm32f407vgtx.o
 .debug_rnglists
                0x0000036d       0x7d ./Drivers/STM32F4xx_HAL_Driver/Src/stm32f4xx_ll_adc.o
 .debug_rnglists
                0x000003ea       0x32 ./Drivers/STM32F4xx_HAL_Driver/Src/stm32f4xx_ll_dac.o
 .debug_rnglists
                0x0000041c       0x51 ./Drivers/STM32F4xx_HAL_Driver/Src/stm32f4xx_ll_gpio.o
 .debug_rnglists
                0x0000046d       0xce ./Drivers/STM32F4xx_HAL_Driver/Src/stm32f4xx_ll_rcc.o
 .debug_rnglists
                0x0000053b       0xe4 ./Drivers/STM32F4xx_HAL_Driver/Src/stm32f4xx_ll_tim.o
 .debug_rnglists
                0x0000061f       0x64 ./Drivers/STM32F4xx_HAL_Driver/Src/stm32f4xx_ll_usart.o
 .debug_rnglists
                0x00000683       0xb8 ./Drivers/STM32F4xx_HAL_Driver/Src/stm32f4xx_ll_utils.o

.debug_macro    0x00000000    0x1e7ea
 .debug_macro   0x00000000      0x18a ./Core/Src/abc_to_dq.o
 .debug_macro   0x0000018a      0xb1a ./Core/Src/abc_to_dq.o
 .debug_macro   0x00000ca4       0x22 ./Core/Src/abc_to_dq.o
 .debug_macro   0x00000cc6       0x5b ./Core/Src/abc_to_dq.o
 .debug_macro   0x00000d21       0x2a ./Core/Src/abc_to_dq.o
 .debug_macro   0x00000d4b       0x94 ./Core/Src/abc_to_dq.o
 .debug_macro   0x00000ddf       0x43 ./Core/Src/abc_to_dq.o
 .debug_macro   0x00000e22       0x34 ./Core/Src/abc_to_dq.o
 .debug_macro   0x00000e56      0x190 ./Core/Src/abc_to_dq.o
 .debug_macro   0x00000fe6       0x57 ./Core/Src/abc_to_dq.o
 .debug_macro   0x0000103d      0x370 ./Core/Src/abc_to_dq.o
 .debug_macro   0x000013ad       0x16 ./Core/Src/abc_to_dq.o
 .debug_macro   0x000013c3       0x4a ./Core/Src/abc_to_dq.o
 .debug_macro   0x0000140d       0x34 ./Core/Src/abc_to_dq.o
 .debug_macro   0x00001441       0x10 ./Core/Src/abc_to_dq.o
 .debug_macro   0x00001451       0x58 ./Core/Src/abc_to_dq.o
 .debug_macro   0x000014a9       0x8e ./Core/Src/abc_to_dq.o
 .debug_macro   0x00001537       0x1c ./Core/Src/abc_to_dq.o
 .debug_macro   0x00001553      0x185 ./Core/Src/abc_to_dq.o
 .debug_macro   0x000016d8      0x19b ./Core/Src/abc_to_dq.o
 .debug_macro   0x00001873       0x2e ./Core/Src/abc_to_dq.o
 .debug_macro   0x000018a1       0x2f ./Core/Src/abc_to_dq.o
 .debug_macro   0x000018d0      0x103 ./Core/Src/abc_to_dq.o
 .debug_macro   0x000019d3       0x6a ./Core/Src/abc_to_dq.o
 .debug_macro   0x00001a3d      0x1df ./Core/Src/abc_to_dq.o
 .debug_macro   0x00001c1c       0x1c ./Core/Src/abc_to_dq.o
 .debug_macro   0x00001c38       0x22 ./Core/Src/abc_to_dq.o
 .debug_macro   0x00001c5a       0xfb ./Core/Src/abc_to_dq.o
 .debug_macro   0x00001d55     0x1011 ./Core/Src/abc_to_dq.o
 .debug_macro   0x00002d66      0x11f ./Core/Src/abc_to_dq.o
 .debug_macro   0x00002e85    0x15ea5 ./Core/Src/abc_to_dq.o
 .debug_macro   0x00018d2a       0x6d ./Core/Src/abc_to_dq.o
 .debug_macro   0x00018d97       0x22 ./Core/Src/abc_to_dq.o
 .debug_macro   0x00018db9       0x76 ./Core/Src/abc_to_dq.o
 .debug_macro   0x00018e2f       0xe0 ./Core/Src/adc_readings.o
 .debug_macro   0x00018f0f       0x8e ./Core/Src/adc_readings.o
 .debug_macro   0x00018f9d       0x51 ./Core/Src/adc_readings.o
 .debug_macro   0x00018fee      0x18a ./Core/Src/averageCalculations.o
 .debug_macro   0x00019178       0xe0 ./Core/Src/counters.o
 .debug_macro   0x00019258      0x18a ./Core/Src/currentController.o
 .debug_macro   0x000193e2       0xe0 ./Core/Src/diagnostics.o
 .debug_macro   0x000194c2      0x18a ./Core/Src/dq_to_pwm.o
 .debug_macro   0x0001964c      0x21a ./Core/Src/main.o
 .debug_macro   0x00019866      0xb55 ./Core/Src/main.o
 .debug_macro   0x0001a3bb      0x24d ./Core/Src/main.o
 .debug_macro   0x0001a608      0x1e6 ./Core/Src/main.o
 .debug_macro   0x0001a7ee      0x781 ./Core/Src/main.o
 .debug_macro   0x0001af6f      0x1d5 ./Core/Src/main.o
 .debug_macro   0x0001b144      0x20a ./Core/Src/main.o
 .debug_macro   0x0001b34e       0xe8 ./Core/Src/main.o
 .debug_macro   0x0001b436      0x1a6 ./Core/Src/main.o
 .debug_macro   0x0001b5dc       0x61 ./Core/Src/main.o
 .debug_macro   0x0001b63d       0xaa ./Core/Src/main.o
 .debug_macro   0x0001b6e7      0x5f3 ./Core/Src/main.o
 .debug_macro   0x0001bcda      0x1bb ./Core/Src/main.o
 .debug_macro   0x0001be95      0x149 ./Core/Src/main.o
 .debug_macro   0x0001bfde       0x22 ./Core/Src/main.o
 .debug_macro   0x0001c000       0x61 ./Core/Src/main.o
 .debug_macro   0x0001c061      0x18a ./Core/Src/pll.o
 .debug_macro   0x0001c1eb       0xe0 ./Core/Src/pll_lock.o
 .debug_macro   0x0001c2cb      0x18a ./Core/Src/rmsCalculations.o
 .debug_macro   0x0001c455       0xe0 ./Core/Src/stateControl.o
 .debug_macro   0x0001c535      0x224 ./Core/Src/stm32f4xx_it.o
 .debug_macro   0x0001c759       0xce ./Core/Src/system_stm32f4xx.o
 .debug_macro   0x0001c827       0xe0 ./Core/Src/usart.o
 .debug_macro   0x0001c907      0x190 ./Core/Src/variables.o
 .debug_macro   0x0001ca97      0x18a ./Core/Src/voltageController.o
 .debug_macro   0x0001cc21      0x16e ./Drivers/STM32F4xx_HAL_Driver/Src/stm32f4xx_ll_adc.o
 .debug_macro   0x0001cd8f      0x10a ./Drivers/STM32F4xx_HAL_Driver/Src/stm32f4xx_ll_dac.o
 .debug_macro   0x0001ce99      0x247 ./Drivers/STM32F4xx_HAL_Driver/Src/stm32f4xx_ll_dac.o
 .debug_macro   0x0001d0e0      0x110 ./Drivers/STM32F4xx_HAL_Driver/Src/stm32f4xx_ll_gpio.o
 .debug_macro   0x0001d1f0      0x143 ./Drivers/STM32F4xx_HAL_Driver/Src/stm32f4xx_ll_gpio.o
 .debug_macro   0x0001d333       0xfb ./Drivers/STM32F4xx_HAL_Driver/Src/stm32f4xx_ll_rcc.o
 .debug_macro   0x0001d42e      0x77b ./Drivers/STM32F4xx_HAL_Driver/Src/stm32f4xx_ll_rcc.o
 .debug_macro   0x0001dba9      0x159 ./Drivers/STM32F4xx_HAL_Driver/Src/stm32f4xx_ll_tim.o
 .debug_macro   0x0001dd02      0x5ed ./Drivers/STM32F4xx_HAL_Driver/Src/stm32f4xx_ll_tim.o
 .debug_macro   0x0001e2ef      0x13d ./Drivers/STM32F4xx_HAL_Driver/Src/stm32f4xx_ll_usart.o
 .debug_macro   0x0001e42c      0x1b5 ./Drivers/STM32F4xx_HAL_Driver/Src/stm32f4xx_ll_usart.o
 .debug_macro   0x0001e5e1      0x1ae ./Drivers/STM32F4xx_HAL_Driver/Src/stm32f4xx_ll_utils.o
 .debug_macro   0x0001e78f       0x5b ./Drivers/STM32F4xx_HAL_Driver/Src/stm32f4xx_ll_utils.o

.debug_line     0x00000000     0xbea4
 .debug_line    0x00000000      0x6bd ./Core/Src/abc_to_dq.o
 .debug_line    0x000006bd      0x66a ./Core/Src/adc_readings.o
 .debug_line    0x00000d27      0x6fb ./Core/Src/averageCalculations.o
 .debug_line    0x00001422      0x538 ./Core/Src/counters.o
 .debug_line    0x0000195a      0x76d ./Core/Src/currentController.o
 .debug_line    0x000020c7      0x66e ./Core/Src/diagnostics.o
 .debug_line    0x00002735      0x78e ./Core/Src/dq_to_pwm.o
 .debug_line    0x00002ec3     0x1268 ./Core/Src/main.o
 .debug_line    0x0000412b      0x7d9 ./Core/Src/pll.o
 .debug_line    0x00004904      0x536 ./Core/Src/pll_lock.o
 .debug_line    0x00004e3a      0x7e1 ./Core/Src/rmsCalculations.o
 .debug_line    0x0000561b      0x667 ./Core/Src/stateControl.o
 .debug_line    0x00005c82      0xa1c ./Core/Src/stm32f4xx_it.o
 .debug_line    0x0000669e      0x566 ./Core/Src/system_stm32f4xx.o
 .debug_line    0x00006c04      0x6f3 ./Core/Src/usart.o
 .debug_line    0x000072f7      0x633 ./Core/Src/variables.o
 .debug_line    0x0000792a      0x6d3 ./Core/Src/voltageController.o
 .debug_line    0x00007ffd       0x7a ./Core/Startup/startup_stm32f407vgtx.o
 .debug_line    0x00008077      0x7d9 ./Drivers/STM32F4xx_HAL_Driver/Src/stm32f4xx_ll_adc.o
 .debug_line    0x00008850      0x60a ./Drivers/STM32F4xx_HAL_Driver/Src/stm32f4xx_ll_dac.o
 .debug_line    0x00008e5a      0x8e3 ./Drivers/STM32F4xx_HAL_Driver/Src/stm32f4xx_ll_gpio.o
 .debug_line    0x0000973d      0xa20 ./Drivers/STM32F4xx_HAL_Driver/Src/stm32f4xx_ll_rcc.o
 .debug_line    0x0000a15d      0xb81 ./Drivers/STM32F4xx_HAL_Driver/Src/stm32f4xx_ll_tim.o
 .debug_line    0x0000acde      0x789 ./Drivers/STM32F4xx_HAL_Driver/Src/stm32f4xx_ll_usart.o
 .debug_line    0x0000b467      0xa3d ./Drivers/STM32F4xx_HAL_Driver/Src/stm32f4xx_ll_utils.o

.debug_str      0x00000000    0xabb5e
 .debug_str     0x00000000    0xabb5e ./Core/Src/abc_to_dq.o
                              0x8cd78 (size before relaxing)
 .debug_str     0x000abb5e    0x8910f ./Core/Src/adc_readings.o
 .debug_str     0x000abb5e    0x8ce27 ./Core/Src/averageCalculations.o
 .debug_str     0x000abb5e    0x88fbd ./Core/Src/counters.o
 .debug_str     0x000abb5e    0x8ce89 ./Core/Src/currentController.o
 .debug_str     0x000abb5e    0x89167 ./Core/Src/diagnostics.o
 .debug_str     0x000abb5e    0x8cf0b ./Core/Src/dq_to_pwm.o
 .debug_str     0x000abb5e    0xa4554 ./Core/Src/main.o
 .debug_str     0x000abb5e    0x8cd68 ./Core/Src/pll.o
 .debug_str     0x000abb5e    0x890d9 ./Core/Src/pll_lock.o
 .debug_str     0x000abb5e    0x8ce83 ./Core/Src/rmsCalculations.o
 .debug_str     0x000abb5e    0x89195 ./Core/Src/stateControl.o
 .debug_str     0x000abb5e    0xa34dd ./Core/Src/stm32f4xx_it.o
 .debug_str     0x000abb5e    0x88746 ./Core/Src/system_stm32f4xx.o
 .debug_str     0x000abb5e    0x890f0 ./Core/Src/usart.o
 .debug_str     0x000abb5e    0x8d526 ./Core/Src/variables.o
 .debug_str     0x000abb5e    0x8cdde ./Core/Src/voltageController.o
 .debug_str     0x000abb5e       0x88 ./Core/Startup/startup_stm32f407vgtx.o
 .debug_str     0x000abb5e    0x93801 ./Drivers/STM32F4xx_HAL_Driver/Src/stm32f4xx_ll_adc.o
 .debug_str     0x000abb5e    0x8b4e7 ./Drivers/STM32F4xx_HAL_Driver/Src/stm32f4xx_ll_dac.o
 .debug_str     0x000abb5e    0x8a16c ./Drivers/STM32F4xx_HAL_Driver/Src/stm32f4xx_ll_gpio.o
 .debug_str     0x000abb5e    0x8cc58 ./Drivers/STM32F4xx_HAL_Driver/Src/stm32f4xx_ll_rcc.o
 .debug_str     0x000abb5e    0x8d876 ./Drivers/STM32F4xx_HAL_Driver/Src/stm32f4xx_ll_tim.o
 .debug_str     0x000abb5e    0x8ea9a ./Drivers/STM32F4xx_HAL_Driver/Src/stm32f4xx_ll_usart.o
 .debug_str     0x000abb5e    0x8f3ee ./Drivers/STM32F4xx_HAL_Driver/Src/stm32f4xx_ll_utils.o

.comment        0x00000000       0x43
 .comment       0x00000000       0x43 ./Core/Src/abc_to_dq.o
                                 0x44 (size before relaxing)
 .comment       0x00000043       0x44 ./Core/Src/adc_readings.o
 .comment       0x00000043       0x44 ./Core/Src/averageCalculations.o
 .comment       0x00000043       0x44 ./Core/Src/counters.o
 .comment       0x00000043       0x44 ./Core/Src/currentController.o
 .comment       0x00000043       0x44 ./Core/Src/diagnostics.o
 .comment       0x00000043       0x44 ./Core/Src/dq_to_pwm.o
 .comment       0x00000043       0x44 ./Core/Src/main.o
 .comment       0x00000043       0x44 ./Core/Src/pll.o
 .comment       0x00000043       0x44 ./Core/Src/pll_lock.o
 .comment       0x00000043       0x44 ./Core/Src/rmsCalculations.o
 .comment       0x00000043       0x44 ./Core/Src/stateControl.o
 .comment       0x00000043       0x44 ./Core/Src/stm32f4xx_it.o
 .comment       0x00000043       0x44 ./Core/Src/system_stm32f4xx.o
 .comment       0x00000043       0x44 ./Core/Src/usart.o
 .comment       0x00000043       0x44 ./Core/Src/variables.o
 .comment       0x00000043       0x44 ./Core/Src/voltageController.o
 .comment       0x00000043       0x44 ./Drivers/STM32F4xx_HAL_Driver/Src/stm32f4xx_ll_adc.o
 .comment       0x00000043       0x44 ./Drivers/STM32F4xx_HAL_Driver/Src/stm32f4xx_ll_dac.o
 .comment       0x00000043       0x44 ./Drivers/STM32F4xx_HAL_Driver/Src/stm32f4xx_ll_gpio.o
 .comment       0x00000043       0x44 ./Drivers/STM32F4xx_HAL_Driver/Src/stm32f4xx_ll_rcc.o
 .comment       0x00000043       0x44 ./Drivers/STM32F4xx_HAL_Driver/Src/stm32f4xx_ll_tim.o
 .comment       0x00000043       0x44 ./Drivers/STM32F4xx_HAL_Driver/Src/stm32f4xx_ll_usart.o
 .comment       0x00000043       0x44 ./Drivers/STM32F4xx_HAL_Driver/Src/stm32f4xx_ll_utils.o

.debug_frame    0x00000000     0x2a48
 .debug_frame   0x00000000       0x2c ./Core/Src/abc_to_dq.o
 .debug_frame   0x0000002c       0x34 ./Core/Src/adc_readings.o
 .debug_frame   0x00000060       0x50 ./Core/Src/averageCalculations.o
 .debug_frame   0x000000b0       0x50 ./Core/Src/counters.o
 .debug_frame   0x00000100       0x34 ./Core/Src/currentController.o
 .debug_frame   0x00000134       0x64 ./Core/Src/diagnostics.o
 .debug_frame   0x00000198       0x40 ./Core/Src/dq_to_pwm.o
 .debug_frame   0x000001d8      0x984 ./Core/Src/main.o
 .debug_frame   0x00000b5c       0x2c ./Core/Src/pll.o
 .debug_frame   0x00000b88       0x30 ./Core/Src/pll_lock.o
 .debug_frame   0x00000bb8       0x4c ./Core/Src/rmsCalculations.o
 .debug_frame   0x00000c04       0x6c ./Core/Src/stateControl.o
 .debug_frame   0x00000c70      0x1fc ./Core/Src/stm32f4xx_it.o
 .debug_frame   0x00000e6c       0x58 ./Core/Src/system_stm32f4xx.o
 .debug_frame   0x00000ec4       0x60 ./Core/Src/usart.o
 .debug_frame   0x00000f24       0x30 ./Core/Src/voltageController.o
 .debug_frame   0x00000f54      0x2cc ./Drivers/STM32F4xx_HAL_Driver/Src/stm32f4xx_ll_adc.o
 .debug_frame   0x00001220       0xf8 ./Drivers/STM32F4xx_HAL_Driver/Src/stm32f4xx_ll_dac.o
 .debug_frame   0x00001318      0x1c0 ./Drivers/STM32F4xx_HAL_Driver/Src/stm32f4xx_ll_gpio.o
 .debug_frame   0x000014d8      0x460 ./Drivers/STM32F4xx_HAL_Driver/Src/stm32f4xx_ll_rcc.o
 .debug_frame   0x00001938      0x538 ./Drivers/STM32F4xx_HAL_Driver/Src/stm32f4xx_ll_tim.o
 .debug_frame   0x00001e70      0x240 ./Drivers/STM32F4xx_HAL_Driver/Src/stm32f4xx_ll_usart.o
 .debug_frame   0x000020b0      0x3f8 ./Drivers/STM32F4xx_HAL_Driver/Src/stm32f4xx_ll_utils.o
 .debug_frame   0x000024a8      0x144 C:/ST/STM32CubeIDE_1.19.0/STM32CubeIDE/plugins/com.st.stm32cube.ide.mcu.externaltools.gnu-tools-for-stm32.13.3.rel1.win32_1.0.0.202411081344/tools/bin/../lib/gcc/arm-none-eabi/13.3.1/../../../../arm-none-eabi/lib/thumb/v7e-m+fp/hard\libc_nano.a(libc_a-findfp.o)
 .debug_frame   0x000025ec       0x20 C:/ST/STM32CubeIDE_1.19.0/STM32CubeIDE/plugins/com.st.stm32cube.ide.mcu.externaltools.gnu-tools-for-stm32.13.3.rel1.win32_1.0.0.202411081344/tools/bin/../lib/gcc/arm-none-eabi/13.3.1/../../../../arm-none-eabi/lib/thumb/v7e-m+fp/hard\libc_nano.a(libc_a-memset.o)
 .debug_frame   0x0000260c       0x20 C:/ST/STM32CubeIDE_1.19.0/STM32CubeIDE/plugins/com.st.stm32cube.ide.mcu.externaltools.gnu-tools-for-stm32.13.3.rel1.win32_1.0.0.202411081344/tools/bin/../lib/gcc/arm-none-eabi/13.3.1/../../../../arm-none-eabi/lib/thumb/v7e-m+fp/hard\libc_nano.a(libc_a-errno.o)
 .debug_frame   0x0000262c       0x2c C:/ST/STM32CubeIDE_1.19.0/STM32CubeIDE/plugins/com.st.stm32cube.ide.mcu.externaltools.gnu-tools-for-stm32.13.3.rel1.win32_1.0.0.202411081344/tools/bin/../lib/gcc/arm-none-eabi/13.3.1/../../../../arm-none-eabi/lib/thumb/v7e-m+fp/hard\libc_nano.a(libc_a-init.o)
 .debug_frame   0x00002658       0x38 C:/ST/STM32CubeIDE_1.19.0/STM32CubeIDE/plugins/com.st.stm32cube.ide.mcu.externaltools.gnu-tools-for-stm32.13.3.rel1.win32_1.0.0.202411081344/tools/bin/../lib/gcc/arm-none-eabi/13.3.1/../../../../arm-none-eabi/lib/thumb/v7e-m+fp/hard\libm.a(libm_a-wf_sqrt.o)
 .debug_frame   0x00002690       0x38 C:/ST/STM32CubeIDE_1.19.0/STM32CubeIDE/plugins/com.st.stm32cube.ide.mcu.externaltools.gnu-tools-for-stm32.13.3.rel1.win32_1.0.0.202411081344/tools/bin/../lib/gcc/arm-none-eabi/13.3.1/../../../../arm-none-eabi/lib/thumb/v7e-m+fp/hard\libm.a(libm_a-sf_cos.o)
 .debug_frame   0x000026c8       0x38 C:/ST/STM32CubeIDE_1.19.0/STM32CubeIDE/plugins/com.st.stm32cube.ide.mcu.externaltools.gnu-tools-for-stm32.13.3.rel1.win32_1.0.0.202411081344/tools/bin/../lib/gcc/arm-none-eabi/13.3.1/../../../../arm-none-eabi/lib/thumb/v7e-m+fp/hard\libm.a(libm_a-sf_sin.o)
 .debug_frame   0x00002700       0x20 C:/ST/STM32CubeIDE_1.19.0/STM32CubeIDE/plugins/com.st.stm32cube.ide.mcu.externaltools.gnu-tools-for-stm32.13.3.rel1.win32_1.0.0.202411081344/tools/bin/../lib/gcc/arm-none-eabi/13.3.1/../../../../arm-none-eabi/lib/thumb/v7e-m+fp/hard\libm.a(libm_a-ef_sqrt.o)
 .debug_frame   0x00002720       0x20 C:/ST/STM32CubeIDE_1.19.0/STM32CubeIDE/plugins/com.st.stm32cube.ide.mcu.externaltools.gnu-tools-for-stm32.13.3.rel1.win32_1.0.0.202411081344/tools/bin/../lib/gcc/arm-none-eabi/13.3.1/../../../../arm-none-eabi/lib/thumb/v7e-m+fp/hard\libm.a(libm_a-kf_cos.o)
 .debug_frame   0x00002740       0x20 C:/ST/STM32CubeIDE_1.19.0/STM32CubeIDE/plugins/com.st.stm32cube.ide.mcu.externaltools.gnu-tools-for-stm32.13.3.rel1.win32_1.0.0.202411081344/tools/bin/../lib/gcc/arm-none-eabi/13.3.1/../../../../arm-none-eabi/lib/thumb/v7e-m+fp/hard\libm.a(libm_a-kf_sin.o)
 .debug_frame   0x00002760       0x38 C:/ST/STM32CubeIDE_1.19.0/STM32CubeIDE/plugins/com.st.stm32cube.ide.mcu.externaltools.gnu-tools-for-stm32.13.3.rel1.win32_1.0.0.202411081344/tools/bin/../lib/gcc/arm-none-eabi/13.3.1/../../../../arm-none-eabi/lib/thumb/v7e-m+fp/hard\libm.a(libm_a-ef_rem_pio2.o)
 .debug_frame   0x00002798       0x20 C:/ST/STM32CubeIDE_1.19.0/STM32CubeIDE/plugins/com.st.stm32cube.ide.mcu.externaltools.gnu-tools-for-stm32.13.3.rel1.win32_1.0.0.202411081344/tools/bin/../lib/gcc/arm-none-eabi/13.3.1/../../../../arm-none-eabi/lib/thumb/v7e-m+fp/hard\libm.a(libm_a-sf_fabs.o)
 .debug_frame   0x000027b8       0x5c C:/ST/STM32CubeIDE_1.19.0/STM32CubeIDE/plugins/com.st.stm32cube.ide.mcu.externaltools.gnu-tools-for-stm32.13.3.rel1.win32_1.0.0.202411081344/tools/bin/../lib/gcc/arm-none-eabi/13.3.1/../../../../arm-none-eabi/lib/thumb/v7e-m+fp/hard\libm.a(libm_a-kf_rem_pio2.o)
 .debug_frame   0x00002814       0x20 C:/ST/STM32CubeIDE_1.19.0/STM32CubeIDE/plugins/com.st.stm32cube.ide.mcu.externaltools.gnu-tools-for-stm32.13.3.rel1.win32_1.0.0.202411081344/tools/bin/../lib/gcc/arm-none-eabi/13.3.1/../../../../arm-none-eabi/lib/thumb/v7e-m+fp/hard\libm.a(libm_a-sf_scalbn.o)
 .debug_frame   0x00002834       0x20 C:/ST/STM32CubeIDE_1.19.0/STM32CubeIDE/plugins/com.st.stm32cube.ide.mcu.externaltools.gnu-tools-for-stm32.13.3.rel1.win32_1.0.0.202411081344/tools/bin/../lib/gcc/arm-none-eabi/13.3.1/../../../../arm-none-eabi/lib/thumb/v7e-m+fp/hard\libm.a(libm_a-sf_floor.o)
 .debug_frame   0x00002854       0xac C:/ST/STM32CubeIDE_1.19.0/STM32CubeIDE/plugins/com.st.stm32cube.ide.mcu.externaltools.gnu-tools-for-stm32.13.3.rel1.win32_1.0.0.202411081344/tools/bin/../lib/gcc/arm-none-eabi/13.3.1/thumb/v7e-m+fp/hard\libgcc.a(_arm_addsubdf3.o)
 .debug_frame   0x00002900       0xc4 C:/ST/STM32CubeIDE_1.19.0/STM32CubeIDE/plugins/com.st.stm32cube.ide.mcu.externaltools.gnu-tools-for-stm32.13.3.rel1.win32_1.0.0.202411081344/tools/bin/../lib/gcc/arm-none-eabi/13.3.1/thumb/v7e-m+fp/hard\libgcc.a(_arm_cmpdf2.o)
 .debug_frame   0x000029c4       0x24 C:/ST/STM32CubeIDE_1.19.0/STM32CubeIDE/plugins/com.st.stm32cube.ide.mcu.externaltools.gnu-tools-for-stm32.13.3.rel1.win32_1.0.0.202411081344/tools/bin/../lib/gcc/arm-none-eabi/13.3.1/thumb/v7e-m+fp/hard\libgcc.a(_arm_truncdfsf2.o)
 .debug_frame   0x000029e8       0x2c C:/ST/STM32CubeIDE_1.19.0/STM32CubeIDE/plugins/com.st.stm32cube.ide.mcu.externaltools.gnu-tools-for-stm32.13.3.rel1.win32_1.0.0.202411081344/tools/bin/../lib/gcc/arm-none-eabi/13.3.1/thumb/v7e-m+fp/hard\libgcc.a(_aeabi_uldivmod.o)
 .debug_frame   0x00002a14       0x34 C:/ST/STM32CubeIDE_1.19.0/STM32CubeIDE/plugins/com.st.stm32cube.ide.mcu.externaltools.gnu-tools-for-stm32.13.3.rel1.win32_1.0.0.202411081344/tools/bin/../lib/gcc/arm-none-eabi/13.3.1/thumb/v7e-m+fp/hard\libgcc.a(_udivmoddi4.o)

.debug_line_str
                0x00000000       0x6c
 .debug_line_str
                0x00000000       0x6c ./Core/Startup/startup_stm32f407vgtx.o
