../Core/Src/main.c:85:5:main	8	static
../Core/Src/main.c:153:6:SystemClock_Config	88	static
../Core/Src/main.c:200:13:MX_ADC1_Init	24	static
../Core/Src/main.c:315:13:MX_DAC_Init	16	static
../Core/Src/main.c:362:13:MX_TIM2_Init	32	static
../Core/Src/main.c:407:13:MX_TIM3_Init	32	static
../Core/Src/main.c:454:13:MX_TIM8_Init	96	static
../Core/Src/main.c:535:13:MX_DMA_Init	16	static
../Core/Src/main.c:553:13:MX_GPIO_Init	24	static
../Core/Src/main.c:573:6:HAL_TIM_PeriodElapsedCallback	16	static
../Core/Src/main.c:592:6:Error_Handler	4	static,ignoring_inline_asm
