../Core/Src/main.c:85:5:main	8	static
../Core/Src/main.c:151:6:SystemClock_Config	88	static
../Core/Src/main.c:198:13:MX_ADC1_Init	24	static
../Core/Src/main.c:313:13:MX_DAC_Init	16	static
../Core/Src/main.c:360:13:MX_TIM2_Init	32	static
../Core/Src/main.c:405:13:MX_TIM3_Init	32	static
../Core/Src/main.c:450:13:MX_TIM8_Init	96	static
../Core/Src/main.c:531:13:MX_DMA_Init	16	static
../Core/Src/main.c:549:13:MX_GPIO_Init	24	static
../Core/Src/main.c:569:6:HAL_TIM_PeriodElapsedCallback	16	static
../Core/Src/main.c:588:6:Error_Handler	4	static,ignoring_inline_asm
